../Core/Src/SD_IO.c:35:6:SD_Init	40	static
../Core/Src/SD_IO.c:51:6:SD_Buffer_Reset	8	static
../Core/Src/SD_IO.c:61:6:SD_Test	280	static
../Core/Src/SD_IO.c:89:6:HAL_SD_TxCpltCallback	16	static
../Core/Src/SD_IO.c:94:6:HAL_SD_RxCpltCallback	16	static
../Core/Src/SD_IO.c:99:6:HAL_SD_ErrorCallback	16	static
../Core/Src/SD_IO.c:104:5:SD_Check_Card_State	8	static
../Core/Src/SD_IO.c:121:5:SD_Check_State	8	static
../Core/Src/SD_IO.c:137:5:SD_Write_DMA_Async	24	static
../Core/Src/SD_IO.c:156:5:SD_Read_DMA_Async	24	static
