../Libs/tinyusb/src/tusb.c:48:19:tusb_time_delay_ms_api	24	static
../Libs/tinyusb/src/tusb.c:58:20:tusb_app_virt_to_phys	16	static
../Libs/tinyusb/src/tusb.c:62:20:tusb_app_phys_to_virt	16	static
../Libs/tinyusb/src/tusb.c:69:6:tusb_rhport_init	32	static,ignoring_inline_asm
../Libs/tinyusb/src/tusb.c:116:6:tusb_inited	16	static
../Libs/tinyusb/src/tusb.c:134:6:tusb_int_handler	16	static
../Libs/tinyusb/src/tusb.c:151:6:tusb_deinit	24	static,ignoring_inline_asm
../Libs/tinyusb/src/tusb.c:178:16:tu_desc_find	24	static
../Libs/tinyusb/src/tusb.c:188:16:tu_desc_find2	24	static
../Libs/tinyusb/src/tusb.c:198:16:tu_desc_find3	24	static
../Libs/tinyusb/src/tusb.c:212:6:tu_edpt_claim	24	static
../Libs/tinyusb/src/tusb.c:230:6:tu_edpt_release	24	static
../Libs/tinyusb/src/tusb.c:244:6:tu_edpt_validate	48	static,ignoring_inline_asm
../Libs/tinyusb/src/tusb.c:287:6:tu_edpt_bind_driver	56	static
../Libs/tinyusb/src/tusb.c:302:10:tu_desc_get_interface_total_len	64	static
../Libs/tinyusb/src/tusb.c:337:6:tu_edpt_stream_init	24	static
../Libs/tinyusb/src/tusb.c:357:6:tu_edpt_stream_deinit	16	static
../Libs/tinyusb/src/tusb.c:416:6:tu_edpt_stream_write_zlp_if_needed	80	static,ignoring_inline_asm
../Libs/tinyusb/src/tusb.c:425:10:tu_edpt_stream_write_xfer	88	static,ignoring_inline_asm
../Libs/tinyusb/src/tusb.c:449:10:tu_edpt_stream_write	120	static,ignoring_inline_asm
../Libs/tinyusb/src/tusb.c:480:10:tu_edpt_stream_write_available	48	static
../Libs/tinyusb/src/tusb.c:502:10:tu_edpt_stream_read_xfer	136	static,ignoring_inline_asm
../Libs/tinyusb/src/tusb.c:535:10:tu_edpt_stream_read	40	static
