../Core/Src/main.c:121:5:_write	24	static
../Core/Src/main.c:127:6:HAL_TIM_OC_DelayElapsedCallback	16	static
../Core/Src/main.c:133:6:HAL_GPIO_EXTI_Callback	16	static
../Core/Src/main.c:145:6:mod_change_watchdog	8	static
../Core/Src/main.c:188:6:cdc_task	24	static
../Core/Src/main.c:201:6:Test_func	8	static
../Core/Src/main.c:218:6:HAL_UARTEx_RxEventCallback	32	static
../Core/Src/main.c:257:6:test_watchdog	8	static
../Core/Src/main.c:264:12:Encoder_GetStep	24	static
../Core/Src/main.c:294:5:main	16	static
../Core/Src/main.c:388:6:SystemClock_Config	88	static
../Core/Src/main.c:431:13:MX_SDIO_SD_Init	8	static
../Core/Src/main.c:464:13:MX_SPI1_Init	8	static
../Core/Src/main.c:500:13:MX_TIM2_Init	56	static
../Core/Src/main.c:547:13:MX_TIM5_Init	48	static
../Core/Src/main.c:592:13:MX_TIM9_Init	40	static
../Core/Src/main.c:630:13:MX_TIM10_Init	40	static
../Core/Src/main.c:672:13:MX_TIM11_Init	40	static
../Core/Src/main.c:714:13:MX_USART2_UART_Init	8	static
../Core/Src/main.c:745:13:MX_USB_OTG_FS_PCD_Init	8	static
../Core/Src/main.c:776:13:MX_DMA_Init	16	static
../Core/Src/main.c:803:13:MX_GPIO_Init	48	static
../Core/Src/main.c:867:6:Error_Handler	8	static,ignoring_inline_asm
