../Core/Src/oled.c:45:20:OLED_DC_Cmd	8	static
../Core/Src/oled.c:46:20:OLED_DC_Data	8	static
../Core/Src/oled.c:48:13:OLED_SendCmd	16	static
../Core/Src/oled.c:54:13:OLED_SendCmdList	16	static
../Core/Src/oled.c:60:13:OLED_SendData	16	static
../Core/Src/oled.c:66:13:OLED_ResetPulse	8	static
../Core/Src/oled.c:76:6:OLED_Init	56	static
../Core/Src/oled.c:112:6:OLED_Clear	8	static
../Core/Src/oled.c:117:6:OLED_Fill	16	static
../Core/Src/oled.c:122:6:OLED_Update	16	static
../Core/Src/oled.c:135:13:OLED_DrawChar	32	static
../Core/Src/oled.c:151:6:OLED_DrawStr	16	static
../Core/Src/oled.c:160:13:OLED_SetPixel	32	static
../Core/Src/oled.c:169:13:OLED_DrawChar2x	40	static
../Core/Src/oled.c:187:6:OLED_DrawStr2x	24	static
