../Core/Src/sd_io.c:33:6:SD_Init	40	static
../Core/Src/sd_io.c:49:6:SD_Buffer_Reset	8	static
../Core/Src/sd_io.c:59:6:SD_Test	280	static
../Core/Src/sd_io.c:87:6:HAL_SD_TxCpltCallback	16	static
../Core/Src/sd_io.c:92:6:HAL_SD_RxCpltCallback	16	static
../Core/Src/sd_io.c:97:6:HAL_SD_ErrorCallback	16	static
../Core/Src/sd_io.c:102:5:SD_Check_Card_State	8	static
../Core/Src/sd_io.c:119:5:SD_Check_State	8	static
../Core/Src/sd_io.c:135:5:SD_Write_DMA_Async	24	static
../Core/Src/sd_io.c:154:5:SD_Read_DMA_Async	24	static
