Archive member included to satisfy reference by file (symbol)

C:/ST/STM32CubeIDE_1.19.0/STM32CubeIDE/plugins/com.st.stm32cube.ide.mcu.externaltools.gnu-tools-for-stm32.13.3.rel1.win32_1.0.0.202411081344/tools/bin/../lib/gcc/arm-none-eabi/13.3.1/../../../../arm-none-eabi/lib/thumb/v7e-m+fp/hard\libc_nano.a(libc_a-exit.o)
                              C:/ST/STM32CubeIDE_1.19.0/STM32CubeIDE/plugins/com.st.stm32cube.ide.mcu.externaltools.gnu-tools-for-stm32.13.3.rel1.win32_1.0.0.202411081344/tools/bin/../lib/gcc/arm-none-eabi/13.3.1/../../../../arm-none-eabi/lib/thumb/v7e-m+fp/hard/crt0.o (exit)
C:/ST/STM32CubeIDE_1.19.0/STM32CubeIDE/plugins/com.st.stm32cube.ide.mcu.externaltools.gnu-tools-for-stm32.13.3.rel1.win32_1.0.0.202411081344/tools/bin/../lib/gcc/arm-none-eabi/13.3.1/../../../../arm-none-eabi/lib/thumb/v7e-m+fp/hard\libc_nano.a(libc_a-findfp.o)
                              C:/ST/STM32CubeIDE_1.19.0/STM32CubeIDE/plugins/com.st.stm32cube.ide.mcu.externaltools.gnu-tools-for-stm32.13.3.rel1.win32_1.0.0.202411081344/tools/bin/../lib/gcc/arm-none-eabi/13.3.1/../../../../arm-none-eabi/lib/thumb/v7e-m+fp/hard\libc_nano.a(libc_a-exit.o) (__stdio_exit_handler)
C:/ST/STM32CubeIDE_1.19.0/STM32CubeIDE/plugins/com.st.stm32cube.ide.mcu.externaltools.gnu-tools-for-stm32.13.3.rel1.win32_1.0.0.202411081344/tools/bin/../lib/gcc/arm-none-eabi/13.3.1/../../../../arm-none-eabi/lib/thumb/v7e-m+fp/hard\libc_nano.a(libc_a-fwalk.o)
                              C:/ST/STM32CubeIDE_1.19.0/STM32CubeIDE/plugins/com.st.stm32cube.ide.mcu.externaltools.gnu-tools-for-stm32.13.3.rel1.win32_1.0.0.202411081344/tools/bin/../lib/gcc/arm-none-eabi/13.3.1/../../../../arm-none-eabi/lib/thumb/v7e-m+fp/hard\libc_nano.a(libc_a-findfp.o) (_fwalk_sglue)
C:/ST/STM32CubeIDE_1.19.0/STM32CubeIDE/plugins/com.st.stm32cube.ide.mcu.externaltools.gnu-tools-for-stm32.13.3.rel1.win32_1.0.0.202411081344/tools/bin/../lib/gcc/arm-none-eabi/13.3.1/../../../../arm-none-eabi/lib/thumb/v7e-m+fp/hard\libc_nano.a(libc_a-stdio.o)
                              C:/ST/STM32CubeIDE_1.19.0/STM32CubeIDE/plugins/com.st.stm32cube.ide.mcu.externaltools.gnu-tools-for-stm32.13.3.rel1.win32_1.0.0.202411081344/tools/bin/../lib/gcc/arm-none-eabi/13.3.1/../../../../arm-none-eabi/lib/thumb/v7e-m+fp/hard\libc_nano.a(libc_a-findfp.o) (__sread)
C:/ST/STM32CubeIDE_1.19.0/STM32CubeIDE/plugins/com.st.stm32cube.ide.mcu.externaltools.gnu-tools-for-stm32.13.3.rel1.win32_1.0.0.202411081344/tools/bin/../lib/gcc/arm-none-eabi/13.3.1/../../../../arm-none-eabi/lib/thumb/v7e-m+fp/hard\libc_nano.a(libc_a-memmove.o)
                              ./Libs/tinyusb/src/class/msc/msc_device.o (memmove)
C:/ST/STM32CubeIDE_1.19.0/STM32CubeIDE/plugins/com.st.stm32cube.ide.mcu.externaltools.gnu-tools-for-stm32.13.3.rel1.win32_1.0.0.202411081344/tools/bin/../lib/gcc/arm-none-eabi/13.3.1/../../../../arm-none-eabi/lib/thumb/v7e-m+fp/hard\libc_nano.a(libc_a-memset.o)
                              C:/ST/STM32CubeIDE_1.19.0/STM32CubeIDE/plugins/com.st.stm32cube.ide.mcu.externaltools.gnu-tools-for-stm32.13.3.rel1.win32_1.0.0.202411081344/tools/bin/../lib/gcc/arm-none-eabi/13.3.1/../../../../arm-none-eabi/lib/thumb/v7e-m+fp/hard/crt0.o (memset)
C:/ST/STM32CubeIDE_1.19.0/STM32CubeIDE/plugins/com.st.stm32cube.ide.mcu.externaltools.gnu-tools-for-stm32.13.3.rel1.win32_1.0.0.202411081344/tools/bin/../lib/gcc/arm-none-eabi/13.3.1/../../../../arm-none-eabi/lib/thumb/v7e-m+fp/hard\libc_nano.a(libc_a-strstr.o)
                              ./Core/Src/msc.o (strstr)
C:/ST/STM32CubeIDE_1.19.0/STM32CubeIDE/plugins/com.st.stm32cube.ide.mcu.externaltools.gnu-tools-for-stm32.13.3.rel1.win32_1.0.0.202411081344/tools/bin/../lib/gcc/arm-none-eabi/13.3.1/../../../../arm-none-eabi/lib/thumb/v7e-m+fp/hard\libc_nano.a(libc_a-closer.o)
                              C:/ST/STM32CubeIDE_1.19.0/STM32CubeIDE/plugins/com.st.stm32cube.ide.mcu.externaltools.gnu-tools-for-stm32.13.3.rel1.win32_1.0.0.202411081344/tools/bin/../lib/gcc/arm-none-eabi/13.3.1/../../../../arm-none-eabi/lib/thumb/v7e-m+fp/hard\libc_nano.a(libc_a-stdio.o) (_close_r)
C:/ST/STM32CubeIDE_1.19.0/STM32CubeIDE/plugins/com.st.stm32cube.ide.mcu.externaltools.gnu-tools-for-stm32.13.3.rel1.win32_1.0.0.202411081344/tools/bin/../lib/gcc/arm-none-eabi/13.3.1/../../../../arm-none-eabi/lib/thumb/v7e-m+fp/hard\libc_nano.a(libc_a-reent.o)
                              C:/ST/STM32CubeIDE_1.19.0/STM32CubeIDE/plugins/com.st.stm32cube.ide.mcu.externaltools.gnu-tools-for-stm32.13.3.rel1.win32_1.0.0.202411081344/tools/bin/../lib/gcc/arm-none-eabi/13.3.1/../../../../arm-none-eabi/lib/thumb/v7e-m+fp/hard\libc_nano.a(libc_a-closer.o) (errno)
C:/ST/STM32CubeIDE_1.19.0/STM32CubeIDE/plugins/com.st.stm32cube.ide.mcu.externaltools.gnu-tools-for-stm32.13.3.rel1.win32_1.0.0.202411081344/tools/bin/../lib/gcc/arm-none-eabi/13.3.1/../../../../arm-none-eabi/lib/thumb/v7e-m+fp/hard\libc_nano.a(libc_a-impure.o)
[...]
Memory Configuration

Name             Origin             Length             Attributes
RAM              0x20000000         0x00020000         xrw
FLASH            0x08000000         0x00080000         xr
*default*        0x00000000         0xffffffff

Linker script and memory map

LOAD C:/ST/STM32CubeIDE_1.19.0/STM32CubeIDE/plugins/com.st.stm32cube.ide.mcu.externaltools.gnu-tools-for-stm32.13.3.rel1.win32_1.0.0.202411081344/tools/bin/../lib/gcc/arm-none-eabi/13.3.1/thumb/v7e-m+fp/hard/crti.o
LOAD C:/ST/STM32CubeIDE_1.19.0/STM32CubeIDE/plugins/com.st.stm32cube.ide.mcu.externaltools.gnu-tools-for-stm32.13.3.rel1.win32_1.0.0.202411081344/tools/bin/../lib/gcc/arm-none-eabi/13.3.1/thumb/v7e-m+fp/hard/crtbegin.o
LOAD C:/ST/STM32CubeIDE_1.19.0/STM32CubeIDE/plugins/com.st.stm32cube.ide.mcu.externaltools.gnu-tools-for-stm32.13.3.rel1.win32_1.0.0.202411081344/tools/bin/../lib/gcc/arm-none-eabi/13.3.1/../../../../arm-none-eabi/lib/thumb/v7e-m+fp/hard/crt0.o
LOAD ./Core/Src/main.o
LOAD ./Core/Src/msc.o
LOAD ./Core/Src/stm32f4xx_hal_msp.o
LOAD ./Core/Src/stm32f4xx_it.o
LOAD ./Core/Src/syscalls.o
LOAD ./Core/Src/sysmem.o
LOAD ./Core/Src/system_stm32f4xx.o
LOAD ./Core/Src/usb_descriptors.o
LOAD ./Core/Startup/startup_stm32f411retx.o
LOAD ./Drivers/STM32F4xx_HAL_Driver/Src/stm32f4xx_hal.o
LOAD ./Drivers/STM32F4xx_HAL_Driver/Src/stm32f4xx_hal_cortex.o
LOAD ./Drivers/STM32F4xx_HAL_Driver/Src/stm32f4xx_hal_dma.o
LOAD ./Drivers/STM32F4xx_HAL_Driver/Src/stm32f4xx_hal_dma_ex.o
LOAD ./Drivers/STM32F4xx_HAL_Driver/Src/stm32f4xx_hal_exti.o
LOAD ./Drivers/STM32F4xx_HAL_Driver/Src/stm32f4xx_hal_flash.o
LOAD ./Drivers/STM32F4xx_HAL_Driver/Src/stm32f4xx_hal_flash_ex.o
LOAD ./Drivers/STM32F4xx_HAL_Driver/Src/stm32f4xx_hal_flash_ramfunc.o
LOAD ./Drivers/STM32F4xx_HAL_Driver/Src/stm32f4xx_hal_gpio.o
LOAD ./Drivers/STM32F4xx_HAL_Driver/Src/stm32f4xx_hal_pcd.o
LOAD ./Drivers/STM32F4xx_HAL_Driver/Src/stm32f4xx_hal_pcd_ex.o
LOAD ./Drivers/STM32F4xx_HAL_Driver/Src/stm32f4xx_hal_pwr.o
LOAD ./Drivers/STM32F4xx_HAL_Driver/Src/stm32f4xx_hal_pwr_ex.o
LOAD ./Drivers/STM32F4xx_HAL_Driver/Src/stm32f4xx_hal_rcc.o
LOAD ./Drivers/STM32F4xx_HAL_Driver/Src/stm32f4xx_hal_rcc_ex.o
LOAD ./Drivers/STM32F4xx_HAL_Driver/Src/stm32f4xx_hal_uart.o
LOAD ./Drivers/STM32F4xx_HAL_Driver/Src/stm32f4xx_ll_usb.o
LOAD ./Libs/tinyusb/src/class/audio/audio_device.o
LOAD ./Libs/tinyusb/src/class/bth/bth_device.o
LOAD ./Libs/tinyusb/src/class/cdc/cdc_device.o
LOAD ./Libs/tinyusb/src/class/cdc/cdc_host.o
LOAD ./Libs/tinyusb/src/class/cdc/cdc_rndis_host.o
LOAD ./Libs/tinyusb/src/class/dfu/dfu_device.o
LOAD ./Libs/tinyusb/src/class/dfu/dfu_rt_device.o
LOAD ./Libs/tinyusb/src/class/hid/hid_device.o
LOAD ./Libs/tinyusb/src/class/hid/hid_host.o
LOAD ./Libs/tinyusb/src/class/midi/midi_device.o
LOAD ./Libs/tinyusb/src/class/midi/midi_host.o
LOAD ./Libs/tinyusb/src/class/msc/msc_device.o
LOAD ./Libs/tinyusb/src/class/msc/msc_host.o
LOAD ./Libs/tinyusb/src/class/mtp/mtp_device.o
LOAD ./Libs/tinyusb/src/class/net/ecm_rndis_device.o
LOAD ./Libs/tinyusb/src/class/net/ncm_device.o
LOAD ./Libs/tinyusb/src/class/usbtmc/usbtmc_device.o
LOAD ./Libs/tinyusb/src/class/vendor/vendor_device.o
LOAD ./Libs/tinyusb/src/class/vendor/vendor_host.o
LOAD ./Libs/tinyusb/src/class/video/video_device.o
LOAD ./Libs/tinyusb/src/common/tusb_fifo.o
LOAD ./Libs/tinyusb/src/device/usbd.o
LOAD ./Libs/tinyusb/src/device/usbd_control.o
LOAD ./Libs/tinyusb/src/host/hub.o
LOAD ./Libs/tinyusb/src/host/usbh.o
LOAD ./Libs/tinyusb/src/portable/analog/max3421/hcd_max3421.o
LOAD ./Libs/tinyusb/src/portable/bridgetek/ft9xx/dcd_ft9xx.o
LOAD ./Libs/tinyusb/src/portable/chipidea/ci_fs/dcd_ci_fs.o
LOAD ./Libs/tinyusb/src/portable/chipidea/ci_hs/dcd_ci_hs.o
LOAD ./Libs/tinyusb/src/portable/chipidea/ci_hs/hcd_ci_hs.o
LOAD ./Libs/tinyusb/src/portable/dialog/da146xx/dcd_da146xx.o
LOAD ./Libs/tinyusb/src/portable/ehci/ehci.o
LOAD ./Libs/tinyusb/src/portable/mentor/musb/dcd_musb.o
LOAD ./Libs/tinyusb/src/portable/mentor/musb/hcd_musb.o
LOAD ./Libs/tinyusb/src/portable/microchip/pic/dcd_pic.o
LOAD ./Libs/tinyusb/src/portable/microchip/pic32mz/dcd_pic32mz.o
LOAD ./Libs/tinyusb/src/portable/microchip/samd/dcd_samd.o
LOAD ./Libs/tinyusb/src/portable/microchip/samd/hcd_samd.o
LOAD ./Libs/tinyusb/src/portable/microchip/samg/dcd_samg.o
LOAD ./Libs/tinyusb/src/portable/microchip/samx7x/dcd_samx7x.o
LOAD ./Libs/tinyusb/src/portable/mindmotion/mm32/dcd_mm32f327x_otg.o
LOAD ./Libs/tinyusb/src/portable/nordic/nrf5x/dcd_nrf5x.o
LOAD ./Libs/tinyusb/src/portable/nuvoton/nuc120/dcd_nuc120.o
LOAD ./Libs/tinyusb/src/portable/nuvoton/nuc121/dcd_nuc121.o
LOAD ./Libs/tinyusb/src/portable/nuvoton/nuc505/dcd_nuc505.o
LOAD ./Libs/tinyusb/src/portable/nxp/khci/dcd_khci.o
LOAD ./Libs/tinyusb/src/portable/nxp/khci/hcd_khci.o
LOAD ./Libs/tinyusb/src/portable/nxp/lpc17_40/dcd_lpc17_40.o
LOAD ./Libs/tinyusb/src/portable/nxp/lpc_ip3511/dcd_lpc_ip3511.o
LOAD ./Libs/tinyusb/src/portable/ohci/ohci.o
LOAD ./Libs/tinyusb/src/portable/raspberrypi/pio_usb/dcd_pio_usb.o
LOAD ./Libs/tinyusb/src/portable/raspberrypi/pio_usb/hcd_pio_usb.o
LOAD ./Libs/tinyusb/src/portable/raspberrypi/rp2040/dcd_rp2040.o
LOAD ./Libs/tinyusb/src/portable/raspberrypi/rp2040/hcd_rp2040.o
LOAD ./Libs/tinyusb/src/portable/raspberrypi/rp2040/rp2040_usb.o
LOAD ./Libs/tinyusb/src/portable/renesas/rusb2/dcd_rusb2.o
LOAD ./Libs/tinyusb/src/portable/renesas/rusb2/hcd_rusb2.o
LOAD ./Libs/tinyusb/src/portable/renesas/rusb2/rusb2_common.o
LOAD ./Libs/tinyusb/src/portable/sony/cxd56/dcd_cxd56.o
LOAD ./Libs/tinyusb/src/portable/st/stm32_fsdev/dcd_stm32_fsdev.o
LOAD ./Libs/tinyusb/src/portable/st/typec/typec_stm32.o
LOAD ./Libs/tinyusb/src/portable/sunxi/dcd_sunxi_musb.o
LOAD ./Libs/tinyusb/src/portable/synopsys/dwc2/dcd_dwc2.o
LOAD ./Libs/tinyusb/src/portable/synopsys/dwc2/dwc2_common.o
LOAD ./Libs/tinyusb/src/portable/synopsys/dwc2/hcd_dwc2.o
LOAD ./Libs/tinyusb/src/portable/template/dcd_template.o
LOAD ./Libs/tinyusb/src/portable/template/hcd_template.o
LOAD ./Libs/tinyusb/src/portable/ti/msp430x5xx/dcd_msp430x5xx.o
LOAD ./Libs/tinyusb/src/portable/valentyusb/eptri/dcd_eptri.o
LOAD ./Libs/tinyusb/src/portable/wch/dcd_ch32_usbfs.o
LOAD ./Libs/tinyusb/src/portable/wch/dcd_ch32_usbhs.o
LOAD ./Libs/tinyusb/src/portable/wch/hcd_ch32_usbfs.o
LOAD ./Libs/tinyusb/src/tusb.o
LOAD ./Libs/tinyusb/src/typec/usbc.o
START GROUP
LOAD C:/ST/STM32CubeIDE_1.19.0/STM32CubeIDE/plugins/com.st.stm32cube.ide.mcu.externaltools.gnu-tools-for-stm32.13.3.rel1.win32_1.0.0.202411081344/tools/bin/../lib/gcc/arm-none-eabi/13.3.1/../../../../arm-none-eabi/lib/thumb/v7e-m+fp/hard\libc_nano.a
LOAD C:/ST/STM32CubeIDE_1.19.0/STM32CubeIDE/plugins/com.st.stm32cube.ide.mcu.externaltools.gnu-tools-for-stm32.13.3.rel1.win32_1.0.0.202411081344/tools/bin/../lib/gcc/arm-none-eabi/13.3.1/../../../../arm-none-eabi/lib/thumb/v7e-m+fp/hard\libm.a
END GROUP
START GROUP
LOAD C:/ST/STM32CubeIDE_1.19.0/STM32CubeIDE/plugins/com.st.stm32cube.ide.mcu.externaltools.gnu-tools-for-stm32.13.3.rel1.win32_1.0.0.202411081344/tools/bin/../lib/gcc/arm-none-eabi/13.3.1/thumb/v7e-m+fp/hard\libgcc.a
LOAD C:/ST/STM32CubeIDE_1.19.0/STM32CubeIDE/plugins/com.st.stm32cube.ide.mcu.externaltools.gnu-tools-for-stm32.13.3.rel1.win32_1.0.0.202411081344/tools/bin/../lib/gcc/arm-none-eabi/13.3.1/../../../../arm-none-eabi/lib/thumb/v7e-m+fp/hard\libc_nano.a
END GROUP
START GROUP
LOAD C:/ST/STM32CubeIDE_1.19.0/STM32CubeIDE/plugins/com.st.stm32cube.ide.mcu.externaltools.gnu-tools-for-stm32.13.3.rel1.win32_1.0.0.202411081344/tools/bin/../lib/gcc/arm-none-eabi/13.3.1/thumb/v7e-m+fp/hard\libgcc.a
LOAD C:/ST/STM32CubeIDE_1.19.0/STM32CubeIDE/plugins/com.st.stm32cube.ide.mcu.externaltools.gnu-tools-for-stm32.13.3.rel1.win32_1.0.0.202411081344/tools/bin/../lib/gcc/arm-none-eabi/13.3.1/../../../../arm-none-eabi/lib/thumb/v7e-m+fp/hard\libc_nano.a
LOAD C:/ST/STM32CubeIDE_1.19.0/STM32CubeIDE/plugins/com.st.stm32cube.ide.mcu.externaltools.gnu-tools-for-stm32.13.3.rel1.win32_1.0.0.202411081344/tools/bin/../lib/gcc/arm-none-eabi/13.3.1/../../../../arm-none-eabi/lib/thumb/v7e-m+fp/hard\libnosys.a
END GROUP
START GROUP
LOAD C:/ST/STM32CubeIDE_1.19.0/STM32CubeIDE/plugins/com.st.stm32cube.ide.mcu.externaltools.gnu-tools-for-stm32.13.3.rel1.win32_1.0.0.202411081344/tools/bin/../lib/gcc/arm-none-eabi/13.3.1/thumb/v7e-m+fp/hard\libgcc.a
LOAD C:/ST/STM32CubeIDE_1.19.0/STM32CubeIDE/plugins/com.st.stm32cube.ide.mcu.externaltools.gnu-tools-for-stm32.13.3.rel1.win32_1.0.0.202411081344/tools/bin/../lib/gcc/arm-none-eabi/13.3.1/../../../../arm-none-eabi/lib/thumb/v7e-m+fp/hard\libc_nano.a
LOAD C:/ST/STM32CubeIDE_1.19.0/STM32CubeIDE/plugins/com.st.stm32cube.ide.mcu.externaltools.gnu-tools-for-stm32.13.3.rel1.win32_1.0.0.202411081344/tools/bin/../lib/gcc/arm-none-eabi/13.3.1/../../../../arm-none-eabi/lib/thumb/v7e-m+fp/hard\libnosys.a
END GROUP
LOAD C:/ST/STM32CubeIDE_1.19.0/STM32CubeIDE/plugins/com.st.stm32cube.ide.mcu.externaltools.gnu-tools-for-stm32.13.3.rel1.win32_1.0.0.202411081344/tools/bin/../lib/gcc/arm-none-eabi/13.3.1/thumb/v7e-m+fp/hard/crtend.o
LOAD C:/ST/STM32CubeIDE_1.19.0/STM32CubeIDE/plugins/com.st.stm32cube.ide.mcu.externaltools.gnu-tools-for-stm32.13.3.rel1.win32_1.0.0.202411081344/tools/bin/../lib/gcc/arm-none-eabi/13.3.1/thumb/v7e-m+fp/hard/crtn.o
                0x20020000                        _estack = (ORIGIN (RAM) + LENGTH (RAM))
                0x00000200                        _Min_Heap_Size = 0x200
                0x00000400                        _Min_Stack_Size = 0x400

.isr_vector     0x08000000      0x198
                0x08000000                        . = ALIGN (0x4)
 *(.isr_vector)
 .isr_vector    0x08000000      0x198 ./Core/Startup/startup_stm32f411retx.o
                0x08000000                g_pfnVectors
                0x08000198                        . = ALIGN (0x4)

.text           0x08000198     0xa98c
                0x08000198                        . = ALIGN (0x4)
 *(.text)
 .text          0x08000198       0x40 C:/ST/STM32CubeIDE_1.19.0/STM32CubeIDE/plugins/com.st.stm32cube.ide.mcu.externaltools.gnu-tools-for-stm32.13.3.rel1.win32_1.0.0.202411081344/tools/bin/../lib/gcc/arm-none-eabi/13.3.1/thumb/v7e-m+fp/hard/crtbegin.o
 .text          0x080001d8       0x30 C:/ST/STM32CubeIDE_1.19.0/STM32CubeIDE/plugins/com.st.stm32cube.ide.mcu.externaltools.gnu-tools-for-stm32.13.3.rel1.win32_1.0.0.202411081344/tools/bin/../lib/gcc/arm-none-eabi/13.3.1/thumb/v7e-m+fp/hard\libgcc.a(_aeabi_uldivmod.o)
                0x080001d8                __aeabi_uldivmod
 .text          0x08000208      0x2f8 C:/ST/STM32CubeIDE_1.19.0/STM32CubeIDE/plugins/com.st.stm32cube.ide.mcu.externaltools.gnu-tools-for-stm32.13.3.rel1.win32_1.0.0.202411081344/tools/bin/../lib/gcc/arm-none-eabi/13.3.1/thumb/v7e-m+fp/hard\libgcc.a(_udivmoddi4.o)
                0x08000208                __udivmoddi4
 .text          0x08000500        0x4 C:/ST/STM32CubeIDE_1.19.0/STM32CubeIDE/plugins/com.st.stm32cube.ide.mcu.externaltools.gnu-tools-for-stm32.13.3.rel1.win32_1.0.0.202411081344/tools/bin/../lib/gcc/arm-none-eabi/13.3.1/thumb/v7e-m+fp/hard\libgcc.a(_dvmd_tls.o)
                0x08000500                __aeabi_idiv0
                0x08000500                __aeabi_ldiv0
 *(.text*)
 .text.tud_hid_set_report_cb
                0x08000504       0x20 ./Core/Src/main.o
                0x08000504                tud_hid_set_report_cb
 .text.tud_hid_get_report_cb
                0x08000524       0x22 ./Core/Src/main.o
                0x08000524                tud_hid_get_report_cb
 *fill*         0x08000546        0x2 
 .text.tud_vendor_rx_cb
                0x08000548       0x6c ./Core/Src/main.o
                0x08000548                tud_vendor_rx_cb
 .text.main     0x080005b4       0x5c ./Core/Src/main.o
                0x080005b4                main
 .text.SystemClock_Config
                0x08000610       0xd0 ./Core/Src/main.o
                0x08000610                SystemClock_Config
 .text.MX_USART2_UART_Init
                0x080006e0       0x54 ./Core/Src/main.o
 .text.MX_USB_OTG_FS_PCD_Init
                0x08000734       0x5c ./Core/Src/main.o
 .text.MX_GPIO_Init
                0x08000790       0xdc ./Core/Src/main.o
 .text.Error_Handler
                0x0800086c        0xc ./Core/Src/main.o
                0x0800086c                Error_Handler
 .text.init_disk_data
                0x08000878      0x12c ./Core/Src/msc.o
                0x08000878                init_disk_data
 .text.tud_msc_inquiry_cb
                0x080009a4       0x44 ./Core/Src/msc.o
                0x080009a4                tud_msc_inquiry_cb
 .text.tud_msc_test_unit_ready_cb
                0x080009e8       0x18 ./Core/Src/msc.o
                0x080009e8                tud_msc_test_unit_ready_cb
 .text.tud_msc_capacity_cb
                0x08000a00       0x28 ./Core/Src/msc.o
                0x08000a00                tud_msc_capacity_cb
 .text.tud_msc_read10_cb
                0x08000a28       0x74 ./Core/Src/msc.o
                0x08000a28                tud_msc_read10_cb
 .text.tud_msc_write10_cb
                0x08000a9c       0x68 ./Core/Src/msc.o
                0x08000a9c                tud_msc_write10_cb
 .text.tud_msc_scsi_cb
                0x08000b04       0x24 ./Core/Src/msc.o
                0x08000b04                tud_msc_scsi_cb
 .text.HAL_MspInit
                0x08000b28       0x50 ./Core/Src/stm32f4xx_hal_msp.o
                0x08000b28                HAL_MspInit
 .text.HAL_UART_MspInit
                0x08000b78       0x90 ./Core/Src/stm32f4xx_hal_msp.o
                0x08000b78                HAL_UART_MspInit
 .text.HAL_PCD_MspInit
                0x08000c08       0xa8 ./Core/Src/stm32f4xx_hal_msp.o
                0x08000c08                HAL_PCD_MspInit
 .text.NMI_Handler
                0x08000cb0        0x8 ./Core/Src/stm32f4xx_it.o
                0x08000cb0                NMI_Handler
 .text.HardFault_Handler
                0x08000cb8        0x8 ./Core/Src/stm32f4xx_it.o
                0x08000cb8                HardFault_Handler
 .text.MemManage_Handler
                0x08000cc0        0x8 ./Core/Src/stm32f4xx_it.o
                0x08000cc0                MemManage_Handler
 .text.BusFault_Handler
                0x08000cc8        0x8 ./Core/Src/stm32f4xx_it.o
                0x08000cc8                BusFault_Handler
 .text.UsageFault_Handler
                0x08000cd0        0x8 ./Core/Src/stm32f4xx_it.o
                0x08000cd0                UsageFault_Handler
 .text.SVC_Handler
                0x08000cd8        0xe ./Core/Src/stm32f4xx_it.o
                0x08000cd8                SVC_Handler
 .text.DebugMon_Handler
                0x08000ce6        0xe ./Core/Src/stm32f4xx_it.o
                0x08000ce6                DebugMon_Handler
 .text.PendSV_Handler
                0x08000cf4        0xe ./Core/Src/stm32f4xx_it.o
                0x08000cf4                PendSV_Handler
 .text.SysTick_Handler
                0x08000d02        0xc ./Core/Src/stm32f4xx_it.o
                0x08000d02                SysTick_Handler
 .text.OTG_FS_IRQHandler
                0x08000d0e        0xe ./Core/Src/stm32f4xx_it.o
                0x08000d0e                OTG_FS_IRQHandler
 .text.SystemInit
                0x08000d1c       0x24 ./Core/Src/system_stm32f4xx.o
                0x08000d1c                SystemInit
 .text.tud_descriptor_device_cb
                0x08000d40       0x14 ./Core/Src/usb_descriptors.o
                0x08000d40                tud_descriptor_device_cb
 .text.tud_descriptor_configuration_cb
                0x08000d54       0x1c ./Core/Src/usb_descriptors.o
                0x08000d54                tud_descriptor_configuration_cb
 .text.tud_hid_descriptor_report_cb
                0x08000d70       0x1c ./Core/Src/usb_descriptors.o
                0x08000d70                tud_hid_descriptor_report_cb
 .text.tud_descriptor_string_cb
                0x08000d8c       0x1e ./Core/Src/usb_descriptors.o
                0x08000d8c                tud_descriptor_string_cb
 *fill*         0x08000daa        0x2 
 .text.Reset_Handler
                0x08000dac       0x50 ./Core/Startup/startup_stm32f411retx.o
                0x08000dac                Reset_Handler
 .text.Default_Handler
                0x08000dfc        0x2 ./Core/Startup/startup_stm32f411retx.o
                0x08000dfc                RTC_Alarm_IRQHandler
                0x08000dfc                EXTI2_IRQHandler
                0x08000dfc                SPI4_IRQHandler
                0x08000dfc                TIM1_CC_IRQHandler
                0x08000dfc                DMA2_Stream5_IRQHandler
                0x08000dfc                DMA1_Stream5_IRQHandler
                0x08000dfc                PVD_IRQHandler
                0x08000dfc                SDIO_IRQHandler
                0x08000dfc                TAMP_STAMP_IRQHandler
                0x08000dfc                EXTI3_IRQHandler
                0x08000dfc                TIM1_UP_TIM10_IRQHandler
                0x08000dfc                I2C3_ER_IRQHandler
                0x08000dfc                EXTI0_IRQHandler
                0x08000dfc                I2C2_EV_IRQHandler
                0x08000dfc                DMA1_Stream2_IRQHandler
                0x08000dfc                FPU_IRQHandler
                0x08000dfc                DMA2_Stream2_IRQHandler
                0x08000dfc                SPI1_IRQHandler
                0x08000dfc                TIM1_BRK_TIM9_IRQHandler
                0x08000dfc                DMA2_Stream3_IRQHandler
                0x08000dfc                USART6_IRQHandler
                0x08000dfc                DMA2_Stream0_IRQHandler
                0x08000dfc                TIM4_IRQHandler
                0x08000dfc                I2C1_EV_IRQHandler
                0x08000dfc                DMA1_Stream6_IRQHandler
                0x08000dfc                DMA1_Stream1_IRQHandler
                0x08000dfc                TIM3_IRQHandler
                0x08000dfc                RCC_IRQHandler
                0x08000dfc                Default_Handler
                0x08000dfc                EXTI15_10_IRQHandler
                0x08000dfc                ADC_IRQHandler
                0x08000dfc                DMA1_Stream7_IRQHandler
                0x08000dfc                SPI5_IRQHandler
                0x08000dfc                TIM5_IRQHandler
                0x08000dfc                DMA2_Stream7_IRQHandler
                0x08000dfc                I2C3_EV_IRQHandler
                0x08000dfc                EXTI9_5_IRQHandler
                0x08000dfc                RTC_WKUP_IRQHandler
                0x08000dfc                SPI2_IRQHandler
                0x08000dfc                DMA1_Stream0_IRQHandler
                0x08000dfc                EXTI4_IRQHandler
                0x08000dfc                WWDG_IRQHandler
                0x08000dfc                TIM2_IRQHandler
                0x08000dfc                OTG_FS_WKUP_IRQHandler
                0x08000dfc                TIM1_TRG_COM_TIM11_IRQHandler
                0x08000dfc                EXTI1_IRQHandler
                0x08000dfc                USART2_IRQHandler
                0x08000dfc                I2C2_ER_IRQHandler
                0x08000dfc                DMA2_Stream1_IRQHandler
                0x08000dfc                FLASH_IRQHandler
                0x08000dfc                DMA2_Stream4_IRQHandler
                0x08000dfc                USART1_IRQHandler
                0x08000dfc                SPI3_IRQHandler
                0x08000dfc                DMA1_Stream4_IRQHandler
                0x08000dfc                I2C1_ER_IRQHandler
                0x08000dfc                DMA2_Stream6_IRQHandler
                0x08000dfc                DMA1_Stream3_IRQHandler
 *fill*         0x08000dfe        0x2 
 .text.HAL_Init
                0x08000e00       0x44 ./Drivers/STM32F4xx_HAL_Driver/Src/stm32f4xx_hal.o
                0x08000e00                HAL_Init
 .text.HAL_InitTick
                0x08000e44       0x60 ./Drivers/STM32F4xx_HAL_Driver/Src/stm32f4xx_hal.o
                0x08000e44                HAL_InitTick
 .text.HAL_IncTick
                0x08000ea4       0x28 ./Drivers/STM32F4xx_HAL_Driver/Src/stm32f4xx_hal.o
                0x08000ea4                HAL_IncTick
 .text.HAL_GetTick
                0x08000ecc       0x18 ./Drivers/STM32F4xx_HAL_Driver/Src/stm32f4xx_hal.o
                0x08000ecc                HAL_GetTick
 .text.HAL_Delay
                0x08000ee4       0x48 ./Drivers/STM32F4xx_HAL_Driver/Src/stm32f4xx_hal.o
                0x08000ee4                HAL_Delay
 .text.__NVIC_SetPriorityGrouping
                0x08000f2c       0x48 ./Drivers/STM32F4xx_HAL_Driver/Src/stm32f4xx_hal_cortex.o
 .text.__NVIC_GetPriorityGrouping
                0x08000f74       0x1c ./Drivers/STM32F4xx_HAL_Driver/Src/stm32f4xx_hal_cortex.o
 .text.__NVIC_EnableIRQ
                0x08000f90       0x3c ./Drivers/STM32F4xx_HAL_Driver/Src/stm32f4xx_hal_cortex.o
 .text.__NVIC_SetPriority
                0x08000fcc       0x54 ./Drivers/STM32F4xx_HAL_Driver/Src/stm32f4xx_hal_cortex.o
 .text.NVIC_EncodePriority
                0x08001020       0x66 ./Drivers/STM32F4xx_HAL_Driver/Src/stm32f4xx_hal_cortex.o
 *fill*         0x08001086        0x2 
 .text.SysTick_Config
                0x08001088       0x44 ./Drivers/STM32F4xx_HAL_Driver/Src/stm32f4xx_hal_cortex.o
 .text.HAL_NVIC_SetPriorityGrouping
                0x080010cc       0x16 ./Drivers/STM32F4xx_HAL_Driver/Src/stm32f4xx_hal_cortex.o
                0x080010cc                HAL_NVIC_SetPriorityGrouping
 .text.HAL_NVIC_SetPriority
                0x080010e2       0x38 ./Drivers/STM32F4xx_HAL_Driver/Src/stm32f4xx_hal_cortex.o
                0x080010e2                HAL_NVIC_SetPriority
 .text.HAL_NVIC_EnableIRQ
                0x0800111a       0x1c ./Drivers/STM32F4xx_HAL_Driver/Src/stm32f4xx_hal_cortex.o
                0x0800111a                HAL_NVIC_EnableIRQ
 .text.HAL_SYSTICK_Config
                0x08001136       0x18 ./Drivers/STM32F4xx_HAL_Driver/Src/stm32f4xx_hal_cortex.o
                0x08001136                HAL_SYSTICK_Config
 *fill*         0x0800114e        0x2 
 .text.HAL_GPIO_Init
                0x08001150      0x308 ./Drivers/STM32F4xx_HAL_Driver/Src/stm32f4xx_hal_gpio.o
                0x08001150                HAL_GPIO_Init
 .text.HAL_GPIO_WritePin
                0x08001458       0x32 ./Drivers/STM32F4xx_HAL_Driver/Src/stm32f4xx_hal_gpio.o
                0x08001458                HAL_GPIO_WritePin
 .text.HAL_GPIO_TogglePin
                0x0800148a       0x34 ./Drivers/STM32F4xx_HAL_Driver/Src/stm32f4xx_hal_gpio.o
                0x0800148a                HAL_GPIO_TogglePin
 .text.HAL_PCD_Init
                0x080014be      0x21e ./Drivers/STM32F4xx_HAL_Driver/Src/stm32f4xx_hal_pcd.o
                0x080014be                HAL_PCD_Init
 .text.HAL_RCC_OscConfig
                0x080016dc      0x4f0 ./Drivers/STM32F4xx_HAL_Driver/Src/stm32f4xx_hal_rcc.o
                0x080016dc                HAL_RCC_OscConfig
 .text.HAL_RCC_ClockConfig
                0x08001bcc      0x1cc ./Drivers/STM32F4xx_HAL_Driver/Src/stm32f4xx_hal_rcc.o
                0x08001bcc                HAL_RCC_ClockConfig
 .text.HAL_RCC_GetSysClockFreq
                0x08001d98      0x20c ./Drivers/STM32F4xx_HAL_Driver/Src/stm32f4xx_hal_rcc.o
                0x08001d98                HAL_RCC_GetSysClockFreq
 .text.HAL_RCC_GetHCLKFreq
                0x08001fa4       0x18 ./Drivers/STM32F4xx_HAL_Driver/Src/stm32f4xx_hal_rcc.o
                0x08001fa4                HAL_RCC_GetHCLKFreq
 .text.HAL_RCC_GetPCLK1Freq
                0x08001fbc       0x28 ./Drivers/STM32F4xx_HAL_Driver/Src/stm32f4xx_hal_rcc.o
                0x08001fbc                HAL_RCC_GetPCLK1Freq
 .text.HAL_RCC_GetPCLK2Freq
                0x08001fe4       0x28 ./Drivers/STM32F4xx_HAL_Driver/Src/stm32f4xx_hal_rcc.o
                0x08001fe4                HAL_RCC_GetPCLK2Freq
 .text.HAL_UART_Init
                0x0800200c       0xa0 ./Drivers/STM32F4xx_HAL_Driver/Src/stm32f4xx_hal_uart.o
                0x0800200c                HAL_UART_Init
 .text.UART_SetConfig
                0x080020ac      0x4e8 ./Drivers/STM32F4xx_HAL_Driver/Src/stm32f4xx_hal_uart.o
 .text.USB_CoreInit
                0x08002594       0xc8 ./Drivers/STM32F4xx_HAL_Driver/Src/stm32f4xx_ll_usb.o
                0x08002594                USB_CoreInit
 .text.USB_DisableGlobalInt
                0x0800265c       0x22 ./Drivers/STM32F4xx_HAL_Driver/Src/stm32f4xx_ll_usb.o
                0x0800265c                USB_DisableGlobalInt
 .text.USB_SetCurrentMode
                0x0800267e       0x98 ./Drivers/STM32F4xx_HAL_Driver/Src/stm32f4xx_ll_usb.o
                0x0800267e                USB_SetCurrentMode
 *fill*         0x08002716        0x2 
 .text.USB_DevInit
                0x08002718      0x2c8 ./Drivers/STM32F4xx_HAL_Driver/Src/stm32f4xx_ll_usb.o
                0x08002718                USB_DevInit
 .text.USB_FlushTxFifo
                0x080029e0       0x64 ./Drivers/STM32F4xx_HAL_Driver/Src/stm32f4xx_ll_usb.o
                0x080029e0                USB_FlushTxFifo
 .text.USB_FlushRxFifo
                0x08002a44       0x5c ./Drivers/STM32F4xx_HAL_Driver/Src/stm32f4xx_ll_usb.o
                0x08002a44                USB_FlushRxFifo
 .text.USB_SetDevSpeed
                0x08002aa0       0x32 ./Drivers/STM32F4xx_HAL_Driver/Src/stm32f4xx_ll_usb.o
                0x08002aa0                USB_SetDevSpeed
 .text.USB_DevDisconnect
                0x08002ad2       0x42 ./Drivers/STM32F4xx_HAL_Driver/Src/stm32f4xx_ll_usb.o
                0x08002ad2                USB_DevDisconnect
 .text.USB_GetMode
                0x08002b14       0x1c ./Drivers/STM32F4xx_HAL_Driver/Src/stm32f4xx_ll_usb.o
                0x08002b14                USB_GetMode
 .text.USB_CoreReset
                0x08002b30       0x70 ./Drivers/STM32F4xx_HAL_Driver/Src/stm32f4xx_ll_usb.o
 .text.tud_hid_set_protocol_cb
                0x08002ba0       0x1c ./Libs/tinyusb/src/class/hid/hid_device.o
                0x08002ba0                tud_hid_set_protocol_cb
 .text.tud_hid_set_idle_cb
                0x08002bbc       0x1e ./Libs/tinyusb/src/class/hid/hid_device.o
                0x08002bbc                tud_hid_set_idle_cb
 .text.tud_hid_report_complete_cb
                0x08002bda       0x1c ./Libs/tinyusb/src/class/hid/hid_device.o
                0x08002bda                tud_hid_report_complete_cb
 .text.tud_hid_report_failed_cb
                0x08002bf6       0x22 ./Libs/tinyusb/src/class/hid/hid_device.o
                0x08002bf6                tud_hid_report_failed_cb
 .text.hidd_init
                0x08002c18        0xe ./Libs/tinyusb/src/class/hid/hid_device.o
                0x08002c18                hidd_init
 .text.hidd_deinit
                0x08002c26       0x10 ./Libs/tinyusb/src/class/hid/hid_device.o
                0x08002c26                hidd_deinit
 *fill*         0x08002c36        0x2 
 .text.hidd_reset
                0x08002c38       0x20 ./Libs/tinyusb/src/class/hid/hid_device.o
                0x08002c38                hidd_reset
 .text.hidd_open
                0x08002c58      0x1d4 ./Libs/tinyusb/src/class/hid/hid_device.o
                0x08002c58                hidd_open
 .text.hidd_control_xfer_cb
                0x08002e2c      0x3d8 ./Libs/tinyusb/src/class/hid/hid_device.o
                0x08002e2c                hidd_control_xfer_cb
 .text.hidd_xfer_cb
                0x08003204      0x130 ./Libs/tinyusb/src/class/hid/hid_device.o
                0x08003204                hidd_xfer_cb
 .text.tud_msc_inquiry2_cb
                0x08003334       0x1c ./Libs/tinyusb/src/class/msc/msc_device.o
                0x08003334                tud_msc_inquiry2_cb
 .text.fail_scsi_op
                0x08003350       0xb2 ./Libs/tinyusb/src/class/msc/msc_device.o
 .text.rdwr10_validate_cmd
                0x08003402       0xe2 ./Libs/tinyusb/src/class/msc/msc_device.o
 .text.proc_stage_status
                0x080034e4       0xf0 ./Libs/tinyusb/src/class/msc/msc_device.o
 .text.tud_msc_read10_complete_cb
                0x080035d4       0x16 ./Libs/tinyusb/src/class/msc/msc_device.o
                0x080035d4                tud_msc_read10_complete_cb
 .text.tud_msc_write10_complete_cb
                0x080035ea       0x16 ./Libs/tinyusb/src/class/msc/msc_device.o
                0x080035ea                tud_msc_write10_complete_cb
 .text.tud_msc_scsi_complete_cb
                0x08003600       0x18 ./Libs/tinyusb/src/class/msc/msc_device.o
                0x08003600                tud_msc_scsi_complete_cb
 .text.tud_msc_get_maxlun_cb
                0x08003618       0x10 ./Libs/tinyusb/src/class/msc/msc_device.o
                0x08003618                tud_msc_get_maxlun_cb
 .text.tud_msc_start_stop_cb
                0x08003628       0x2a ./Libs/tinyusb/src/class/msc/msc_device.o
                0x08003628                tud_msc_start_stop_cb
 .text.tud_msc_prevent_allow_medium_removal_cb
                0x08003652       0x20 ./Libs/tinyusb/src/class/msc/msc_device.o
                0x08003652                tud_msc_prevent_allow_medium_removal_cb
 .text.tud_msc_request_sense_cb
                0x08003672       0x1e ./Libs/tinyusb/src/class/msc/msc_device.o
                0x08003672                tud_msc_request_sense_cb
 .text.tud_msc_is_writable_cb
                0x08003690       0x18 ./Libs/tinyusb/src/class/msc/msc_device.o
                0x08003690                tud_msc_is_writable_cb
 .text.tud_msc_set_sense
                0x080036a8       0x48 ./Libs/tinyusb/src/class/msc/msc_device.o
                0x080036a8                tud_msc_set_sense
 .text.mscd_init
                0x080036f0       0x18 ./Libs/tinyusb/src/class/msc/msc_device.o
                0x080036f0                mscd_init
 .text.mscd_reset
                0x08003708       0x20 ./Libs/tinyusb/src/class/msc/msc_device.o
                0x08003708                mscd_reset
 .text.mscd_open
                0x08003728      0x10c ./Libs/tinyusb/src/class/msc/msc_device.o
                0x08003728                mscd_open
 .text.proc_bot_reset
                0x08003834       0x40 ./Libs/tinyusb/src/class/msc/msc_device.o
 .text.mscd_control_xfer_cb
                0x08003874      0x25c ./Libs/tinyusb/src/class/msc/msc_device.o
                0x08003874                mscd_control_xfer_cb
 .text.mscd_xfer_cb
                0x08003ad0      0x49c ./Libs/tinyusb/src/class/msc/msc_device.o
                0x08003ad0                mscd_xfer_cb
 .text.proc_builtin_scsi
                0x08003f6c      0x5d8 ./Libs/tinyusb/src/class/msc/msc_device.o
 .text.proc_read10_cmd
                0x08004544       0xdc ./Libs/tinyusb/src/class/msc/msc_device.o
 .text.proc_read_io_data
                0x08004620       0xd0 ./Libs/tinyusb/src/class/msc/msc_device.o
 .text.proc_write10_cmd
                0x080046f0       0xa0 ./Libs/tinyusb/src/class/msc/msc_device.o
 .text.proc_write10_host_data
                0x08004790       0xc0 ./Libs/tinyusb/src/class/msc/msc_device.o
 .text.proc_write_io_data
                0x08004850       0xe8 ./Libs/tinyusb/src/class/msc/msc_device.o
 .text.tud_vendor_tx_cb
                0x08004938       0x18 ./Libs/tinyusb/src/class/vendor/vendor_device.o
                0x08004938                tud_vendor_tx_cb
 .text.tud_vendor_n_available
                0x08004950       0x94 ./Libs/tinyusb/src/class/vendor/vendor_device.o
                0x08004950                tud_vendor_n_available
 .text.tud_vendor_n_read
                0x080049e4       0x48 ./Libs/tinyusb/src/class/vendor/vendor_device.o
                0x080049e4                tud_vendor_n_read
 .text.tud_vendor_n_write
                0x08004a2c       0x48 ./Libs/tinyusb/src/class/vendor/vendor_device.o
                0x08004a2c                tud_vendor_n_write
 .text.tud_vendor_n_write_flush
                0x08004a74       0x44 ./Libs/tinyusb/src/class/vendor/vendor_device.o
                0x08004a74                tud_vendor_n_write_flush
 .text.vendord_init
                0x08004ab8       0x9c ./Libs/tinyusb/src/class/vendor/vendor_device.o
                0x08004ab8                vendord_init
 .text.vendord_deinit
                0x08004b54       0x4c ./Libs/tinyusb/src/class/vendor/vendor_device.o
                0x08004b54                vendord_deinit
 .text.vendord_reset
                0x08004ba0       0x80 ./Libs/tinyusb/src/class/vendor/vendor_device.o
                0x08004ba0                vendord_reset
 .text.find_vendor_itf
                0x08004c20       0x70 ./Libs/tinyusb/src/class/vendor/vendor_device.o
 .text.vendord_open
                0x08004c90      0x218 ./Libs/tinyusb/src/class/vendor/vendor_device.o
                0x08004c90                vendord_open
 .text.vendord_xfer_cb
                0x08004ea8       0xfc ./Libs/tinyusb/src/class/vendor/vendor_device.o
                0x08004ea8                vendord_xfer_cb
 .text.tu_fifo_config
                0x08004fa4       0x66 ./Libs/tinyusb/src/common/tusb_fifo.o
                0x08004fa4                tu_fifo_config
 .text.tu_fifo_clear
                0x0800500a       0x22 ./Libs/tinyusb/src/common/tusb_fifo.o
                0x0800500a                tu_fifo_clear
 .text.ff_push_fixed_addr_rw32
                0x0800502c       0x6e ./Libs/tinyusb/src/common/tusb_fifo.o
 .text.ff_pull_fixed_addr_rw32
                0x0800509a       0x62 ./Libs/tinyusb/src/common/tusb_fifo.o
 .text.ff_push_n
                0x080050fc      0x1f6 ./Libs/tinyusb/src/common/tusb_fifo.o
 .text.ff_pull_n
                0x080052f2      0x210 ./Libs/tinyusb/src/common/tusb_fifo.o
 .text.tu_fifo_peek_n_access_mode
                0x08005502       0xe0 ./Libs/tinyusb/src/common/tusb_fifo.o
                0x08005502                tu_fifo_peek_n_access_mode
 .text.tu_fifo_read_n_access_mode
                0x080055e2       0x88 ./Libs/tinyusb/src/common/tusb_fifo.o
                0x080055e2                tu_fifo_read_n_access_mode
 .text.tu_fifo_write_n_access_mode
                0x0800566a      0x220 ./Libs/tinyusb/src/common/tusb_fifo.o
                0x0800566a                tu_fifo_write_n_access_mode
 .text.ff_peek_local
                0x0800588a       0xe2 ./Libs/tinyusb/src/common/tusb_fifo.o
 .text.tu_fifo_read
                0x0800596c       0x76 ./Libs/tinyusb/src/common/tusb_fifo.o
                0x0800596c                tu_fifo_read
 .text.tu_fifo_write
                0x080059e2      0x116 ./Libs/tinyusb/src/common/tusb_fifo.o
                0x080059e2                tu_fifo_write
 .text.tud_event_hook_cb
                0x08005af8       0x1c ./Libs/tinyusb/src/device/usbd.o
                0x08005af8                tud_event_hook_cb
 .text.tud_sof_cb
                0x08005b14       0x14 ./Libs/tinyusb/src/device/usbd.o
                0x08005b14                tud_sof_cb
 .text.tud_descriptor_bos_cb
                0x08005b28       0x10 ./Libs/tinyusb/src/device/usbd.o
                0x08005b28                tud_descriptor_bos_cb
 .text.tud_descriptor_device_qualifier_cb
                0x08005b38       0x10 ./Libs/tinyusb/src/device/usbd.o
                0x08005b38                tud_descriptor_device_qualifier_cb
 .text.tud_descriptor_other_speed_configuration_cb
                0x08005b48       0x18 ./Libs/tinyusb/src/device/usbd.o
                0x08005b48                tud_descriptor_other_speed_configuration_cb
 .text.tud_mount_cb
                0x08005b60        0xe ./Libs/tinyusb/src/device/usbd.o
                0x08005b60                tud_mount_cb
 .text.tud_umount_cb
                0x08005b6e        0xe ./Libs/tinyusb/src/device/usbd.o
                0x08005b6e                tud_umount_cb
 .text.tud_suspend_cb
                0x08005b7c       0x16 ./Libs/tinyusb/src/device/usbd.o
                0x08005b7c                tud_suspend_cb
 .text.tud_resume_cb
                0x08005b92        0xe ./Libs/tinyusb/src/device/usbd.o
                0x08005b92                tud_resume_cb
 .text.tud_vendor_control_xfer_cb
                0x08005ba0       0x1e ./Libs/tinyusb/src/device/usbd.o
                0x08005ba0                tud_vendor_control_xfer_cb
 .text.dcd_dcache_clean
                0x08005bbe       0x18 ./Libs/tinyusb/src/device/usbd.o
                0x08005bbe                dcd_dcache_clean
 .text.usbd_app_driver_get_cb
                0x08005bd6       0x1c ./Libs/tinyusb/src/device/usbd.o
                0x08005bd6                usbd_app_driver_get_cb
 *fill*         0x08005bf2        0x2 
 .text.tud_inited
                0x08005bf4       0x20 ./Libs/tinyusb/src/device/usbd.o
                0x08005bf4                tud_inited
 .text.tud_rhport_init
                0x08005c14      0x1ac ./Libs/tinyusb/src/device/usbd.o
                0x08005c14                tud_rhport_init
 .text.configuration_reset
                0x08005dc0       0xd8 ./Libs/tinyusb/src/device/usbd.o
 .text.usbd_reset
                0x08005e98       0x1e ./Libs/tinyusb/src/device/usbd.o
 *fill*         0x08005eb6        0x2 
 .text.tud_task_ext
                0x08005eb8      0x358 ./Libs/tinyusb/src/device/usbd.o
                0x08005eb8                tud_task_ext
 .text.invoke_class_control
                0x08006210       0x2e ./Libs/tinyusb/src/device/usbd.o
 *fill*         0x0800623e        0x2 
 .text.process_control_request
                0x08006240      0x5e8 ./Libs/tinyusb/src/device/usbd.o
 .text.process_set_config
                0x08006828      0x25c ./Libs/tinyusb/src/device/usbd.o
 .text.process_get_descriptor
                0x08006a84      0x1b4 ./Libs/tinyusb/src/device/usbd.o
 .text.dcd_event_handler
                0x08006c38      0x56c ./Libs/tinyusb/src/device/usbd.o
                0x08006c38                dcd_event_handler
 .text.usbd_int_set
                0x080071a4       0x34 ./Libs/tinyusb/src/device/usbd.o
                0x080071a4                usbd_int_set
 .text.usbd_spin_lock
                0x080071d8       0x48 ./Libs/tinyusb/src/device/usbd.o
                0x080071d8                usbd_spin_lock
 .text.usbd_spin_unlock
                0x08007220       0x50 ./Libs/tinyusb/src/device/usbd.o
                0x08007220                usbd_spin_unlock
 .text.usbd_open_edpt_pair
                0x08007270       0xd0 ./Libs/tinyusb/src/device/usbd.o
                0x08007270                usbd_open_edpt_pair
 .text.usbd_edpt_open
                0x08007340       0x8c ./Libs/tinyusb/src/device/usbd.o
                0x08007340                usbd_edpt_open
 .text.usbd_edpt_claim
                0x080073cc       0x50 ./Libs/tinyusb/src/device/usbd.o
                0x080073cc                usbd_edpt_claim
 .text.usbd_edpt_release
                0x0800741c       0x50 ./Libs/tinyusb/src/device/usbd.o
                0x0800741c                usbd_edpt_release
 .text.usbd_edpt_xfer
                0x0800746c       0xf4 ./Libs/tinyusb/src/device/usbd.o
                0x0800746c                usbd_edpt_xfer
 .text.usbd_edpt_xfer_fifo
                0x08007560       0xf4 ./Libs/tinyusb/src/device/usbd.o
                0x08007560                usbd_edpt_xfer_fifo
 .text.usbd_edpt_busy
                0x08007654       0x5c ./Libs/tinyusb/src/device/usbd.o
                0x08007654                usbd_edpt_busy
 .text.usbd_edpt_stall
                0x080076b0       0x7c ./Libs/tinyusb/src/device/usbd.o
                0x080076b0                usbd_edpt_stall
 .text.usbd_edpt_clear_stall
                0x0800772c       0x7c ./Libs/tinyusb/src/device/usbd.o
                0x0800772c                usbd_edpt_clear_stall
 .text.usbd_edpt_stalled
                0x080077a8       0x5c ./Libs/tinyusb/src/device/usbd.o
                0x080077a8                usbd_edpt_stalled
 .text.dcd_edpt0_status_complete
                0x08007804       0x18 ./Libs/tinyusb/src/device/usbd_control.o
                0x08007804                dcd_edpt0_status_complete
 .text.status_stage_xact
                0x0800781c       0x3c ./Libs/tinyusb/src/device/usbd_control.o
 .text.tud_control_status
                0x08007858       0x40 ./Libs/tinyusb/src/device/usbd_control.o
                0x08007858                tud_control_status
 .text.data_stage_xact
                0x08007898       0xc8 ./Libs/tinyusb/src/device/usbd_control.o
 .text.tud_control_xfer
                0x08007960       0xe0 ./Libs/tinyusb/src/device/usbd_control.o
                0x08007960                tud_control_xfer
 .text.usbd_control_reset
                0x08007a40       0x18 ./Libs/tinyusb/src/device/usbd_control.o
                0x08007a40                usbd_control_reset
 .text.usbd_control_set_complete_callback
                0x08007a58       0x20 ./Libs/tinyusb/src/device/usbd_control.o
                0x08007a58                usbd_control_set_complete_callback
 .text.usbd_control_set_request
                0x08007a78       0x34 ./Libs/tinyusb/src/device/usbd_control.o
                0x08007a78                usbd_control_set_request
 .text.usbd_control_xfer_cb
                0x08007aac      0x168 ./Libs/tinyusb/src/device/usbd_control.o
                0x08007aac                usbd_control_xfer_cb
 .text.__NVIC_EnableIRQ
                0x08007c14       0x3c ./Libs/tinyusb/src/portable/synopsys/dwc2/dcd_dwc2.o
 .text.__NVIC_DisableIRQ
                0x08007c50       0x48 ./Libs/tinyusb/src/portable/synopsys/dwc2/dcd_dwc2.o
 .text.dma_setup_prepare
                0x08007c98       0x80 ./Libs/tinyusb/src/portable/synopsys/dwc2/dcd_dwc2.o
 .text.dfifo_alloc
                0x08007d18      0x1c0 ./Libs/tinyusb/src/portable/synopsys/dwc2/dcd_dwc2.o
 .text.dfifo_device_init
                0x08007ed8       0xb4 ./Libs/tinyusb/src/portable/synopsys/dwc2/dcd_dwc2.o
 .text.edpt_activate
                0x08007f8c      0x164 ./Libs/tinyusb/src/portable/synopsys/dwc2/dcd_dwc2.o
 .text.edpt_disable
                0x080080f0      0x1a0 ./Libs/tinyusb/src/portable/synopsys/dwc2/dcd_dwc2.o
 .text.epin_write_tx_fifo
                0x08008290      0x10c ./Libs/tinyusb/src/portable/synopsys/dwc2/dcd_dwc2.o
 .text.edpt_schedule_packets
                0x0800839c      0x214 ./Libs/tinyusb/src/portable/synopsys/dwc2/dcd_dwc2.o
 .text.dcd_init
                0x080085b0      0x13c ./Libs/tinyusb/src/portable/synopsys/dwc2/dcd_dwc2.o
                0x080085b0                dcd_init
 .text.dcd_int_enable
                0x080086ec       0x50 ./Libs/tinyusb/src/portable/synopsys/dwc2/dcd_dwc2.o
                0x080086ec                dcd_int_enable
 .text.dcd_int_disable
                0x0800873c       0x50 ./Libs/tinyusb/src/portable/synopsys/dwc2/dcd_dwc2.o
                0x0800873c                dcd_int_disable
 .text.dcd_set_address
                0x0800878c       0x74 ./Libs/tinyusb/src/portable/synopsys/dwc2/dcd_dwc2.o
                0x0800878c                dcd_set_address
 .text.dcd_connect
                0x08008800       0x44 ./Libs/tinyusb/src/portable/synopsys/dwc2/dcd_dwc2.o
                0x08008800                dcd_connect
 .text.dcd_disconnect
                0x08008844       0x44 ./Libs/tinyusb/src/portable/synopsys/dwc2/dcd_dwc2.o
                0x08008844                dcd_disconnect
 .text.dcd_sof_enable
                0x08008888       0x6c ./Libs/tinyusb/src/portable/synopsys/dwc2/dcd_dwc2.o
                0x08008888                dcd_sof_enable
 .text.dcd_edpt_open
                0x080088f4       0x64 ./Libs/tinyusb/src/portable/synopsys/dwc2/dcd_dwc2.o
                0x080088f4                dcd_edpt_open
 .text.dcd_edpt_close_all
                0x08008958      0x130 ./Libs/tinyusb/src/portable/synopsys/dwc2/dcd_dwc2.o
                0x08008958                dcd_edpt_close_all
 .text.dcd_edpt_xfer
                0x08008a88       0xb0 ./Libs/tinyusb/src/portable/synopsys/dwc2/dcd_dwc2.o
                0x08008a88                dcd_edpt_xfer
 .text.dcd_edpt_xfer_fifo
                0x08008b38       0xc4 ./Libs/tinyusb/src/portable/synopsys/dwc2/dcd_dwc2.o
                0x08008b38                dcd_edpt_xfer_fifo
 .text.dcd_edpt_stall
                0x08008bfc       0x6c ./Libs/tinyusb/src/portable/synopsys/dwc2/dcd_dwc2.o
                0x08008bfc                dcd_edpt_stall
 .text.dcd_edpt_clear_stall
                0x08008c68       0x8c ./Libs/tinyusb/src/portable/synopsys/dwc2/dcd_dwc2.o
                0x08008c68                dcd_edpt_clear_stall
 .text.handle_bus_reset
                0x08008cf4      0x204 ./Libs/tinyusb/src/portable/synopsys/dwc2/dcd_dwc2.o
 .text.handle_enum_done
                0x08008ef8       0x8c ./Libs/tinyusb/src/portable/synopsys/dwc2/dcd_dwc2.o
 .text.handle_rxflvl_irq
                0x08008f84      0x140 ./Libs/tinyusb/src/portable/synopsys/dwc2/dcd_dwc2.o
 .text.handle_epout_slave
                0x080090c4      0x144 ./Libs/tinyusb/src/portable/synopsys/dwc2/dcd_dwc2.o
 .text.handle_epin_slave
                0x08009208      0x140 ./Libs/tinyusb/src/portable/synopsys/dwc2/dcd_dwc2.o
 .text.handle_ep_irq
                0x08009348      0x128 ./Libs/tinyusb/src/portable/synopsys/dwc2/dcd_dwc2.o
 .text.handle_incomplete_iso_in
                0x08009470      0x1bc ./Libs/tinyusb/src/portable/synopsys/dwc2/dcd_dwc2.o
 .text.dcd_int_handler
                0x0800962c      0x27c ./Libs/tinyusb/src/portable/synopsys/dwc2/dcd_dwc2.o
                0x0800962c                dcd_int_handler
 .text.dwc2_phy_init
                0x080098a8       0x38 ./Libs/tinyusb/src/portable/synopsys/dwc2/dwc2_common.o
 .text.dwc2_phy_update
                0x080098e0       0xec ./Libs/tinyusb/src/portable/synopsys/dwc2/dwc2_common.o
 .text.reset_core
                0x080099cc       0x7a ./Libs/tinyusb/src/portable/synopsys/dwc2/dwc2_common.o
 .text.phy_fs_init
                0x08009a46       0x50 ./Libs/tinyusb/src/portable/synopsys/dwc2/dwc2_common.o
 .text.phy_hs_init
                0x08009a96       0xe6 ./Libs/tinyusb/src/portable/synopsys/dwc2/dwc2_common.o
 .text.check_dwc2
                0x08009b7c       0x60 ./Libs/tinyusb/src/portable/synopsys/dwc2/dwc2_common.o
 .text.dwc2_core_is_highspeed
                0x08009bdc       0x3a ./Libs/tinyusb/src/portable/synopsys/dwc2/dwc2_common.o
                0x08009bdc                dwc2_core_is_highspeed
 *fill*         0x08009c16        0x2 
 .text.dwc2_core_init
                0x08009c18      0x118 ./Libs/tinyusb/src/portable/synopsys/dwc2/dwc2_common.o
                0x08009c18                dwc2_core_init
 .text.dfifo_read_packet
                0x08009d30       0xa2 ./Libs/tinyusb/src/portable/synopsys/dwc2/dwc2_common.o
                0x08009d30                dfifo_read_packet
 .text.dfifo_write_packet
                0x08009dd2       0x94 ./Libs/tinyusb/src/portable/synopsys/dwc2/dwc2_common.o
                0x08009dd2                dfifo_write_packet
 *fill*         0x08009e66        0x2 
 .text.tusb_rhport_init
                0x08009e68       0xc8 ./Libs/tinyusb/src/tusb.o
                0x08009e68                tusb_rhport_init
 .text.tu_edpt_claim
                0x08009f30       0x78 ./Libs/tinyusb/src/tusb.o
                0x08009f30                tu_edpt_claim
 .text.tu_edpt_release
                0x08009fa8       0x54 ./Libs/tinyusb/src/tusb.o
                0x08009fa8                tu_edpt_release
 .text.tu_edpt_validate
                0x08009ffc      0x134 ./Libs/tinyusb/src/tusb.o
                0x08009ffc                tu_edpt_validate
 .text.tu_edpt_bind_driver
                0x0800a130       0x8a ./Libs/tinyusb/src/tusb.o
                0x0800a130                tu_edpt_bind_driver
 .text.tu_edpt_stream_init
                0x0800a1ba       0x50 ./Libs/tinyusb/src/tusb.o
                0x0800a1ba                tu_edpt_stream_init
 .text.tu_edpt_stream_deinit
                0x0800a20a       0x16 ./Libs/tinyusb/src/tusb.o
                0x0800a20a                tu_edpt_stream_deinit
 .text.tu_edpt_stream_write_zlp_if_needed
                0x0800a220      0x134 ./Libs/tinyusb/src/tusb.o
                0x0800a220                tu_edpt_stream_write_zlp_if_needed
 .text.tu_edpt_stream_write_xfer
                0x0800a354      0x1a0 ./Libs/tinyusb/src/tusb.o
                0x0800a354                tu_edpt_stream_write_xfer
 .text.tu_edpt_stream_write
                0x0800a4f4      0x1f0 ./Libs/tinyusb/src/tusb.o
                0x0800a4f4                tu_edpt_stream_write
 .text.tu_edpt_stream_read_xfer
                0x0800a6e4      0x338 ./Libs/tinyusb/src/tusb.o
                0x0800a6e4                tu_edpt_stream_read_xfer
 .text.tu_edpt_stream_read
                0x0800aa1c       0x46 ./Libs/tinyusb/src/tusb.o
                0x0800aa1c                tu_edpt_stream_read
 .text.memmove  0x0800aa62       0x34 C:/ST/STM32CubeIDE_1.19.0/STM32CubeIDE/plugins/com.st.stm32cube.ide.mcu.externaltools.gnu-tools-for-stm32.13.3.rel1.win32_1.0.0.202411081344/tools/bin/../lib/gcc/arm-none-eabi/13.3.1/../../../../arm-none-eabi/lib/thumb/v7e-m+fp/hard\libc_nano.a(libc_a-memmove.o)
                0x0800aa62                memmove
 .text.memset   0x0800aa96       0x10 C:/ST/STM32CubeIDE_1.19.0/STM32CubeIDE/plugins/com.st.stm32cube.ide.mcu.externaltools.gnu-tools-for-stm32.13.3.rel1.win32_1.0.0.202411081344/tools/bin/../lib/gcc/arm-none-eabi/13.3.1/../../../../arm-none-eabi/lib/thumb/v7e-m+fp/hard\libc_nano.a(libc_a-memset.o)
                0x0800aa96                memset
 *fill*         0x0800aaa6        0x2 
 .text.__libc_init_array
                0x0800aaa8       0x48 C:/ST/STM32CubeIDE_1.19.0/STM32CubeIDE/plugins/com.st.stm32cube.ide.mcu.externaltools.gnu-tools-for-stm32.13.3.rel1.win32_1.0.0.202411081344/tools/bin/../lib/gcc/arm-none-eabi/13.3.1/../../../../arm-none-eabi/lib/thumb/v7e-m+fp/hard\libc_nano.a(libc_a-init.o)
                0x0800aaa8                __libc_init_array
 .text.memcpy   0x0800aaf0       0x1c C:/ST/STM32CubeIDE_1.19.0/STM32CubeIDE/plugins/com.st.stm32cube.ide.mcu.externaltools.gnu-tools-for-stm32.13.3.rel1.win32_1.0.0.202411081344/tools/bin/../lib/gcc/arm-none-eabi/13.3.1/../../../../arm-none-eabi/lib/thumb/v7e-m+fp/hard\libc_nano.a(libc_a-memcpy-stub.o)
                0x0800aaf0                memcpy
 *(.glue_7)
 .glue_7        0x0800ab0c        0x0 linker stubs
 *(.glue_7t)
 .glue_7t       0x0800ab0c        0x0 linker stubs
 *(.eh_frame)
 .eh_frame      0x0800ab0c        0x0 C:/ST/STM32CubeIDE_1.19.0/STM32CubeIDE/plugins/com.st.stm32cube.ide.mcu.externaltools.gnu-tools-for-stm32.13.3.rel1.win32_1.0.0.202411081344/tools/bin/../lib/gcc/arm-none-eabi/13.3.1/thumb/v7e-m+fp/hard/crtbegin.o
 *(.init)
 .init          0x0800ab0c        0x4 C:/ST/STM32CubeIDE_1.19.0/STM32CubeIDE/plugins/com.st.stm32cube.ide.mcu.externaltools.gnu-tools-for-stm32.13.3.rel1.win32_1.0.0.202411081344/tools/bin/../lib/gcc/arm-none-eabi/13.3.1/thumb/v7e-m+fp/hard/crti.o
                0x0800ab0c                _init
 .init          0x0800ab10        0x8 C:/ST/STM32CubeIDE_1.19.0/STM32CubeIDE/plugins/com.st.stm32cube.ide.mcu.externaltools.gnu-tools-for-stm32.13.3.rel1.win32_1.0.0.202411081344/tools/bin/../lib/gcc/arm-none-eabi/13.3.1/thumb/v7e-m+fp/hard/crtn.o
 *(.fini)
 .fini          0x0800ab18        0x4 C:/ST/STM32CubeIDE_1.19.0/STM32CubeIDE/plugins/com.st.stm32cube.ide.mcu.externaltools.gnu-tools-for-stm32.13.3.rel1.win32_1.0.0.202411081344/tools/bin/../lib/gcc/arm-none-eabi/13.3.1/thumb/v7e-m+fp/hard/crti.o
                0x0800ab18                _fini
 .fini          0x0800ab1c        0x8 C:/ST/STM32CubeIDE_1.19.0/STM32CubeIDE/plugins/com.st.stm32cube.ide.mcu.externaltools.gnu-tools-for-stm32.13.3.rel1.win32_1.0.0.202411081344/tools/bin/../lib/gcc/arm-none-eabi/13.3.1/thumb/v7e-m+fp/hard/crtn.o
                0x0800ab24                        . = ALIGN (0x4)
                0x0800ab24                        _etext = .

.vfp11_veneer   0x0800ab24        0x0
 .vfp11_veneer  0x0800ab24        0x0 linker stubs

.v4_bx          0x0800ab24        0x0
 .v4_bx         0x0800ab24        0x0 linker stubs

.iplt           0x0800ab24        0x0
 .iplt          0x0800ab24        0x0 C:/ST/STM32CubeIDE_1.19.0/STM32CubeIDE/plugins/com.st.stm32cube.ide.mcu.externaltools.gnu-tools-for-stm32.13.3.rel1.win32_1.0.0.202411081344/tools/bin/../lib/gcc/arm-none-eabi/13.3.1/thumb/v7e-m+fp/hard/crtbegin.o

.rodata         0x0800ab24      0x224
                0x0800ab24                        . = ALIGN (0x4)
 *(.rodata)
 .rodata        0x0800ab24       0xd5 ./Core/Src/msc.o
 *(.rodata*)
 *fill*         0x0800abf9        0x3 
 .rodata.AHBPrescTable
                0x0800abfc       0x10 ./Core/Src/system_stm32f4xx.o
                0x0800abfc                AHBPrescTable
 .rodata.APBPrescTable
                0x0800ac0c        0x8 ./Core/Src/system_stm32f4xx.o
                0x0800ac0c                APBPrescTable
 .rodata.desc_device
                0x0800ac14       0x12 ./Core/Src/usb_descriptors.o
                0x0800ac14                desc_device
 *fill*         0x0800ac26        0x2 
 .rodata.desc_hid_report
                0x0800ac28       0x41 ./Core/Src/usb_descriptors.o
                0x0800ac28                desc_hid_report
 *fill*         0x0800ac69        0x3 
 .rodata.desc_configuration
                0x0800ac6c       0x50 ./Core/Src/usb_descriptors.o
                0x0800ac6c                desc_configuration
 .rodata._usbd_driver
                0x0800acbc       0x6c ./Libs/tinyusb/src/device/usbd.o
 .rodata._dwc2_controller
                0x0800ad28       0x10 ./Libs/tinyusb/src/portable/synopsys/dwc2/dcd_dwc2.o
 .rodata._dwc2_controller
                0x0800ad38       0x10 ./Libs/tinyusb/src/portable/synopsys/dwc2/dwc2_common.o
                0x0800ad48                        . = ALIGN (0x4)

.ARM.extab      0x0800ad48        0x0
                0x0800ad48                        . = ALIGN (0x4)
 *(.ARM.extab* .gnu.linkonce.armextab.*)
                0x0800ad48                        . = ALIGN (0x4)

.ARM            0x0800ad48        0x8
                0x0800ad48                        . = ALIGN (0x4)
                0x0800ad48                        __exidx_start = .
 *(.ARM.exidx*)
 .ARM.exidx     0x0800ad48        0x8 C:/ST/STM32CubeIDE_1.19.0/STM32CubeIDE/plugins/com.st.stm32cube.ide.mcu.externaltools.gnu-tools-for-stm32.13.3.rel1.win32_1.0.0.202411081344/tools/bin/../lib/gcc/arm-none-eabi/13.3.1/thumb/v7e-m+fp/hard\libgcc.a(_udivmoddi4.o)
                0x0800ad50                        __exidx_end = .
                0x0800ad50                        . = ALIGN (0x4)

.preinit_array  0x0800ad50        0x0
                0x0800ad50                        . = ALIGN (0x4)
                0x0800ad50                        PROVIDE (__preinit_array_start = .)
 *(.preinit_array*)
                0x0800ad50                        PROVIDE (__preinit_array_end = .)
                0x0800ad50                        . = ALIGN (0x4)

.init_array     0x0800ad50        0x4
                0x0800ad50                        . = ALIGN (0x4)
                0x0800ad50                        PROVIDE (__init_array_start = .)
 *(SORT_BY_NAME(.init_array.*))
 *(.init_array*)
 .init_array    0x0800ad50        0x4 C:/ST/STM32CubeIDE_1.19.0/STM32CubeIDE/plugins/com.st.stm32cube.ide.mcu.externaltools.gnu-tools-for-stm32.13.3.rel1.win32_1.0.0.202411081344/tools/bin/../lib/gcc/arm-none-eabi/13.3.1/thumb/v7e-m+fp/hard/crtbegin.o
                0x0800ad54                        PROVIDE (__init_array_end = .)
                0x0800ad54                        . = ALIGN (0x4)

.fini_array     0x0800ad54        0x4
                0x0800ad54                        . = ALIGN (0x4)
                [!provide]                        PROVIDE (__fini_array_start = .)
 *(SORT_BY_NAME(.fini_array.*))
 *(.fini_array*)
 .fini_array    0x0800ad54        0x4 C:/ST/STM32CubeIDE_1.19.0/STM32CubeIDE/plugins/com.st.stm32cube.ide.mcu.externaltools.gnu-tools-for-stm32.13.3.rel1.win32_1.0.0.202411081344/tools/bin/../lib/gcc/arm-none-eabi/13.3.1/thumb/v7e-m+fp/hard/crtbegin.o
                [!provide]                        PROVIDE (__fini_array_end = .)
                0x0800ad58                        . = ALIGN (0x4)
                0x0800ad58                        _sidata = LOADADDR (.data)

.rel.dyn        0x0800ad58        0x0
 .rel.iplt      0x0800ad58        0x0 C:/ST/STM32CubeIDE_1.19.0/STM32CubeIDE/plugins/com.st.stm32cube.ide.mcu.externaltools.gnu-tools-for-stm32.13.3.rel1.win32_1.0.0.202411081344/tools/bin/../lib/gcc/arm-none-eabi/13.3.1/thumb/v7e-m+fp/hard/crtbegin.o

.data           0x20000000       0x24 load address 0x0800ad58
                0x20000000                        . = ALIGN (0x4)
                0x20000000                        _sdata = .
 *(.data)
 *(.data*)
 .data.SystemCoreClock
                0x20000000        0x4 ./Core/Src/system_stm32f4xx.o
                0x20000000                SystemCoreClock
 .data.uwTickPrio
                0x20000004        0x4 ./Drivers/STM32F4xx_HAL_Driver/Src/stm32f4xx_hal.o
                0x20000004                uwTickPrio
 .data.uwTickFreq
                0x20000008        0x1 ./Drivers/STM32F4xx_HAL_Driver/Src/stm32f4xx_hal.o
                0x20000008                uwTickFreq
 .data._usbd_rhport
                0x20000009        0x1 ./Libs/tinyusb/src/device/usbd.o
 *fill*         0x2000000a        0x2 
 .data._usbd_spin
                0x2000000c        0x8 ./Libs/tinyusb/src/device/usbd.o
 .data._usbd_qdef
                0x20000014       0x10 ./Libs/tinyusb/src/device/usbd.o
                0x20000014                _usbd_qdef
 *(.RamFunc)
 *(.RamFunc*)
                0x20000024                        . = ALIGN (0x4)
                0x20000024                        _edata = .

.igot.plt       0x20000024        0x0 load address 0x0800ad7c
 .igot.plt      0x20000024        0x0 C:/ST/STM32CubeIDE_1.19.0/STM32CubeIDE/plugins/com.st.stm32cube.ide.mcu.externaltools.gnu-tools-for-stm32.13.3.rel1.win32_1.0.0.202411081344/tools/bin/../lib/gcc/arm-none-eabi/13.3.1/thumb/v7e-m+fp/hard/crtbegin.o
                0x20000024                        . = ALIGN (0x4)

.bss            0x20000024     0x4dd8 load address 0x0800ad7c
                0x20000024                        _sbss = .
                0x20000024                        __bss_start__ = _sbss
 *(.bss)
 .bss           0x20000024       0x1c C:/ST/STM32CubeIDE_1.19.0/STM32CubeIDE/plugins/com.st.stm32cube.ide.mcu.externaltools.gnu-tools-for-stm32.13.3.rel1.win32_1.0.0.202411081344/tools/bin/../lib/gcc/arm-none-eabi/13.3.1/thumb/v7e-m+fp/hard/crtbegin.o
 *(.bss*)
 .bss.huart2    0x20000040       0x48 ./Core/Src/main.o
                0x20000040                huart2
 .bss.hpcd_USB_OTG_FS
                0x20000088      0x4e4 ./Core/Src/main.o
                0x20000088                hpcd_USB_OTG_FS
 .bss.msc_disk  0x2000056c     0x4000 ./Core/Src/msc.o
                0x2000056c                msc_disk
 .bss.uwTick    0x2000456c        0x4 ./Drivers/STM32F4xx_HAL_Driver/Src/stm32f4xx_hal.o
                0x2000456c                uwTick
 .bss._hidd_itf
                0x20004570        0xc ./Libs/tinyusb/src/class/hid/hid_device.o
 .bss._hidd_epbuf
                0x2000457c       0x30 ./Libs/tinyusb/src/class/hid/hid_device.o
 .bss._mscd_itf
                0x200045ac       0x40 ./Libs/tinyusb/src/class/msc/msc_device.o
 .bss._mscd_epbuf
                0x200045ec      0x200 ./Libs/tinyusb/src/class/msc/msc_device.o
 .bss._vendord_itf
                0x200047ec      0x42c ./Libs/tinyusb/src/class/vendor/vendor_device.o
 .bss._usbd_dev
                0x20004c18       0x2c ./Libs/tinyusb/src/device/usbd.o
 .bss._usbd_queued_setup
                0x20004c44        0x1 ./Libs/tinyusb/src/device/usbd.o
 *fill*         0x20004c45        0x3 
 .bss._app_driver
                0x20004c48        0x4 ./Libs/tinyusb/src/device/usbd.o
 .bss._app_driver_count
                0x20004c4c        0x1 ./Libs/tinyusb/src/device/usbd.o
 *fill*         0x20004c4d        0x3 
 .bss._usbd_qdef_buf
                0x20004c50       0xc0 ./Libs/tinyusb/src/device/usbd.o
                0x20004c50                _usbd_qdef_buf
 .bss._usbd_q   0x20004d10        0x4 ./Libs/tinyusb/src/device/usbd.o
 .bss._ctrl_xfer
                0x20004d14       0x14 ./Libs/tinyusb/src/device/usbd_control.o
 .bss._ctrl_epbuf
                0x20004d28       0x40 ./Libs/tinyusb/src/device/usbd_control.o
 .bss.xfer_status
                0x20004d68       0x80 ./Libs/tinyusb/src/portable/synopsys/dwc2/dcd_dwc2.o
 .bss._dcd_data
                0x20004de8        0x8 ./Libs/tinyusb/src/portable/synopsys/dwc2/dcd_dwc2.o
 .bss._dcd_usbbuf
                0x20004df0        0x8 ./Libs/tinyusb/src/portable/synopsys/dwc2/dcd_dwc2.o
 .bss._tusb_rhport_role
                0x20004df8        0x2 ./Libs/tinyusb/src/tusb.o
                0x20004df8                _tusb_rhport_role
 *(COMMON)
                0x20004dfc                        . = ALIGN (0x4)
 *fill*         0x20004dfa        0x2 
                0x20004dfc                        _ebss = .
                0x20004dfc                        __bss_end__ = _ebss

._user_heap_stack
                0x20004dfc      0x604 load address 0x0800ad7c
                0x20004e00                        . = ALIGN (0x8)
 *fill*         0x20004dfc        0x4 
                [!provide]                        PROVIDE (end = .)
                0x20004e00                        PROVIDE (_end = .)
                0x20005000                        . = (. + _Min_Heap_Size)
 *fill*         0x20004e00      0x200 
                0x20005400                        . = (. + _Min_Stack_Size)
 *fill*         0x20005000      0x400 
                0x20005400                        . = ALIGN (0x8)

/DISCARD/
 libc.a(*)
 libm.a(*)
 libgcc.a(*)

.ARM.attributes
                0x00000000       0x30
 *(.ARM.attributes)
 .ARM.attributes
                0x00000000       0x22 C:/ST/STM32CubeIDE_1.19.0/STM32CubeIDE/plugins/com.st.stm32cube.ide.mcu.externaltools.gnu-tools-for-stm32.13.3.rel1.win32_1.0.0.202411081344/tools/bin/../lib/gcc/arm-none-eabi/13.3.1/thumb/v7e-m+fp/hard/crti.o
 .ARM.attributes
                0x00000022       0x34 C:/ST/STM32CubeIDE_1.19.0/STM32CubeIDE/plugins/com.st.stm32cube.ide.mcu.externaltools.gnu-tools-for-stm32.13.3.rel1.win32_1.0.0.202411081344/tools/bin/../lib/gcc/arm-none-eabi/13.3.1/thumb/v7e-m+fp/hard/crtbegin.o
 .ARM.attributes
                0x00000056       0x34 ./Core/Src/main.o
 .ARM.attributes
                0x0000008a       0x34 ./Core/Src/msc.o
 .ARM.attributes
                0x000000be       0x34 ./Core/Src/stm32f4xx_hal_msp.o
 .ARM.attributes
                0x000000f2       0x34 ./Core/Src/stm32f4xx_it.o
 .ARM.attributes
                0x00000126       0x34 ./Core/Src/system_stm32f4xx.o
 .ARM.attributes
                0x0000015a       0x34 ./Core/Src/usb_descriptors.o
 .ARM.attributes
                0x0000018e       0x21 ./Core/Startup/startup_stm32f411retx.o
 .ARM.attributes
                0x000001af       0x34 ./Drivers/STM32F4xx_HAL_Driver/Src/stm32f4xx_hal.o
 .ARM.attributes
                0x000001e3       0x34 ./Drivers/STM32F4xx_HAL_Driver/Src/stm32f4xx_hal_cortex.o
 .ARM.attributes
                0x00000217       0x34 ./Drivers/STM32F4xx_HAL_Driver/Src/stm32f4xx_hal_gpio.o
 .ARM.attributes
                0x0000024b       0x34 ./Drivers/STM32F4xx_HAL_Driver/Src/stm32f4xx_hal_pcd.o
 .ARM.attributes
                0x0000027f       0x34 ./Drivers/STM32F4xx_HAL_Driver/Src/stm32f4xx_hal_rcc.o
 .ARM.attributes
                0x000002b3       0x34 ./Drivers/STM32F4xx_HAL_Driver/Src/stm32f4xx_hal_uart.o
 .ARM.attributes
                0x000002e7       0x34 ./Drivers/STM32F4xx_HAL_Driver/Src/stm32f4xx_ll_usb.o
 .ARM.attributes
                0x0000031b       0x34 ./Libs/tinyusb/src/class/hid/hid_device.o
 .ARM.attributes
                0x0000034f       0x34 ./Libs/tinyusb/src/class/msc/msc_device.o
 .ARM.attributes
                0x00000383       0x34 ./Libs/tinyusb/src/class/vendor/vendor_device.o
 .ARM.attributes
                0x000003b7       0x34 ./Libs/tinyusb/src/common/tusb_fifo.o
 .ARM.attributes
                0x000003eb       0x34 ./Libs/tinyusb/src/device/usbd.o
 .ARM.attributes
                0x0000041f       0x34 ./Libs/tinyusb/src/device/usbd_control.o
 .ARM.attributes
                0x00000453       0x34 ./Libs/tinyusb/src/portable/synopsys/dwc2/dcd_dwc2.o
 .ARM.attributes
                0x00000487       0x34 ./Libs/tinyusb/src/portable/synopsys/dwc2/dwc2_common.o
 .ARM.attributes
                0x000004bb       0x34 ./Libs/tinyusb/src/tusb.o
 .ARM.attributes
                0x000004ef       0x34 C:/ST/STM32CubeIDE_1.19.0/STM32CubeIDE/plugins/com.st.stm32cube.ide.mcu.externaltools.gnu-tools-for-stm32.13.3.rel1.win32_1.0.0.202411081344/tools/bin/../lib/gcc/arm-none-eabi/13.3.1/../../../../arm-none-eabi/lib/thumb/v7e-m+fp/hard\libc_nano.a(libc_a-memmove.o)
 .ARM.attributes
                0x00000523       0x34 C:/ST/STM32CubeIDE_1.19.0/STM32CubeIDE/plugins/com.st.stm32cube.ide.mcu.externaltools.gnu-tools-for-stm32.13.3.rel1.win32_1.0.0.202411081344/tools/bin/../lib/gcc/arm-none-eabi/13.3.1/../../../../arm-none-eabi/lib/thumb/v7e-m+fp/hard\libc_nano.a(libc_a-memset.o)
 .ARM.attributes
                0x00000557       0x34 C:/ST/STM32CubeIDE_1.19.0/STM32CubeIDE/plugins/com.st.stm32cube.ide.mcu.externaltools.gnu-tools-for-stm32.13.3.rel1.win32_1.0.0.202411081344/tools/bin/../lib/gcc/arm-none-eabi/13.3.1/../../../../arm-none-eabi/lib/thumb/v7e-m+fp/hard\libc_nano.a(libc_a-init.o)
 .ARM.attributes
                0x0000058b       0x34 C:/ST/STM32CubeIDE_1.19.0/STM32CubeIDE/plugins/com.st.stm32cube.ide.mcu.externaltools.gnu-tools-for-stm32.13.3.rel1.win32_1.0.0.202411081344/tools/bin/../lib/gcc/arm-none-eabi/13.3.1/../../../../arm-none-eabi/lib/thumb/v7e-m+fp/hard\libc_nano.a(libc_a-memcpy-stub.o)
 .ARM.attributes
                0x000005bf       0x22 C:/ST/STM32CubeIDE_1.19.0/STM32CubeIDE/plugins/com.st.stm32cube.ide.mcu.externaltools.gnu-tools-for-stm32.13.3.rel1.win32_1.0.0.202411081344/tools/bin/../lib/gcc/arm-none-eabi/13.3.1/thumb/v7e-m+fp/hard\libgcc.a(_aeabi_uldivmod.o)
 .ARM.attributes
                0x000005e1       0x34 C:/ST/STM32CubeIDE_1.19.0/STM32CubeIDE/plugins/com.st.stm32cube.ide.mcu.externaltools.gnu-tools-for-stm32.13.3.rel1.win32_1.0.0.202411081344/tools/bin/../lib/gcc/arm-none-eabi/13.3.1/thumb/v7e-m+fp/hard\libgcc.a(_udivmoddi4.o)
 .ARM.attributes
                0x00000615       0x22 C:/ST/STM32CubeIDE_1.19.0/STM32CubeIDE/plugins/com.st.stm32cube.ide.mcu.externaltools.gnu-tools-for-stm32.13.3.rel1.win32_1.0.0.202411081344/tools/bin/../lib/gcc/arm-none-eabi/13.3.1/thumb/v7e-m+fp/hard\libgcc.a(_dvmd_tls.o)
 .ARM.attributes
                0x00000637       0x22 C:/ST/STM32CubeIDE_1.19.0/STM32CubeIDE/plugins/com.st.stm32cube.ide.mcu.externaltools.gnu-tools-for-stm32.13.3.rel1.win32_1.0.0.202411081344/tools/bin/../lib/gcc/arm-none-eabi/13.3.1/thumb/v7e-m+fp/hard/crtn.o
OUTPUT(MSC_STM32F411RE.elf elf32-littlearm)
LOAD linker stubs
LOAD C:/ST/STM32CubeIDE_1.19.0/STM32CubeIDE/plugins/com.st.stm32cube.ide.mcu.externaltools.gnu-tools-for-stm32.13.3.rel1.win32_1.0.0.202411081344/tools/bin/../lib/gcc/arm-none-eabi/13.3.1/../../../../arm-none-eabi/lib/thumb/v7e-m+fp/hard\libc.a
LOAD C:/ST/STM32CubeIDE_1.19.0/STM32CubeIDE/plugins/com.st.stm32cube.ide.mcu.externaltools.gnu-tools-for-stm32.13.3.rel1.win32_1.0.0.202411081344/tools/bin/../lib/gcc/arm-none-eabi/13.3.1/../../../../arm-none-eabi/lib/thumb/v7e-m+fp/hard\libm.a
LOAD C:/ST/STM32CubeIDE_1.19.0/STM32CubeIDE/plugins/com.st.stm32cube.ide.mcu.externaltools.gnu-tools-for-stm32.13.3.rel1.win32_1.0.0.202411081344/tools/bin/../lib/gcc/arm-none-eabi/13.3.1/thumb/v7e-m+fp/hard\libgcc.a

.debug_info     0x00000000    0x1c3cd
 .debug_info    0x00000000     0x171c ./Core/Src/main.o
 .debug_info    0x0000171c      0x57d ./Core/Src/msc.o
 .debug_info    0x00001c99     0x1016 ./Core/Src/stm32f4xx_hal_msp.o
 .debug_info    0x00002caf      0x158 ./Core/Src/stm32f4xx_it.o
 .debug_info    0x00002e07      0x53e ./Core/Src/system_stm32f4xx.o
 .debug_info    0x00003345      0x825 ./Core/Src/usb_descriptors.o
 .debug_info    0x00003b6a       0x30 ./Core/Startup/startup_stm32f411retx.o
 .debug_info    0x00003b9a      0x8c4 ./Drivers/STM32F4xx_HAL_Driver/Src/stm32f4xx_hal.o
 .debug_info    0x0000445e      0xcfc ./Drivers/STM32F4xx_HAL_Driver/Src/stm32f4xx_hal_cortex.o
 .debug_info    0x0000515a      0x6f9 ./Drivers/STM32F4xx_HAL_Driver/Src/stm32f4xx_hal_gpio.o
 .debug_info    0x00005853     0x1577 ./Drivers/STM32F4xx_HAL_Driver/Src/stm32f4xx_hal_pcd.o
 .debug_info    0x00006dca      0x904 ./Drivers/STM32F4xx_HAL_Driver/Src/stm32f4xx_hal_rcc.o
 .debug_info    0x000076ce     0x2f56 ./Drivers/STM32F4xx_HAL_Driver/Src/stm32f4xx_hal_uart.o
 .debug_info    0x0000a624     0x1993 ./Drivers/STM32F4xx_HAL_Driver/Src/stm32f4xx_ll_usb.o
 .debug_info    0x0000bfb7     0x15ab ./Libs/tinyusb/src/class/hid/hid_device.o
 .debug_info    0x0000d562     0x24cc ./Libs/tinyusb/src/class/msc/msc_device.o
 .debug_info    0x0000fa2e     0x129d ./Libs/tinyusb/src/class/vendor/vendor_device.o
 .debug_info    0x00010ccb     0x15b3 ./Libs/tinyusb/src/common/tusb_fifo.o
 .debug_info    0x0001227e     0x31dc ./Libs/tinyusb/src/device/usbd.o
 .debug_info    0x0001545a      0x75d ./Libs/tinyusb/src/device/usbd_control.o
 .debug_info    0x00015bb7     0x3b29 ./Libs/tinyusb/src/portable/synopsys/dwc2/dcd_dwc2.o
 .debug_info    0x000196e0     0x122c ./Libs/tinyusb/src/portable/synopsys/dwc2/dwc2_common.o
 .debug_info    0x0001a90c     0x1ac1 ./Libs/tinyusb/src/tusb.o

.debug_abbrev   0x00000000     0x4499
 .debug_abbrev  0x00000000      0x3e0 ./Core/Src/main.o
 .debug_abbrev  0x000003e0      0x1fd ./Core/Src/msc.o
 .debug_abbrev  0x000005dd      0x20d ./Core/Src/stm32f4xx_hal_msp.o
 .debug_abbrev  0x000007ea       0xa0 ./Core/Src/stm32f4xx_it.o
 .debug_abbrev  0x0000088a      0x11a ./Core/Src/system_stm32f4xx.o
 .debug_abbrev  0x000009a4      0x12c ./Core/Src/usb_descriptors.o
 .debug_abbrev  0x00000ad0       0x24 ./Core/Startup/startup_stm32f411retx.o
 .debug_abbrev  0x00000af4      0x24b ./Drivers/STM32F4xx_HAL_Driver/Src/stm32f4xx_hal.o
 .debug_abbrev  0x00000d3f      0x31d ./Drivers/STM32F4xx_HAL_Driver/Src/stm32f4xx_hal_cortex.o
 .debug_abbrev  0x0000105c      0x1d3 ./Drivers/STM32F4xx_HAL_Driver/Src/stm32f4xx_hal_gpio.o
 .debug_abbrev  0x0000122f      0x2b6 ./Drivers/STM32F4xx_HAL_Driver/Src/stm32f4xx_hal_pcd.o
 .debug_abbrev  0x000014e5      0x2b6 ./Drivers/STM32F4xx_HAL_Driver/Src/stm32f4xx_hal_rcc.o
 .debug_abbrev  0x0000179b      0x31b ./Drivers/STM32F4xx_HAL_Driver/Src/stm32f4xx_hal_uart.o
 .debug_abbrev  0x00001ab6      0x2b3 ./Drivers/STM32F4xx_HAL_Driver/Src/stm32f4xx_ll_usb.o
 .debug_abbrev  0x00001d69      0x459 ./Libs/tinyusb/src/class/hid/hid_device.o
 .debug_abbrev  0x000021c2      0x5c5 ./Libs/tinyusb/src/class/msc/msc_device.o
 .debug_abbrev  0x00002787      0x3c0 ./Libs/tinyusb/src/class/vendor/vendor_device.o
 .debug_abbrev  0x00002b47      0x37e ./Libs/tinyusb/src/common/tusb_fifo.o
 .debug_abbrev  0x00002ec5      0x595 ./Libs/tinyusb/src/device/usbd.o
 .debug_abbrev  0x0000345a      0x30c ./Libs/tinyusb/src/device/usbd_control.o
 .debug_abbrev  0x00003766      0x577 ./Libs/tinyusb/src/portable/synopsys/dwc2/dcd_dwc2.o
 .debug_abbrev  0x00003cdd      0x3d1 ./Libs/tinyusb/src/portable/synopsys/dwc2/dwc2_common.o
 .debug_abbrev  0x000040ae      0x3eb ./Libs/tinyusb/src/tusb.o

.debug_aranges  0x00000000     0x1188
 .debug_aranges
                0x00000000       0x70 ./Core/Src/main.o
 .debug_aranges
                0x00000070       0x58 ./Core/Src/msc.o
 .debug_aranges
                0x000000c8       0x40 ./Core/Src/stm32f4xx_hal_msp.o
 .debug_aranges
                0x00000108       0x68 ./Core/Src/stm32f4xx_it.o
 .debug_aranges
                0x00000170       0x28 ./Core/Src/system_stm32f4xx.o
 .debug_aranges
                0x00000198       0x38 ./Core/Src/usb_descriptors.o
 .debug_aranges
                0x000001d0       0x28 ./Core/Startup/startup_stm32f411retx.o
 .debug_aranges
                0x000001f8       0xf0 ./Drivers/STM32F4xx_HAL_Driver/Src/stm32f4xx_hal.o
 .debug_aranges
                0x000002e8      0x130 ./Drivers/STM32F4xx_HAL_Driver/Src/stm32f4xx_hal_cortex.o
 .debug_aranges
                0x00000418       0x58 ./Drivers/STM32F4xx_HAL_Driver/Src/stm32f4xx_hal_gpio.o
 .debug_aranges
                0x00000470      0x148 ./Drivers/STM32F4xx_HAL_Driver/Src/stm32f4xx_hal_pcd.o
 .debug_aranges
                0x000005b8       0x88 ./Drivers/STM32F4xx_HAL_Driver/Src/stm32f4xx_hal_rcc.o
 .debug_aranges
                0x00000640      0x208 ./Drivers/STM32F4xx_HAL_Driver/Src/stm32f4xx_hal_uart.o
 .debug_aranges
                0x00000848      0x1a0 ./Drivers/STM32F4xx_HAL_Driver/Src/stm32f4xx_ll_usb.o
 .debug_aranges
                0x000009e8       0xb0 ./Libs/tinyusb/src/class/hid/hid_device.o
 .debug_aranges
                0x00000a98      0x100 ./Libs/tinyusb/src/class/msc/msc_device.o
 .debug_aranges
                0x00000b98       0xa0 ./Libs/tinyusb/src/class/vendor/vendor_device.o
 .debug_aranges
                0x00000c38       0xc0 ./Libs/tinyusb/src/common/tusb_fifo.o
 .debug_aranges
                0x00000cf8      0x1d8 ./Libs/tinyusb/src/device/usbd.o
 .debug_aranges
                0x00000ed0       0x60 ./Libs/tinyusb/src/device/usbd_control.o
 .debug_aranges
                0x00000f30      0x120 ./Libs/tinyusb/src/portable/synopsys/dwc2/dcd_dwc2.o
 .debug_aranges
                0x00001050       0x68 ./Libs/tinyusb/src/portable/synopsys/dwc2/dwc2_common.o
 .debug_aranges
                0x000010b8       0xd0 ./Libs/tinyusb/src/tusb.o

.debug_rnglists
                0x00000000      0xeac
 .debug_rnglists
                0x00000000       0x52 ./Core/Src/main.o
 .debug_rnglists
                0x00000052       0x3e ./Core/Src/msc.o
 .debug_rnglists
                0x00000090       0x2d ./Core/Src/stm32f4xx_hal_msp.o
 .debug_rnglists
                0x000000bd       0x49 ./Core/Src/stm32f4xx_it.o
 .debug_rnglists
                0x00000106       0x1a ./Core/Src/system_stm32f4xx.o
 .debug_rnglists
                0x00000120       0x25 ./Core/Src/usb_descriptors.o
 .debug_rnglists
                0x00000145       0x19 ./Core/Startup/startup_stm32f411retx.o
 .debug_rnglists
                0x0000015e       0xaf ./Drivers/STM32F4xx_HAL_Driver/Src/stm32f4xx_hal.o
 .debug_rnglists
                0x0000020d       0xe0 ./Drivers/STM32F4xx_HAL_Driver/Src/stm32f4xx_hal_cortex.o
 .debug_rnglists
                0x000002ed       0x3f ./Drivers/STM32F4xx_HAL_Driver/Src/stm32f4xx_hal_gpio.o
 .debug_rnglists
                0x0000032c       0xfa ./Drivers/STM32F4xx_HAL_Driver/Src/stm32f4xx_hal_pcd.o
 .debug_rnglists
                0x00000426       0x66 ./Drivers/STM32F4xx_HAL_Driver/Src/stm32f4xx_hal_rcc.o
 .debug_rnglists
                0x0000048c      0x1bc ./Drivers/STM32F4xx_HAL_Driver/Src/stm32f4xx_hal_uart.o
 .debug_rnglists
                0x00000648      0x147 ./Drivers/STM32F4xx_HAL_Driver/Src/stm32f4xx_ll_usb.o
 .debug_rnglists
                0x0000078f       0x84 ./Libs/tinyusb/src/class/hid/hid_device.o
 .debug_rnglists
                0x00000813      0x158 ./Libs/tinyusb/src/class/msc/msc_device.o
 .debug_rnglists
                0x0000096b       0x78 ./Libs/tinyusb/src/class/vendor/vendor_device.o
 .debug_rnglists
                0x000009e3       0x95 ./Libs/tinyusb/src/common/tusb_fifo.o
 .debug_rnglists
                0x00000a78      0x1e0 ./Libs/tinyusb/src/device/usbd.o
 .debug_rnglists
                0x00000c58       0x46 ./Libs/tinyusb/src/device/usbd_control.o
 .debug_rnglists
                0x00000c9e      0x106 ./Libs/tinyusb/src/portable/synopsys/dwc2/dcd_dwc2.o
 .debug_rnglists
                0x00000da4       0x4e ./Libs/tinyusb/src/portable/synopsys/dwc2/dwc2_common.o
 .debug_rnglists
                0x00000df2       0xba ./Libs/tinyusb/src/tusb.o

.debug_macro    0x00000000    0x1c1d8
 .debug_macro   0x00000000      0x3d2 ./Core/Src/main.o
 .debug_macro   0x000003d2      0xad8 ./Core/Src/main.o
 .debug_macro   0x00000eaa      0x29b ./Core/Src/main.o
 .debug_macro   0x00001145       0x2e ./Core/Src/main.o
 .debug_macro   0x00001173       0x28 ./Core/Src/main.o
 .debug_macro   0x0000119b       0x22 ./Core/Src/main.o
 .debug_macro   0x000011bd       0x8e ./Core/Src/main.o
 .debug_macro   0x0000124b       0x51 ./Core/Src/main.o
 .debug_macro   0x0000129c      0x103 ./Core/Src/main.o
 .debug_macro   0x0000139f       0x6a ./Core/Src/main.o
 .debug_macro   0x00001409      0x1df ./Core/Src/main.o
 .debug_macro   0x000015e8       0x1c ./Core/Src/main.o
 .debug_macro   0x00001604       0x22 ./Core/Src/main.o
 .debug_macro   0x00001626       0xfb ./Core/Src/main.o
 .debug_macro   0x00001721     0x1011 ./Core/Src/main.o
 .debug_macro   0x00002732      0x11f ./Core/Src/main.o
 .debug_macro   0x00002851     0xb968 ./Core/Src/main.o
 .debug_macro   0x0000e1b9       0x6d ./Core/Src/main.o
 .debug_macro   0x0000e226     0x3693 ./Core/Src/main.o
 .debug_macro   0x000118b9      0x190 ./Core/Src/main.o
 .debug_macro   0x00011a49       0x5c ./Core/Src/main.o
 .debug_macro   0x00011aa5      0x45c ./Core/Src/main.o
 .debug_macro   0x00011f01      0x9e9 ./Core/Src/main.o
 .debug_macro   0x000128ea      0x115 ./Core/Src/main.o
 .debug_macro   0x000129ff      0x11b ./Core/Src/main.o
 .debug_macro   0x00012b1a       0xa5 ./Core/Src/main.o
 .debug_macro   0x00012bbf      0x15f ./Core/Src/main.o
 .debug_macro   0x00012d1e      0x287 ./Core/Src/main.o
 .debug_macro   0x00012fa5       0x5f ./Core/Src/main.o
 .debug_macro   0x00013004      0x236 ./Core/Src/main.o
 .debug_macro   0x0001323a      0x132 ./Core/Src/main.o
 .debug_macro   0x0001336c      0x264 ./Core/Src/main.o
 .debug_macro   0x000135d0       0x2e ./Core/Src/main.o
 .debug_macro   0x000135fe      0x127 ./Core/Src/main.o
 .debug_macro   0x00013725       0x85 ./Core/Src/main.o
 .debug_macro   0x000137aa       0x89 ./Core/Src/main.o
 .debug_macro   0x00013833      0x2aa ./Core/Src/main.o
 .debug_macro   0x00013add      0x293 ./Core/Src/main.o
 .debug_macro   0x00013d70       0xba ./Core/Src/main.o
 .debug_macro   0x00013e2a      0x126 ./Core/Src/main.o
 .debug_macro   0x00013f50       0x58 ./Core/Src/main.o
 .debug_macro   0x00013fa8       0x61 ./Core/Src/main.o
 .debug_macro   0x00014009       0x2a ./Core/Src/main.o
 .debug_macro   0x00014033       0x43 ./Core/Src/main.o
 .debug_macro   0x00014076       0x34 ./Core/Src/main.o
 .debug_macro   0x000140aa      0x370 ./Core/Src/main.o
 .debug_macro   0x0001441a       0x16 ./Core/Src/main.o
 .debug_macro   0x00014430       0x4a ./Core/Src/main.o
 .debug_macro   0x0001447a       0x34 ./Core/Src/main.o
 .debug_macro   0x000144ae       0x10 ./Core/Src/main.o
 .debug_macro   0x000144be       0x58 ./Core/Src/main.o
 .debug_macro   0x00014516       0x8e ./Core/Src/main.o
 .debug_macro   0x000145a4       0x1c ./Core/Src/main.o
 .debug_macro   0x000145c0      0x185 ./Core/Src/main.o
 .debug_macro   0x00014745       0x10 ./Core/Src/main.o
 .debug_macro   0x00014755       0x3c ./Core/Src/main.o
 .debug_macro   0x00014791       0x20 ./Core/Src/main.o
 .debug_macro   0x000147b1       0x22 ./Core/Src/main.o
 .debug_macro   0x000147d3       0xa0 ./Core/Src/main.o
 .debug_macro   0x00014873       0x10 ./Core/Src/main.o
 .debug_macro   0x00014883      0x460 ./Core/Src/main.o
 .debug_macro   0x00014ce3      0x19c ./Core/Src/main.o
 .debug_macro   0x00014e7f      0x3a9 ./Core/Src/main.o
 .debug_macro   0x00015228       0x58 ./Core/Src/main.o
 .debug_macro   0x00015280       0x3b ./Core/Src/main.o
 .debug_macro   0x000152bb      0x218 ./Core/Src/main.o
 .debug_macro   0x000154d3       0x46 ./Core/Src/main.o
 .debug_macro   0x00015519       0x3c ./Core/Src/main.o
 .debug_macro   0x00015555       0xc7 ./Core/Src/main.o
 .debug_macro   0x0001561c       0x10 ./Core/Src/main.o
 .debug_macro   0x0001562c       0x28 ./Core/Src/main.o
 .debug_macro   0x00015654       0x25 ./Core/Src/main.o
 .debug_macro   0x00015679       0x25 ./Core/Src/main.o
 .debug_macro   0x0001569e      0x44d ./Core/Src/main.o
 .debug_macro   0x00015aeb      0x80d ./Core/Src/main.o
 .debug_macro   0x000162f8       0x4a ./Core/Src/main.o
 .debug_macro   0x00016342       0x23 ./Core/Src/main.o
 .debug_macro   0x00016365       0x20 ./Core/Src/main.o
 .debug_macro   0x00016385       0x16 ./Core/Src/main.o
 .debug_macro   0x0001639b      0x3ce ./Core/Src/msc.o
 .debug_macro   0x00016769       0x5b ./Core/Src/msc.o
 .debug_macro   0x000167c4       0x94 ./Core/Src/msc.o
 .debug_macro   0x00016858       0x57 ./Core/Src/msc.o
 .debug_macro   0x000168af       0x58 ./Core/Src/msc.o
 .debug_macro   0x00016907       0x56 ./Core/Src/msc.o
 .debug_macro   0x0001695d      0x1ed ./Core/Src/stm32f4xx_hal_msp.o
 .debug_macro   0x00016b4a      0x3d0 ./Core/Src/stm32f4xx_it.o
 .debug_macro   0x00016f1a       0x3a ./Core/Src/stm32f4xx_it.o
 .debug_macro   0x00016f54      0x1de ./Core/Src/system_stm32f4xx.o
 .debug_macro   0x00017132      0x265 ./Core/Src/usb_descriptors.o
 .debug_macro   0x00017397       0x89 ./Core/Src/usb_descriptors.o
 .debug_macro   0x00017420      0x119 ./Core/Src/usb_descriptors.o
 .debug_macro   0x00017539      0x23e ./Drivers/STM32F4xx_HAL_Driver/Src/stm32f4xx_hal.o
 .debug_macro   0x00017777      0x1de ./Drivers/STM32F4xx_HAL_Driver/Src/stm32f4xx_hal_cortex.o
 .debug_macro   0x00017955      0x1e4 ./Drivers/STM32F4xx_HAL_Driver/Src/stm32f4xx_hal_gpio.o
 .debug_macro   0x00017b39      0x1ea ./Drivers/STM32F4xx_HAL_Driver/Src/stm32f4xx_hal_pcd.o
 .debug_macro   0x00017d23      0x202 ./Drivers/STM32F4xx_HAL_Driver/Src/stm32f4xx_hal_rcc.o
 .debug_macro   0x00017f25      0x1df ./Drivers/STM32F4xx_HAL_Driver/Src/stm32f4xx_hal_uart.o
 .debug_macro   0x00018104      0x1de ./Drivers/STM32F4xx_HAL_Driver/Src/stm32f4xx_ll_usb.o
 .debug_macro   0x000182e2      0x220 ./Libs/tinyusb/src/class/hid/hid_device.o
 .debug_macro   0x00018502      0x447 ./Libs/tinyusb/src/class/hid/hid_device.o
 .debug_macro   0x00018949       0x2e ./Libs/tinyusb/src/class/hid/hid_device.o
 .debug_macro   0x00018977       0x10 ./Libs/tinyusb/src/class/hid/hid_device.o
 .debug_macro   0x00018987      0x22c ./Libs/tinyusb/src/class/msc/msc_device.o
 .debug_macro   0x00018bb3      0x217 ./Libs/tinyusb/src/class/vendor/vendor_device.o
 .debug_macro   0x00018dca      0x1fc ./Libs/tinyusb/src/common/tusb_fifo.o
 .debug_macro   0x00018fc6      0x27a ./Libs/tinyusb/src/device/usbd.o
 .debug_macro   0x00019240       0x10 ./Libs/tinyusb/src/device/usbd.o
 .debug_macro   0x00019250      0x262 ./Libs/tinyusb/src/device/usbd_control.o
 .debug_macro   0x000194b2      0x3a7 ./Libs/tinyusb/src/portable/synopsys/dwc2/dcd_dwc2.o
 .debug_macro   0x00019859     0x2368 ./Libs/tinyusb/src/portable/synopsys/dwc2/dcd_dwc2.o
 .debug_macro   0x0001bbc1       0x31 ./Libs/tinyusb/src/portable/synopsys/dwc2/dcd_dwc2.o
 .debug_macro   0x0001bbf2      0x388 ./Libs/tinyusb/src/portable/synopsys/dwc2/dwc2_common.o
 .debug_macro   0x0001bf7a      0x25e ./Libs/tinyusb/src/tusb.o

.debug_line     0x00000000    0x174b7
 .debug_line    0x00000000      0xeba ./Core/Src/main.o
 .debug_line    0x00000eba      0xd45 ./Core/Src/msc.o
 .debug_line    0x00001bff      0x7fb ./Core/Src/stm32f4xx_hal_msp.o
 .debug_line    0x000023fa      0xcb6 ./Core/Src/stm32f4xx_it.o
 .debug_line    0x000030b0      0x7d2 ./Core/Src/system_stm32f4xx.o
 .debug_line    0x00003882      0x906 ./Core/Src/usb_descriptors.o
 .debug_line    0x00004188       0x7a ./Core/Startup/startup_stm32f411retx.o
 .debug_line    0x00004202      0xa4e ./Drivers/STM32F4xx_HAL_Driver/Src/stm32f4xx_hal.o
 .debug_line    0x00004c50      0xd1e ./Drivers/STM32F4xx_HAL_Driver/Src/stm32f4xx_hal_cortex.o
 .debug_line    0x0000596e      0xb6a ./Drivers/STM32F4xx_HAL_Driver/Src/stm32f4xx_hal_gpio.o
 .debug_line    0x000064d8     0x1499 ./Drivers/STM32F4xx_HAL_Driver/Src/stm32f4xx_hal_pcd.o
 .debug_line    0x00007971      0xe5d ./Drivers/STM32F4xx_HAL_Driver/Src/stm32f4xx_hal_rcc.o
 .debug_line    0x000087ce     0x2596 ./Drivers/STM32F4xx_HAL_Driver/Src/stm32f4xx_hal_uart.o
 .debug_line    0x0000ad64     0x1d26 ./Drivers/STM32F4xx_HAL_Driver/Src/stm32f4xx_ll_usb.o
 .debug_line    0x0000ca8a      0xe47 ./Libs/tinyusb/src/class/hid/hid_device.o
 .debug_line    0x0000d8d1     0x153e ./Libs/tinyusb/src/class/msc/msc_device.o
 .debug_line    0x0000ee0f      0xd4d ./Libs/tinyusb/src/class/vendor/vendor_device.o
 .debug_line    0x0000fb5c     0x1115 ./Libs/tinyusb/src/common/tusb_fifo.o
 .debug_line    0x00010c71     0x1d9b ./Libs/tinyusb/src/device/usbd.o
 .debug_line    0x00012a0c      0xb71 ./Libs/tinyusb/src/device/usbd_control.o
 .debug_line    0x0001357d     0x1dbe ./Libs/tinyusb/src/portable/synopsys/dwc2/dcd_dwc2.o
 .debug_line    0x0001533b      0xeb3 ./Libs/tinyusb/src/portable/synopsys/dwc2/dwc2_common.o
 .debug_line    0x000161ee     0x12c9 ./Libs/tinyusb/src/tusb.o

.debug_str      0x00000000    0xaad10
 .debug_str     0x00000000    0xaad10 ./Core/Src/main.o
                              0x98fef (size before relaxing)
 .debug_str     0x000aad10    0x982e1 ./Core/Src/msc.o
 .debug_str     0x000aad10    0x821c7 ./Core/Src/stm32f4xx_hal_msp.o
 .debug_str     0x000aad10    0x9814c ./Core/Src/stm32f4xx_it.o
 .debug_str     0x000aad10    0x81499 ./Core/Src/system_stm32f4xx.o
 .debug_str     0x000aad10    0x1c41a ./Core/Src/usb_descriptors.o
 .debug_str     0x000aad10       0x7d ./Core/Startup/startup_stm32f411retx.o
 .debug_str     0x000aad10    0x81ec5 ./Drivers/STM32F4xx_HAL_Driver/Src/stm32f4xx_hal.o
 .debug_str     0x000aad10    0x81c2f ./Drivers/STM32F4xx_HAL_Driver/Src/stm32f4xx_hal_cortex.o
 .debug_str     0x000aad10    0x81614 ./Drivers/STM32F4xx_HAL_Driver/Src/stm32f4xx_hal_gpio.o
 .debug_str     0x000aad10    0x81f65 ./Drivers/STM32F4xx_HAL_Driver/Src/stm32f4xx_hal_pcd.o
 .debug_str     0x000aad10    0x818cd ./Drivers/STM32F4xx_HAL_Driver/Src/stm32f4xx_hal_rcc.o
 .debug_str     0x000aad10    0x81e9c ./Drivers/STM32F4xx_HAL_Driver/Src/stm32f4xx_hal_uart.o
 .debug_str     0x000aad10    0x81e40 ./Drivers/STM32F4xx_HAL_Driver/Src/stm32f4xx_ll_usb.o
 .debug_str     0x000aad10    0x1ba37 ./Libs/tinyusb/src/class/hid/hid_device.o
 .debug_str     0x000aad10    0x15a97 ./Libs/tinyusb/src/class/msc/msc_device.o
 .debug_str     0x000aad10    0x15020 ./Libs/tinyusb/src/class/vendor/vendor_device.o
 .debug_str     0x000aad10     0xc7bf ./Libs/tinyusb/src/common/tusb_fifo.o
 .debug_str     0x000aad10    0x1c5eb ./Libs/tinyusb/src/device/usbd.o
 .debug_str     0x000aad10    0x1b1f5 ./Libs/tinyusb/src/device/usbd_control.o
 .debug_str     0x000aad10    0x97076 ./Libs/tinyusb/src/portable/synopsys/dwc2/dcd_dwc2.o
 .debug_str     0x000aad10    0x96109 ./Libs/tinyusb/src/portable/synopsys/dwc2/dwc2_common.o
 .debug_str     0x000aad10    0x1b996 ./Libs/tinyusb/src/tusb.o

.comment        0x00000000       0x43
 .comment       0x00000000       0x43 ./Core/Src/main.o
                                 0x44 (size before relaxing)
 .comment       0x00000043       0x44 ./Core/Src/msc.o
 .comment       0x00000043       0x44 ./Core/Src/stm32f4xx_hal_msp.o
 .comment       0x00000043       0x44 ./Core/Src/stm32f4xx_it.o
 .comment       0x00000043       0x44 ./Core/Src/system_stm32f4xx.o
 .comment       0x00000043       0x44 ./Core/Src/usb_descriptors.o
 .comment       0x00000043       0x44 ./Drivers/STM32F4xx_HAL_Driver/Src/stm32f4xx_hal.o
 .comment       0x00000043       0x44 ./Drivers/STM32F4xx_HAL_Driver/Src/stm32f4xx_hal_cortex.o
 .comment       0x00000043       0x44 ./Drivers/STM32F4xx_HAL_Driver/Src/stm32f4xx_hal_gpio.o
 .comment       0x00000043       0x44 ./Drivers/STM32F4xx_HAL_Driver/Src/stm32f4xx_hal_pcd.o
 .comment       0x00000043       0x44 ./Drivers/STM32F4xx_HAL_Driver/Src/stm32f4xx_hal_rcc.o
 .comment       0x00000043       0x44 ./Drivers/STM32F4xx_HAL_Driver/Src/stm32f4xx_hal_uart.o
 .comment       0x00000043       0x44 ./Drivers/STM32F4xx_HAL_Driver/Src/stm32f4xx_ll_usb.o
 .comment       0x00000043       0x44 ./Libs/tinyusb/src/class/hid/hid_device.o
 .comment       0x00000043       0x44 ./Libs/tinyusb/src/class/msc/msc_device.o
 .comment       0x00000043       0x44 ./Libs/tinyusb/src/class/vendor/vendor_device.o
 .comment       0x00000043       0x44 ./Libs/tinyusb/src/common/tusb_fifo.o
 .comment       0x00000043       0x44 ./Libs/tinyusb/src/device/usbd.o
 .comment       0x00000043       0x44 ./Libs/tinyusb/src/device/usbd_control.o
 .comment       0x00000043       0x44 ./Libs/tinyusb/src/portable/synopsys/dwc2/dcd_dwc2.o
 .comment       0x00000043       0x44 ./Libs/tinyusb/src/portable/synopsys/dwc2/dwc2_common.o
 .comment       0x00000043       0x44 ./Libs/tinyusb/src/tusb.o

.debug_frame    0x00000000     0x49ac
 .debug_frame   0x00000000      0x184 ./Core/Src/main.o
 .debug_frame   0x00000184      0x144 ./Core/Src/msc.o
 .debug_frame   0x000002c8       0xc4 ./Core/Src/stm32f4xx_hal_msp.o
 .debug_frame   0x0000038c      0x120 ./Core/Src/stm32f4xx_it.o
 .debug_frame   0x000004ac       0x58 ./Core/Src/system_stm32f4xx.o
 .debug_frame   0x00000504       0xa8 ./Core/Src/usb_descriptors.o
 .debug_frame   0x000005ac      0x374 ./Drivers/STM32F4xx_HAL_Driver/Src/stm32f4xx_hal.o
 .debug_frame   0x00000920      0x508 ./Drivers/STM32F4xx_HAL_Driver/Src/stm32f4xx_hal_cortex.o
 .debug_frame   0x00000e28      0x14c ./Drivers/STM32F4xx_HAL_Driver/Src/stm32f4xx_hal_gpio.o
 .debug_frame   0x00000f74      0x5b8 ./Drivers/STM32F4xx_HAL_Driver/Src/stm32f4xx_hal_pcd.o
 .debug_frame   0x0000152c      0x1f4 ./Drivers/STM32F4xx_HAL_Driver/Src/stm32f4xx_hal_rcc.o
 .debug_frame   0x00001720      0x954 ./Drivers/STM32F4xx_HAL_Driver/Src/stm32f4xx_hal_uart.o
 .debug_frame   0x00002074      0x7c0 ./Drivers/STM32F4xx_HAL_Driver/Src/stm32f4xx_ll_usb.o
 .debug_frame   0x00002834      0x2e8 ./Libs/tinyusb/src/class/hid/hid_device.o
 .debug_frame   0x00002b1c      0x468 ./Libs/tinyusb/src/class/msc/msc_device.o
 .debug_frame   0x00002f84      0x290 ./Libs/tinyusb/src/class/vendor/vendor_device.o
 .debug_frame   0x00003214      0x334 ./Libs/tinyusb/src/common/tusb_fifo.o
 .debug_frame   0x00003548      0x808 ./Libs/tinyusb/src/device/usbd.o
 .debug_frame   0x00003d50      0x15c ./Libs/tinyusb/src/device/usbd_control.o
 .debug_frame   0x00003eac      0x4e4 ./Libs/tinyusb/src/portable/synopsys/dwc2/dcd_dwc2.o
 .debug_frame   0x00004390      0x194 ./Libs/tinyusb/src/portable/synopsys/dwc2/dwc2_common.o
 .debug_frame   0x00004524      0x38c ./Libs/tinyusb/src/tusb.o
 .debug_frame   0x000048b0       0x28 C:/ST/STM32CubeIDE_1.19.0/STM32CubeIDE/plugins/com.st.stm32cube.ide.mcu.externaltools.gnu-tools-for-stm32.13.3.rel1.win32_1.0.0.202411081344/tools/bin/../lib/gcc/arm-none-eabi/13.3.1/../../../../arm-none-eabi/lib/thumb/v7e-m+fp/hard\libc_nano.a(libc_a-memmove.o)
 .debug_frame   0x000048d8       0x20 C:/ST/STM32CubeIDE_1.19.0/STM32CubeIDE/plugins/com.st.stm32cube.ide.mcu.externaltools.gnu-tools-for-stm32.13.3.rel1.win32_1.0.0.202411081344/tools/bin/../lib/gcc/arm-none-eabi/13.3.1/../../../../arm-none-eabi/lib/thumb/v7e-m+fp/hard\libc_nano.a(libc_a-memset.o)
 .debug_frame   0x000048f8       0x2c C:/ST/STM32CubeIDE_1.19.0/STM32CubeIDE/plugins/com.st.stm32cube.ide.mcu.externaltools.gnu-tools-for-stm32.13.3.rel1.win32_1.0.0.202411081344/tools/bin/../lib/gcc/arm-none-eabi/13.3.1/../../../../arm-none-eabi/lib/thumb/v7e-m+fp/hard\libc_nano.a(libc_a-init.o)
 .debug_frame   0x00004924       0x28 C:/ST/STM32CubeIDE_1.19.0/STM32CubeIDE/plugins/com.st.stm32cube.ide.mcu.externaltools.gnu-tools-for-stm32.13.3.rel1.win32_1.0.0.202411081344/tools/bin/../lib/gcc/arm-none-eabi/13.3.1/../../../../arm-none-eabi/lib/thumb/v7e-m+fp/hard\libc_nano.a(libc_a-memcpy-stub.o)
 .debug_frame   0x0000494c       0x2c C:/ST/STM32CubeIDE_1.19.0/STM32CubeIDE/plugins/com.st.stm32cube.ide.mcu.externaltools.gnu-tools-for-stm32.13.3.rel1.win32_1.0.0.202411081344/tools/bin/../lib/gcc/arm-none-eabi/13.3.1/thumb/v7e-m+fp/hard\libgcc.a(_aeabi_uldivmod.o)
 .debug_frame   0x00004978       0x34 C:/ST/STM32CubeIDE_1.19.0/STM32CubeIDE/plugins/com.st.stm32cube.ide.mcu.externaltools.gnu-tools-for-stm32.13.3.rel1.win32_1.0.0.202411081344/tools/bin/../lib/gcc/arm-none-eabi/13.3.1/thumb/v7e-m+fp/hard\libgcc.a(_udivmoddi4.o)

.debug_line_str
                0x00000000       0x61
 .debug_line_str
                0x00000000       0x61 ./Core/Startup/startup_stm32f411retx.o
