../Libs/tinyusb/src/class/msc/msc_device.c:47:19:tud_msc_inquiry_cb	24	static
../Libs/tinyusb/src/class/msc/msc_device.c:50:23:tud_msc_inquiry2_cb	24	static
../Libs/tinyusb/src/class/msc/msc_device.c:127:13:fail_scsi_op	40	static
../Libs/tinyusb/src/class/msc/msc_device.c:171:16:rdwr10_validate_cmd	48	static
../Libs/tinyusb/src/class/msc/msc_device.c:203:13:proc_stage_status	56	static,ignoring_inline_asm
../Libs/tinyusb/src/class/msc/msc_device.c:233:19:tud_msc_read10_complete_cb	16	static
../Libs/tinyusb/src/class/msc/msc_device.c:237:19:tud_msc_write10_complete_cb	16	static
../Libs/tinyusb/src/class/msc/msc_device.c:241:19:tud_msc_scsi_complete_cb	16	static
../Libs/tinyusb/src/class/msc/msc_device.c:246:22:tud_msc_get_maxlun_cb	4	static
../Libs/tinyusb/src/class/msc/msc_device.c:250:19:tud_msc_start_stop_cb	16	static
../Libs/tinyusb/src/class/msc/msc_device.c:258:19:tud_msc_prevent_allow_medium_removal_cb	16	static
../Libs/tinyusb/src/class/msc/msc_device.c:265:22:tud_msc_request_sense_cb	16	static
../Libs/tinyusb/src/class/msc/msc_device.c:272:19:tud_msc_is_writable_cb	16	static
../Libs/tinyusb/src/class/msc/msc_device.c:306:6:tud_msc_set_sense	16	static
../Libs/tinyusb/src/class/msc/msc_device.c:319:13:proc_async_io_done	32	static
../Libs/tinyusb/src/class/msc/msc_device.c:344:6:tud_msc_async_io_done	16	static
../Libs/tinyusb/src/class/msc/msc_device.c:357:6:mscd_init	8	static
../Libs/tinyusb/src/class/msc/msc_device.c:362:6:mscd_deinit	4	static
../Libs/tinyusb/src/class/msc/msc_device.c:366:6:mscd_reset	16	static
../Libs/tinyusb/src/class/msc/msc_device.c:371:10:mscd_open	64	static,ignoring_inline_asm
../Libs/tinyusb/src/class/msc/msc_device.c:392:13:proc_bot_reset	16	static
../Libs/tinyusb/src/class/msc/msc_device.c:404:6:mscd_control_xfer_cb	64	static,ignoring_inline_asm
../Libs/tinyusb/src/class/msc/msc_device.c:472:6:mscd_xfer_cb	120	static,ignoring_inline_asm
../Libs/tinyusb/src/class/msc/msc_device.c:672:16:proc_builtin_scsi	184	static
../Libs/tinyusb/src/class/msc/msc_device.c:847:13:proc_read10_cmd	80	static
../Libs/tinyusb/src/class/msc/msc_device.c:866:13:proc_read_io_data	56	static,ignoring_inline_asm
../Libs/tinyusb/src/class/msc/msc_device.c:890:13:proc_write10_cmd	48	static,ignoring_inline_asm
../Libs/tinyusb/src/class/msc/msc_device.c:909:13:proc_write10_host_data	72	static
../Libs/tinyusb/src/class/msc/msc_device.c:926:13:proc_write_io_data	56	static
