Archive member included to satisfy reference by file (symbol)

C:/ST/STM32CubeIDE_1.19.0/STM32CubeIDE/plugins/com.st.stm32cube.ide.mcu.externaltools.gnu-tools-for-stm32.13.3.rel1.win32_1.0.0.202411081344/tools/bin/../lib/gcc/arm-none-eabi/13.3.1/../../../../arm-none-eabi/lib/thumb/v7e-m+fp/hard\libc_nano.a(libc_a-exit.o)
                              C:/ST/STM32CubeIDE_1.19.0/STM32CubeIDE/plugins/com.st.stm32cube.ide.mcu.externaltools.gnu-tools-for-stm32.13.3.rel1.win32_1.0.0.202411081344/tools/bin/../lib/gcc/arm-none-eabi/13.3.1/../../../../arm-none-eabi/lib/thumb/v7e-m+fp/hard/crt0.o (exit)
C:/ST/STM32CubeIDE_1.19.0/STM32CubeIDE/plugins/com.st.stm32cube.ide.mcu.externaltools.gnu-tools-for-stm32.13.3.rel1.win32_1.0.0.202411081344/tools/bin/../lib/gcc/arm-none-eabi/13.3.1/../../../../arm-none-eabi/lib/thumb/v7e-m+fp/hard\libc_nano.a(libc_a-findfp.o)
                              C:/ST/STM32CubeIDE_1.19.0/STM32CubeIDE/plugins/com.st.stm32cube.ide.mcu.externaltools.gnu-tools-for-stm32.13.3.rel1.win32_1.0.0.202411081344/tools/bin/../lib/gcc/arm-none-eabi/13.3.1/../../../../arm-none-eabi/lib/thumb/v7e-m+fp/hard\libc_nano.a(libc_a-exit.o) (__stdio_exit_handler)
C:/ST/STM32CubeIDE_1.19.0/STM32CubeIDE/plugins/com.st.stm32cube.ide.mcu.externaltools.gnu-tools-for-stm32.13.3.rel1.win32_1.0.0.202411081344/tools/bin/../lib/gcc/arm-none-eabi/13.3.1/../../../../arm-none-eabi/lib/thumb/v7e-m+fp/hard\libc_nano.a(libc_a-fwalk.o)
                              C:/ST/STM32CubeIDE_1.19.0/STM32CubeIDE/plugins/com.st.stm32cube.ide.mcu.externaltools.gnu-tools-for-stm32.13.3.rel1.win32_1.0.0.202411081344/tools/bin/../lib/gcc/arm-none-eabi/13.3.1/../../../../arm-none-eabi/lib/thumb/v7e-m+fp/hard\libc_nano.a(libc_a-findfp.o) (_fwalk_sglue)
C:/ST/STM32CubeIDE_1.19.0/STM32CubeIDE/plugins/com.st.stm32cube.ide.mcu.externaltools.gnu-tools-for-stm32.13.3.rel1.win32_1.0.0.202411081344/tools/bin/../lib/gcc/arm-none-eabi/13.3.1/../../../../arm-none-eabi/lib/thumb/v7e-m+fp/hard\libc_nano.a(libc_a-printf.o)
                              ./Core/Src/msc.o (printf)
C:/ST/STM32CubeIDE_1.19.0/STM32CubeIDE/plugins/com.st.stm32cube.ide.mcu.externaltools.gnu-tools-for-stm32.13.3.rel1.win32_1.0.0.202411081344/tools/bin/../lib/gcc/arm-none-eabi/13.3.1/../../../../arm-none-eabi/lib/thumb/v7e-m+fp/hard\libc_nano.a(libc_a-puts.o)
                              ./Core/Src/main.o (puts)
C:/ST/STM32CubeIDE_1.19.0/STM32CubeIDE/plugins/com.st.stm32cube.ide.mcu.externaltools.gnu-tools-for-stm32.13.3.rel1.win32_1.0.0.202411081344/tools/bin/../lib/gcc/arm-none-eabi/13.3.1/../../../../arm-none-eabi/lib/thumb/v7e-m+fp/hard\libc_nano.a(libc_a-stdio.o)
                              C:/ST/STM32CubeIDE_1.19.0/STM32CubeIDE/plugins/com.st.stm32cube.ide.mcu.externaltools.gnu-tools-for-stm32.13.3.rel1.win32_1.0.0.202411081344/tools/bin/../lib/gcc/arm-none-eabi/13.3.1/../../../../arm-none-eabi/lib/thumb/v7e-m+fp/hard\libc_nano.a(libc_a-findfp.o) (__sread)
C:/ST/STM32CubeIDE_1.19.0/STM32CubeIDE/plugins/com.st.stm32cube.ide.mcu.externaltools.gnu-tools-for-stm32.13.3.rel1.win32_1.0.0.202411081344/tools/bin/../lib/gcc/arm-none-eabi/13.3.1/../../../../arm-none-eabi/lib/thumb/v7e-m+fp/hard\libc_nano.a(libc_a-wbuf.o)
                              C:/ST/STM32CubeIDE_1.19.0/STM32CubeIDE/plugins/com.st.stm32cube.ide.mcu.externaltools.gnu-tools-for-stm32.13.3.rel1.win32_1.0.0.202411081344/tools/bin/../lib/gcc/arm-none-eabi/13.3.1/../../../../arm-none-eabi/lib/thumb/v7e-m+fp/hard\libc_nano.a(libc_a-puts.o) (__swbuf_r)
C:/ST/STM32CubeIDE_1.19.0/STM32CubeIDE/plugins/com.st.stm32cube.ide.mcu.externaltools.gnu-tools-for-stm32.13.3.rel1.win32_1.0.0.202411081344/tools/bin/../lib/gcc/arm-none-eabi/13.3.1/../../../../arm-none-eabi/lib/thumb/v7e-m+fp/hard\libc_nano.a(libc_a-wsetup.o)
                              C:/ST/STM32CubeIDE_1.19.0/STM32CubeIDE/plugins/com.st.stm32cube.ide.mcu.externaltools.gnu-tools-for-stm32.13.3.rel1.win32_1.0.0.202411081344/tools/bin/../lib/gcc/arm-none-eabi/13.3.1/../../../../arm-none-eabi/lib/thumb/v7e-m+fp/hard\libc_nano.a(libc_a-puts.o) (__swsetup_r)
C:/ST/STM32CubeIDE_1.19.0/STM32CubeIDE/plugins/com.st.stm32cube.ide.mcu.externaltools.gnu-tools-for-stm32.13.3.rel1.win32_1.0.0.202411081344/tools/bin/../lib/gcc/arm-none-eabi/13.3.1/../../../../arm-none-eabi/lib/thumb/v7e-m+fp/hard\libc_nano.a(libc_a-memmove.o)
                              ./Libs/tinyusb/src/class/msc/msc_device.o (memmove)
C:/ST/STM32CubeIDE_1.19.0/STM32CubeIDE/plugins/com.st.stm32cube.ide.mcu.externaltools.gnu-tools-for-stm32.13.3.rel1.win32_1.0.0.202411081344/tools/bin/../lib/gcc/arm-none-eabi/13.3.1/../../../../arm-none-eabi/lib/thumb/v7e-m+fp/hard\libc_nano.a(libc_a-memset.o)
                              C:/ST/STM32CubeIDE_1.19.0/STM32CubeIDE/plugins/com.st.stm32cube.ide.mcu.externaltools.gnu-tools-for-stm32.13.3.rel1.win32_1.0.0.202411081344/tools/bin/../lib/gcc/arm-none-eabi/13.3.1/../../../../arm-none-eabi/lib/thumb/v7e-m+fp/hard/crt0.o (memset)
[...]
Memory Configuration

Name             Origin             Length             Attributes
RAM              0x20000000         0x00020000         xrw
FLASH            0x08000000         0x00080000         xr
*default*        0x00000000         0xffffffff

Linker script and memory map

LOAD C:/ST/STM32CubeIDE_1.19.0/STM32CubeIDE/plugins/com.st.stm32cube.ide.mcu.externaltools.gnu-tools-for-stm32.13.3.rel1.win32_1.0.0.202411081344/tools/bin/../lib/gcc/arm-none-eabi/13.3.1/thumb/v7e-m+fp/hard/crti.o
LOAD C:/ST/STM32CubeIDE_1.19.0/STM32CubeIDE/plugins/com.st.stm32cube.ide.mcu.externaltools.gnu-tools-for-stm32.13.3.rel1.win32_1.0.0.202411081344/tools/bin/../lib/gcc/arm-none-eabi/13.3.1/thumb/v7e-m+fp/hard/crtbegin.o
LOAD C:/ST/STM32CubeIDE_1.19.0/STM32CubeIDE/plugins/com.st.stm32cube.ide.mcu.externaltools.gnu-tools-for-stm32.13.3.rel1.win32_1.0.0.202411081344/tools/bin/../lib/gcc/arm-none-eabi/13.3.1/../../../../arm-none-eabi/lib/thumb/v7e-m+fp/hard/crt0.o
LOAD ./Core/Src/hid.o
LOAD ./Core/Src/main.o
LOAD ./Core/Src/msc.o
LOAD ./Core/Src/oled.o
LOAD ./Core/Src/sd_io.o
LOAD ./Core/Src/stm32f4xx_hal_msp.o
LOAD ./Core/Src/stm32f4xx_it.o
LOAD ./Core/Src/syscalls.o
LOAD ./Core/Src/sysmem.o
LOAD ./Core/Src/system_stm32f4xx.o
LOAD ./Core/Src/ui.o
LOAD ./Core/Src/usb_descriptors.o
LOAD ./Core/Src/vendor.o
LOAD ./Core/Startup/startup_stm32f411ceux.o
LOAD ./Drivers/STM32F4xx_HAL_Driver/Src/stm32f4xx_hal.o
LOAD ./Drivers/STM32F4xx_HAL_Driver/Src/stm32f4xx_hal_cortex.o
LOAD ./Drivers/STM32F4xx_HAL_Driver/Src/stm32f4xx_hal_dma.o
LOAD ./Drivers/STM32F4xx_HAL_Driver/Src/stm32f4xx_hal_dma_ex.o
LOAD ./Drivers/STM32F4xx_HAL_Driver/Src/stm32f4xx_hal_exti.o
LOAD ./Drivers/STM32F4xx_HAL_Driver/Src/stm32f4xx_hal_flash.o
LOAD ./Drivers/STM32F4xx_HAL_Driver/Src/stm32f4xx_hal_flash_ex.o
LOAD ./Drivers/STM32F4xx_HAL_Driver/Src/stm32f4xx_hal_flash_ramfunc.o
LOAD ./Drivers/STM32F4xx_HAL_Driver/Src/stm32f4xx_hal_gpio.o
LOAD ./Drivers/STM32F4xx_HAL_Driver/Src/stm32f4xx_hal_mmc.o
LOAD ./Drivers/STM32F4xx_HAL_Driver/Src/stm32f4xx_hal_pcd.o
LOAD ./Drivers/STM32F4xx_HAL_Driver/Src/stm32f4xx_hal_pcd_ex.o
LOAD ./Drivers/STM32F4xx_HAL_Driver/Src/stm32f4xx_hal_pwr.o
LOAD ./Drivers/STM32F4xx_HAL_Driver/Src/stm32f4xx_hal_pwr_ex.o
LOAD ./Drivers/STM32F4xx_HAL_Driver/Src/stm32f4xx_hal_rcc.o
LOAD ./Drivers/STM32F4xx_HAL_Driver/Src/stm32f4xx_hal_rcc_ex.o
LOAD ./Drivers/STM32F4xx_HAL_Driver/Src/stm32f4xx_hal_sd.o
LOAD ./Drivers/STM32F4xx_HAL_Driver/Src/stm32f4xx_hal_spi.o
LOAD ./Drivers/STM32F4xx_HAL_Driver/Src/stm32f4xx_hal_tim.o
LOAD ./Drivers/STM32F4xx_HAL_Driver/Src/stm32f4xx_hal_tim_ex.o
LOAD ./Drivers/STM32F4xx_HAL_Driver/Src/stm32f4xx_hal_uart.o
LOAD ./Drivers/STM32F4xx_HAL_Driver/Src/stm32f4xx_ll_sdmmc.o
LOAD ./Drivers/STM32F4xx_HAL_Driver/Src/stm32f4xx_ll_usb.o
LOAD ./Libs/tinyusb/src/class/audio/audio_device.o
LOAD ./Libs/tinyusb/src/class/bth/bth_device.o
LOAD ./Libs/tinyusb/src/class/cdc/cdc_device.o
LOAD ./Libs/tinyusb/src/class/cdc/cdc_host.o
LOAD ./Libs/tinyusb/src/class/cdc/cdc_rndis_host.o
LOAD ./Libs/tinyusb/src/class/dfu/dfu_device.o
LOAD ./Libs/tinyusb/src/class/dfu/dfu_rt_device.o
LOAD ./Libs/tinyusb/src/class/hid/hid_device.o
LOAD ./Libs/tinyusb/src/class/hid/hid_host.o
LOAD ./Libs/tinyusb/src/class/midi/midi_device.o
LOAD ./Libs/tinyusb/src/class/midi/midi_host.o
LOAD ./Libs/tinyusb/src/class/msc/msc_device.o
LOAD ./Libs/tinyusb/src/class/msc/msc_host.o
LOAD ./Libs/tinyusb/src/class/mtp/mtp_device.o
LOAD ./Libs/tinyusb/src/class/net/ecm_rndis_device.o
LOAD ./Libs/tinyusb/src/class/net/ncm_device.o
LOAD ./Libs/tinyusb/src/class/usbtmc/usbtmc_device.o
LOAD ./Libs/tinyusb/src/class/vendor/vendor_device.o
LOAD ./Libs/tinyusb/src/class/vendor/vendor_host.o
LOAD ./Libs/tinyusb/src/class/video/video_device.o
LOAD ./Libs/tinyusb/src/common/tusb_fifo.o
LOAD ./Libs/tinyusb/src/device/usbd.o
LOAD ./Libs/tinyusb/src/device/usbd_control.o
LOAD ./Libs/tinyusb/src/host/hub.o
LOAD ./Libs/tinyusb/src/host/usbh.o
LOAD ./Libs/tinyusb/src/portable/analog/max3421/hcd_max3421.o
LOAD ./Libs/tinyusb/src/portable/bridgetek/ft9xx/dcd_ft9xx.o
LOAD ./Libs/tinyusb/src/portable/chipidea/ci_fs/dcd_ci_fs.o
LOAD ./Libs/tinyusb/src/portable/chipidea/ci_hs/dcd_ci_hs.o
LOAD ./Libs/tinyusb/src/portable/chipidea/ci_hs/hcd_ci_hs.o
LOAD ./Libs/tinyusb/src/portable/dialog/da146xx/dcd_da146xx.o
LOAD ./Libs/tinyusb/src/portable/ehci/ehci.o
LOAD ./Libs/tinyusb/src/portable/mentor/musb/dcd_musb.o
LOAD ./Libs/tinyusb/src/portable/mentor/musb/hcd_musb.o
LOAD ./Libs/tinyusb/src/portable/microchip/pic/dcd_pic.o
LOAD ./Libs/tinyusb/src/portable/microchip/pic32mz/dcd_pic32mz.o
LOAD ./Libs/tinyusb/src/portable/microchip/samd/dcd_samd.o
LOAD ./Libs/tinyusb/src/portable/microchip/samd/hcd_samd.o
LOAD ./Libs/tinyusb/src/portable/microchip/samg/dcd_samg.o
LOAD ./Libs/tinyusb/src/portable/microchip/samx7x/dcd_samx7x.o
LOAD ./Libs/tinyusb/src/portable/mindmotion/mm32/dcd_mm32f327x_otg.o
LOAD ./Libs/tinyusb/src/portable/nordic/nrf5x/dcd_nrf5x.o
LOAD ./Libs/tinyusb/src/portable/nuvoton/nuc120/dcd_nuc120.o
LOAD ./Libs/tinyusb/src/portable/nuvoton/nuc121/dcd_nuc121.o
LOAD ./Libs/tinyusb/src/portable/nuvoton/nuc505/dcd_nuc505.o
LOAD ./Libs/tinyusb/src/portable/nxp/khci/dcd_khci.o
LOAD ./Libs/tinyusb/src/portable/nxp/khci/hcd_khci.o
LOAD ./Libs/tinyusb/src/portable/nxp/lpc17_40/dcd_lpc17_40.o
LOAD ./Libs/tinyusb/src/portable/nxp/lpc_ip3511/dcd_lpc_ip3511.o
LOAD ./Libs/tinyusb/src/portable/ohci/ohci.o
LOAD ./Libs/tinyusb/src/portable/raspberrypi/pio_usb/dcd_pio_usb.o
LOAD ./Libs/tinyusb/src/portable/raspberrypi/pio_usb/hcd_pio_usb.o
LOAD ./Libs/tinyusb/src/portable/raspberrypi/rp2040/dcd_rp2040.o
LOAD ./Libs/tinyusb/src/portable/raspberrypi/rp2040/hcd_rp2040.o
LOAD ./Libs/tinyusb/src/portable/raspberrypi/rp2040/rp2040_usb.o
LOAD ./Libs/tinyusb/src/portable/renesas/rusb2/dcd_rusb2.o
LOAD ./Libs/tinyusb/src/portable/renesas/rusb2/hcd_rusb2.o
LOAD ./Libs/tinyusb/src/portable/renesas/rusb2/rusb2_common.o
LOAD ./Libs/tinyusb/src/portable/sony/cxd56/dcd_cxd56.o
LOAD ./Libs/tinyusb/src/portable/st/stm32_fsdev/dcd_stm32_fsdev.o
LOAD ./Libs/tinyusb/src/portable/st/typec/typec_stm32.o
LOAD ./Libs/tinyusb/src/portable/sunxi/dcd_sunxi_musb.o
LOAD ./Libs/tinyusb/src/portable/synopsys/dwc2/dcd_dwc2.o
LOAD ./Libs/tinyusb/src/portable/synopsys/dwc2/dwc2_common.o
LOAD ./Libs/tinyusb/src/portable/synopsys/dwc2/hcd_dwc2.o
LOAD ./Libs/tinyusb/src/portable/template/dcd_template.o
LOAD ./Libs/tinyusb/src/portable/template/hcd_template.o
LOAD ./Libs/tinyusb/src/portable/ti/msp430x5xx/dcd_msp430x5xx.o
LOAD ./Libs/tinyusb/src/portable/valentyusb/eptri/dcd_eptri.o
LOAD ./Libs/tinyusb/src/portable/wch/dcd_ch32_usbfs.o
LOAD ./Libs/tinyusb/src/portable/wch/dcd_ch32_usbhs.o
LOAD ./Libs/tinyusb/src/portable/wch/hcd_ch32_usbfs.o
LOAD ./Libs/tinyusb/src/tusb.o
LOAD ./Libs/tinyusb/src/typec/usbc.o
START GROUP
LOAD C:/ST/STM32CubeIDE_1.19.0/STM32CubeIDE/plugins/com.st.stm32cube.ide.mcu.externaltools.gnu-tools-for-stm32.13.3.rel1.win32_1.0.0.202411081344/tools/bin/../lib/gcc/arm-none-eabi/13.3.1/../../../../arm-none-eabi/lib/thumb/v7e-m+fp/hard\libc_nano.a
LOAD C:/ST/STM32CubeIDE_1.19.0/STM32CubeIDE/plugins/com.st.stm32cube.ide.mcu.externaltools.gnu-tools-for-stm32.13.3.rel1.win32_1.0.0.202411081344/tools/bin/../lib/gcc/arm-none-eabi/13.3.1/../../../../arm-none-eabi/lib/thumb/v7e-m+fp/hard\libm.a
END GROUP
START GROUP
LOAD C:/ST/STM32CubeIDE_1.19.0/STM32CubeIDE/plugins/com.st.stm32cube.ide.mcu.externaltools.gnu-tools-for-stm32.13.3.rel1.win32_1.0.0.202411081344/tools/bin/../lib/gcc/arm-none-eabi/13.3.1/thumb/v7e-m+fp/hard\libgcc.a
LOAD C:/ST/STM32CubeIDE_1.19.0/STM32CubeIDE/plugins/com.st.stm32cube.ide.mcu.externaltools.gnu-tools-for-stm32.13.3.rel1.win32_1.0.0.202411081344/tools/bin/../lib/gcc/arm-none-eabi/13.3.1/../../../../arm-none-eabi/lib/thumb/v7e-m+fp/hard\libc_nano.a
END GROUP
START GROUP
LOAD C:/ST/STM32CubeIDE_1.19.0/STM32CubeIDE/plugins/com.st.stm32cube.ide.mcu.externaltools.gnu-tools-for-stm32.13.3.rel1.win32_1.0.0.202411081344/tools/bin/../lib/gcc/arm-none-eabi/13.3.1/thumb/v7e-m+fp/hard\libgcc.a
LOAD C:/ST/STM32CubeIDE_1.19.0/STM32CubeIDE/plugins/com.st.stm32cube.ide.mcu.externaltools.gnu-tools-for-stm32.13.3.rel1.win32_1.0.0.202411081344/tools/bin/../lib/gcc/arm-none-eabi/13.3.1/../../../../arm-none-eabi/lib/thumb/v7e-m+fp/hard\libc_nano.a
LOAD C:/ST/STM32CubeIDE_1.19.0/STM32CubeIDE/plugins/com.st.stm32cube.ide.mcu.externaltools.gnu-tools-for-stm32.13.3.rel1.win32_1.0.0.202411081344/tools/bin/../lib/gcc/arm-none-eabi/13.3.1/../../../../arm-none-eabi/lib/thumb/v7e-m+fp/hard\libnosys.a
END GROUP
START GROUP
LOAD C:/ST/STM32CubeIDE_1.19.0/STM32CubeIDE/plugins/com.st.stm32cube.ide.mcu.externaltools.gnu-tools-for-stm32.13.3.rel1.win32_1.0.0.202411081344/tools/bin/../lib/gcc/arm-none-eabi/13.3.1/thumb/v7e-m+fp/hard\libgcc.a
LOAD C:/ST/STM32CubeIDE_1.19.0/STM32CubeIDE/plugins/com.st.stm32cube.ide.mcu.externaltools.gnu-tools-for-stm32.13.3.rel1.win32_1.0.0.202411081344/tools/bin/../lib/gcc/arm-none-eabi/13.3.1/../../../../arm-none-eabi/lib/thumb/v7e-m+fp/hard\libc_nano.a
LOAD C:/ST/STM32CubeIDE_1.19.0/STM32CubeIDE/plugins/com.st.stm32cube.ide.mcu.externaltools.gnu-tools-for-stm32.13.3.rel1.win32_1.0.0.202411081344/tools/bin/../lib/gcc/arm-none-eabi/13.3.1/../../../../arm-none-eabi/lib/thumb/v7e-m+fp/hard\libnosys.a
END GROUP
LOAD C:/ST/STM32CubeIDE_1.19.0/STM32CubeIDE/plugins/com.st.stm32cube.ide.mcu.externaltools.gnu-tools-for-stm32.13.3.rel1.win32_1.0.0.202411081344/tools/bin/../lib/gcc/arm-none-eabi/13.3.1/thumb/v7e-m+fp/hard/crtend.o
LOAD C:/ST/STM32CubeIDE_1.19.0/STM32CubeIDE/plugins/com.st.stm32cube.ide.mcu.externaltools.gnu-tools-for-stm32.13.3.rel1.win32_1.0.0.202411081344/tools/bin/../lib/gcc/arm-none-eabi/13.3.1/thumb/v7e-m+fp/hard/crtn.o
                0x20020000                        _estack = (ORIGIN (RAM) + LENGTH (RAM))
                0x00000200                        _Min_Heap_Size = 0x200
                0x00000400                        _Min_Stack_Size = 0x400

.isr_vector     0x08000000      0x198
                0x08000000                        . = ALIGN (0x4)
 *(.isr_vector)
 .isr_vector    0x08000000      0x198 ./Core/Startup/startup_stm32f411ceux.o
                0x08000000                g_pfnVectors
                0x08000198                        . = ALIGN (0x4)

.text           0x080001a0    0x13284
                0x080001a0                        . = ALIGN (0x4)
 *(.text)
 .text          0x080001a0       0x40 C:/ST/STM32CubeIDE_1.19.0/STM32CubeIDE/plugins/com.st.stm32cube.ide.mcu.externaltools.gnu-tools-for-stm32.13.3.rel1.win32_1.0.0.202411081344/tools/bin/../lib/gcc/arm-none-eabi/13.3.1/thumb/v7e-m+fp/hard/crtbegin.o
 .text          0x080001e0       0x10 C:/ST/STM32CubeIDE_1.19.0/STM32CubeIDE/plugins/com.st.stm32cube.ide.mcu.externaltools.gnu-tools-for-stm32.13.3.rel1.win32_1.0.0.202411081344/tools/bin/../lib/gcc/arm-none-eabi/13.3.1/../../../../arm-none-eabi/lib/thumb/v7e-m+fp/hard\libc_nano.a(libc_a-strlen.o)
                0x080001e0                strlen
 .text          0x080001f0       0xa0 C:/ST/STM32CubeIDE_1.19.0/STM32CubeIDE/plugins/com.st.stm32cube.ide.mcu.externaltools.gnu-tools-for-stm32.13.3.rel1.win32_1.0.0.202411081344/tools/bin/../lib/gcc/arm-none-eabi/13.3.1/../../../../arm-none-eabi/lib/thumb/v7e-m+fp/hard\libc_nano.a(libc_a-memchr.o)
                0x080001f0                memchr
 .text          0x08000290       0x30 C:/ST/STM32CubeIDE_1.19.0/STM32CubeIDE/plugins/com.st.stm32cube.ide.mcu.externaltools.gnu-tools-for-stm32.13.3.rel1.win32_1.0.0.202411081344/tools/bin/../lib/gcc/arm-none-eabi/13.3.1/thumb/v7e-m+fp/hard\libgcc.a(_aeabi_uldivmod.o)
                0x08000290                __aeabi_uldivmod
 .text          0x080002c0      0x2f8 C:/ST/STM32CubeIDE_1.19.0/STM32CubeIDE/plugins/com.st.stm32cube.ide.mcu.externaltools.gnu-tools-for-stm32.13.3.rel1.win32_1.0.0.202411081344/tools/bin/../lib/gcc/arm-none-eabi/13.3.1/thumb/v7e-m+fp/hard\libgcc.a(_udivmoddi4.o)
                0x080002c0                __udivmoddi4
 .text          0x080005b8        0x4 C:/ST/STM32CubeIDE_1.19.0/STM32CubeIDE/plugins/com.st.stm32cube.ide.mcu.externaltools.gnu-tools-for-stm32.13.3.rel1.win32_1.0.0.202411081344/tools/bin/../lib/gcc/arm-none-eabi/13.3.1/thumb/v7e-m+fp/hard\libgcc.a(_dvmd_tls.o)
                0x080005b8                __aeabi_idiv0
                0x080005b8                __aeabi_ldiv0
 *(.text*)
 .text.tud_hid_set_report_cb
                0x080005bc       0x20 ./Core/Src/hid.o
                0x080005bc                tud_hid_set_report_cb
 .text.tud_hid_get_report_cb
                0x080005dc       0x22 ./Core/Src/hid.o
                0x080005dc                tud_hid_get_report_cb
 *fill*         0x080005fe        0x2 
 .text._write   0x08000600       0x2c ./Core/Src/main.o
                0x08000600                _write
 .text.HAL_TIM_OC_DelayElapsedCallback
                0x0800062c       0x2c ./Core/Src/main.o
                0x0800062c                HAL_TIM_OC_DelayElapsedCallback
 .text.HAL_GPIO_EXTI_Callback
                0x08000658       0x40 ./Core/Src/main.o
                0x08000658                HAL_GPIO_EXTI_Callback
 .text.mod_change_watchdog
                0x08000698       0xa0 ./Core/Src/main.o
                0x08000698                mod_change_watchdog
 .text.cdc_task
                0x08000738       0x54 ./Core/Src/main.o
                0x08000738                cdc_task
 .text.Test_func
                0x0800078c       0x18 ./Core/Src/main.o
                0x0800078c                Test_func
 .text.HAL_UARTEx_RxEventCallback
                0x080007a4      0x100 ./Core/Src/main.o
                0x080007a4                HAL_UARTEx_RxEventCallback
 .text.test_watchdog
                0x080008a4       0x20 ./Core/Src/main.o
                0x080008a4                test_watchdog
 .text.Encoder_GetStep
                0x080008c4       0x80 ./Core/Src/main.o
 .text.main     0x08000944      0x11c ./Core/Src/main.o
                0x08000944                main
 .text.SystemClock_Config
                0x08000a60       0xd0 ./Core/Src/main.o
                0x08000a60                SystemClock_Config
 .text.MX_SDIO_SD_Init
                0x08000b30       0x60 ./Core/Src/main.o
 .text.MX_SPI1_Init
                0x08000b90       0x6c ./Core/Src/main.o
 .text.MX_TIM2_Init
                0x08000bfc       0xa8 ./Core/Src/main.o
 .text.MX_TIM5_Init
                0x08000ca4       0xb0 ./Core/Src/main.o
 .text.MX_TIM9_Init
                0x08000d54       0x88 ./Core/Src/main.o
 .text.MX_TIM10_Init
                0x08000ddc       0x98 ./Core/Src/main.o
 .text.MX_TIM11_Init
                0x08000e74       0x94 ./Core/Src/main.o
 .text.MX_USART2_UART_Init
                0x08000f08       0x54 ./Core/Src/main.o
 .text.MX_USB_OTG_FS_PCD_Init
                0x08000f5c       0x5c ./Core/Src/main.o
 .text.MX_DMA_Init
                0x08000fb8       0x8c ./Core/Src/main.o
 .text.MX_GPIO_Init
                0x08001044      0x144 ./Core/Src/main.o
 .text.Error_Handler
                0x08001188       0x14 ./Core/Src/main.o
                0x08001188                Error_Handler
 .text.tud_msc_inquiry_cb
                0x0800119c       0x44 ./Core/Src/msc.o
                0x0800119c                tud_msc_inquiry_cb
 .text.tud_msc_test_unit_ready_cb
                0x080011e0       0x28 ./Core/Src/msc.o
                0x080011e0                tud_msc_test_unit_ready_cb
 .text.tud_msc_capacity_cb
                0x08001208       0x30 ./Core/Src/msc.o
                0x08001208                tud_msc_capacity_cb
 .text.tud_msc_read10_cb
                0x08001238       0x4c ./Core/Src/msc.o
                0x08001238                tud_msc_read10_cb
 .text.tud_msc_write10_cb
                0x08001284       0x4c ./Core/Src/msc.o
                0x08001284                tud_msc_write10_cb
 .text.tud_msc_scsi_cb
                0x080012d0       0x84 ./Core/Src/msc.o
                0x080012d0                tud_msc_scsi_cb
 .text.OLED_DC_Cmd
                0x08001354       0x18 ./Core/Src/oled.o
 .text.OLED_DC_Data
                0x0800136c       0x18 ./Core/Src/oled.o
 .text.OLED_SendCmdList
                0x08001384       0x2c ./Core/Src/oled.o
 .text.OLED_SendData
                0x080013b0       0x2c ./Core/Src/oled.o
 .text.OLED_ResetPulse
                0x080013dc       0x2c ./Core/Src/oled.o
 .text.OLED_Init
                0x08001408       0x68 ./Core/Src/oled.o
                0x08001408                OLED_Init
 .text.OLED_Clear
                0x08001470       0x18 ./Core/Src/oled.o
                0x08001470                OLED_Clear
 .text.OLED_Update
                0x08001488       0x58 ./Core/Src/oled.o
                0x08001488                OLED_Update
 .text.OLED_DrawChar
                0x080014e0       0xa0 ./Core/Src/oled.o
 .text.OLED_DrawStr
                0x08001580       0x44 ./Core/Src/oled.o
                0x08001580                OLED_DrawStr
 .text.OLED_SetPixel
                0x080015c4       0x8c ./Core/Src/oled.o
 .text.OLED_DrawChar2x
                0x08001650       0xe8 ./Core/Src/oled.o
 .text.OLED_DrawStr2x
                0x08001738       0x40 ./Core/Src/oled.o
                0x08001738                OLED_DrawStr2x
 .text.SD_Init  0x08001778       0x68 ./Core/Src/sd_io.o
                0x08001778                SD_Init
 .text.HAL_SD_TxCpltCallback
                0x080017e0       0x20 ./Core/Src/sd_io.o
                0x080017e0                HAL_SD_TxCpltCallback
 .text.HAL_SD_RxCpltCallback
                0x08001800       0x20 ./Core/Src/sd_io.o
                0x08001800                HAL_SD_RxCpltCallback
 .text.HAL_SD_ErrorCallback
                0x08001820       0x34 ./Core/Src/sd_io.o
                0x08001820                HAL_SD_ErrorCallback
 .text.SD_Check_Card_State
                0x08001854       0x48 ./Core/Src/sd_io.o
                0x08001854                SD_Check_Card_State
 .text.SD_Check_State
                0x0800189c       0x3c ./Core/Src/sd_io.o
                0x0800189c                SD_Check_State
 .text.SD_Write_DMA_Async
                0x080018d8       0x54 ./Core/Src/sd_io.o
                0x080018d8                SD_Write_DMA_Async
 .text.SD_Read_DMA_Async
                0x0800192c       0x54 ./Core/Src/sd_io.o
                0x0800192c                SD_Read_DMA_Async
 .text.HAL_MspInit
                0x08001980       0x50 ./Core/Src/stm32f4xx_hal_msp.o
                0x08001980                HAL_MspInit
 .text.HAL_SD_MspInit
                0x080019d0      0x1e0 ./Core/Src/stm32f4xx_hal_msp.o
                0x080019d0                HAL_SD_MspInit
 .text.HAL_SPI_MspInit
                0x08001bb0      0x104 ./Core/Src/stm32f4xx_hal_msp.o
                0x08001bb0                HAL_SPI_MspInit
 .text.HAL_TIM_Encoder_MspInit
                0x08001cb4       0x8c ./Core/Src/stm32f4xx_hal_msp.o
                0x08001cb4                HAL_TIM_Encoder_MspInit
 .text.HAL_TIM_OC_MspInit
                0x08001d40       0x70 ./Core/Src/stm32f4xx_hal_msp.o
                0x08001d40                HAL_TIM_OC_MspInit
 .text.HAL_TIM_Base_MspInit
                0x08001db0       0x7c ./Core/Src/stm32f4xx_hal_msp.o
                0x08001db0                HAL_TIM_Base_MspInit
 .text.HAL_UART_MspInit
                0x08001e2c      0x104 ./Core/Src/stm32f4xx_hal_msp.o
                0x08001e2c                HAL_UART_MspInit
 .text.HAL_PCD_MspInit
                0x08001f30       0xa8 ./Core/Src/stm32f4xx_hal_msp.o
                0x08001f30                HAL_PCD_MspInit
 .text.NMI_Handler
                0x08001fd8        0x8 ./Core/Src/stm32f4xx_it.o
                0x08001fd8                NMI_Handler
 .text.HardFault_Handler
                0x08001fe0        0x8 ./Core/Src/stm32f4xx_it.o
                0x08001fe0                HardFault_Handler
 .text.MemManage_Handler
                0x08001fe8        0x8 ./Core/Src/stm32f4xx_it.o
                0x08001fe8                MemManage_Handler
 .text.BusFault_Handler
                0x08001ff0        0x8 ./Core/Src/stm32f4xx_it.o
                0x08001ff0                BusFault_Handler
 .text.UsageFault_Handler
                0x08001ff8        0x8 ./Core/Src/stm32f4xx_it.o
                0x08001ff8                UsageFault_Handler
 .text.SVC_Handler
                0x08002000        0xe ./Core/Src/stm32f4xx_it.o
                0x08002000                SVC_Handler
 .text.DebugMon_Handler
                0x0800200e        0xe ./Core/Src/stm32f4xx_it.o
                0x0800200e                DebugMon_Handler
 .text.PendSV_Handler
                0x0800201c        0xe ./Core/Src/stm32f4xx_it.o
                0x0800201c                PendSV_Handler
 .text.SysTick_Handler
                0x0800202a        0xc ./Core/Src/stm32f4xx_it.o
                0x0800202a                SysTick_Handler
 .text.EXTI0_IRQHandler
                0x08002036        0xe ./Core/Src/stm32f4xx_it.o
                0x08002036                EXTI0_IRQHandler
 .text.DMA1_Stream5_IRQHandler
                0x08002044       0x14 ./Core/Src/stm32f4xx_it.o
                0x08002044                DMA1_Stream5_IRQHandler
 .text.TIM1_UP_TIM10_IRQHandler
                0x08002058       0x14 ./Core/Src/stm32f4xx_it.o
                0x08002058                TIM1_UP_TIM10_IRQHandler
 .text.SPI1_IRQHandler
                0x0800206c       0x14 ./Core/Src/stm32f4xx_it.o
                0x0800206c                SPI1_IRQHandler
 .text.USART2_IRQHandler
                0x08002080       0x14 ./Core/Src/stm32f4xx_it.o
                0x08002080                USART2_IRQHandler
 .text.EXTI15_10_IRQHandler
                0x08002094       0x10 ./Core/Src/stm32f4xx_it.o
                0x08002094                EXTI15_10_IRQHandler
 .text.SDIO_IRQHandler
                0x080020a4       0x14 ./Core/Src/stm32f4xx_it.o
                0x080020a4                SDIO_IRQHandler
 .text.DMA2_Stream2_IRQHandler
                0x080020b8       0x14 ./Core/Src/stm32f4xx_it.o
                0x080020b8                DMA2_Stream2_IRQHandler
 .text.DMA2_Stream3_IRQHandler
                0x080020cc       0x14 ./Core/Src/stm32f4xx_it.o
                0x080020cc                DMA2_Stream3_IRQHandler
 .text.OTG_FS_IRQHandler
                0x080020e0        0xe ./Core/Src/stm32f4xx_it.o
                0x080020e0                OTG_FS_IRQHandler
 *fill*         0x080020ee        0x2 
 .text.DMA2_Stream6_IRQHandler
                0x080020f0       0x14 ./Core/Src/stm32f4xx_it.o
                0x080020f0                DMA2_Stream6_IRQHandler
 .text._read    0x08002104       0x3a ./Core/Src/syscalls.o
                0x08002104                _read
 .text._close   0x0800213e       0x18 ./Core/Src/syscalls.o
                0x0800213e                _close
 .text._fstat   0x08002156       0x20 ./Core/Src/syscalls.o
                0x08002156                _fstat
 .text._isatty  0x08002176       0x16 ./Core/Src/syscalls.o
                0x08002176                _isatty
 .text._lseek   0x0800218c       0x1a ./Core/Src/syscalls.o
                0x0800218c                _lseek
 *fill*         0x080021a6        0x2 
 .text._sbrk    0x080021a8       0x6c ./Core/Src/sysmem.o
                0x080021a8                _sbrk
 .text.SystemInit
                0x08002214       0x24 ./Core/Src/system_stm32f4xx.o
                0x08002214                SystemInit
 .text.UpperTag
                0x08002238       0x48 ./Core/Src/ui.o
 .text.DrawRootMenu
                0x08002280       0x6c ./Core/Src/ui.o
 .text.DrawLinuxMode
                0x080022ec       0x78 ./Core/Src/ui.o
 .text.DrawEmergencyMode
                0x08002364       0x40 ./Core/Src/ui.o
 .text.UI_Init  0x080023a4       0x20 ./Core/Src/ui.o
                0x080023a4                UI_Init
 .text.UI_Process
                0x080023c4      0x110 ./Core/Src/ui.o
                0x080023c4                UI_Process
 .text.tud_descriptor_device_cb
                0x080024d4       0x44 ./Core/Src/usb_descriptors.o
                0x080024d4                tud_descriptor_device_cb
 .text.tud_hid_descriptor_report_cb
                0x08002518       0x1c ./Core/Src/usb_descriptors.o
                0x08002518                tud_hid_descriptor_report_cb
 .text.tud_descriptor_configuration_cb
                0x08002534       0x4c ./Core/Src/usb_descriptors.o
                0x08002534                tud_descriptor_configuration_cb
 .text.tud_descriptor_string_cb
                0x08002580       0xa4 ./Core/Src/usb_descriptors.o
                0x08002580                tud_descriptor_string_cb
 .text.print_venpack
                0x08002624       0x54 ./Core/Src/vendor.o
 .text.vendor_info_update
                0x08002678       0xa0 ./Core/Src/vendor.o
                0x08002678                vendor_info_update
 .text.tud_vendor_rx_cb
                0x08002718       0xc0 ./Core/Src/vendor.o
                0x08002718                tud_vendor_rx_cb
 .text.ven_send
                0x080027d8       0xdc ./Core/Src/vendor.o
                0x080027d8                ven_send
 .text.Reset_Handler
                0x080028b4       0x50 ./Core/Startup/startup_stm32f411ceux.o
                0x080028b4                Reset_Handler
 .text.Default_Handler
                0x08002904        0x2 ./Core/Startup/startup_stm32f411ceux.o
                0x08002904                RTC_Alarm_IRQHandler
                0x08002904                EXTI2_IRQHandler
                0x08002904                SPI4_IRQHandler
                0x08002904                TIM1_CC_IRQHandler
                0x08002904                DMA2_Stream5_IRQHandler
                0x08002904                PVD_IRQHandler
                0x08002904                TAMP_STAMP_IRQHandler
                0x08002904                EXTI3_IRQHandler
                0x08002904                I2C3_ER_IRQHandler
                0x08002904                I2C2_EV_IRQHandler
                0x08002904                DMA1_Stream2_IRQHandler
                0x08002904                FPU_IRQHandler
                0x08002904                TIM1_BRK_TIM9_IRQHandler
                0x08002904                USART6_IRQHandler
                0x08002904                DMA2_Stream0_IRQHandler
                0x08002904                TIM4_IRQHandler
                0x08002904                I2C1_EV_IRQHandler
                0x08002904                DMA1_Stream6_IRQHandler
                0x08002904                DMA1_Stream1_IRQHandler
                0x08002904                TIM3_IRQHandler
                0x08002904                RCC_IRQHandler
                0x08002904                Default_Handler
                0x08002904                ADC_IRQHandler
                0x08002904                DMA1_Stream7_IRQHandler
                0x08002904                SPI5_IRQHandler
                0x08002904                TIM5_IRQHandler
                0x08002904                DMA2_Stream7_IRQHandler
                0x08002904                I2C3_EV_IRQHandler
                0x08002904                EXTI9_5_IRQHandler
                0x08002904                RTC_WKUP_IRQHandler
                0x08002904                SPI2_IRQHandler
                0x08002904                DMA1_Stream0_IRQHandler
                0x08002904                EXTI4_IRQHandler
                0x08002904                WWDG_IRQHandler
                0x08002904                TIM2_IRQHandler
                0x08002904                OTG_FS_WKUP_IRQHandler
                0x08002904                TIM1_TRG_COM_TIM11_IRQHandler
                0x08002904                EXTI1_IRQHandler
                0x08002904                I2C2_ER_IRQHandler
                0x08002904                DMA2_Stream1_IRQHandler
                0x08002904                FLASH_IRQHandler
                0x08002904                DMA2_Stream4_IRQHandler
                0x08002904                USART1_IRQHandler
                0x08002904                SPI3_IRQHandler
                0x08002904                DMA1_Stream4_IRQHandler
                0x08002904                I2C1_ER_IRQHandler
                0x08002904                DMA1_Stream3_IRQHandler
 *fill*         0x08002906        0x2 
 .text.HAL_Init
                0x08002908       0x44 ./Drivers/STM32F4xx_HAL_Driver/Src/stm32f4xx_hal.o
                0x08002908                HAL_Init
 .text.HAL_InitTick
                0x0800294c       0x60 ./Drivers/STM32F4xx_HAL_Driver/Src/stm32f4xx_hal.o
                0x0800294c                HAL_InitTick
 .text.HAL_IncTick
                0x080029ac       0x28 ./Drivers/STM32F4xx_HAL_Driver/Src/stm32f4xx_hal.o
                0x080029ac                HAL_IncTick
 .text.HAL_GetTick
                0x080029d4       0x18 ./Drivers/STM32F4xx_HAL_Driver/Src/stm32f4xx_hal.o
                0x080029d4                HAL_GetTick
 .text.HAL_Delay
                0x080029ec       0x48 ./Drivers/STM32F4xx_HAL_Driver/Src/stm32f4xx_hal.o
                0x080029ec                HAL_Delay
 .text.__NVIC_SetPriorityGrouping
                0x08002a34       0x48 ./Drivers/STM32F4xx_HAL_Driver/Src/stm32f4xx_hal_cortex.o
 .text.__NVIC_GetPriorityGrouping
                0x08002a7c       0x1c ./Drivers/STM32F4xx_HAL_Driver/Src/stm32f4xx_hal_cortex.o
 .text.__NVIC_EnableIRQ
                0x08002a98       0x3c ./Drivers/STM32F4xx_HAL_Driver/Src/stm32f4xx_hal_cortex.o
 .text.__NVIC_SetPriority
                0x08002ad4       0x54 ./Drivers/STM32F4xx_HAL_Driver/Src/stm32f4xx_hal_cortex.o
 .text.NVIC_EncodePriority
                0x08002b28       0x66 ./Drivers/STM32F4xx_HAL_Driver/Src/stm32f4xx_hal_cortex.o
 *fill*         0x08002b8e        0x2 
 .text.SysTick_Config
                0x08002b90       0x44 ./Drivers/STM32F4xx_HAL_Driver/Src/stm32f4xx_hal_cortex.o
 .text.HAL_NVIC_SetPriorityGrouping
                0x08002bd4       0x16 ./Drivers/STM32F4xx_HAL_Driver/Src/stm32f4xx_hal_cortex.o
                0x08002bd4                HAL_NVIC_SetPriorityGrouping
 .text.HAL_NVIC_SetPriority
                0x08002bea       0x38 ./Drivers/STM32F4xx_HAL_Driver/Src/stm32f4xx_hal_cortex.o
                0x08002bea                HAL_NVIC_SetPriority
 .text.HAL_NVIC_EnableIRQ
                0x08002c22       0x1c ./Drivers/STM32F4xx_HAL_Driver/Src/stm32f4xx_hal_cortex.o
                0x08002c22                HAL_NVIC_EnableIRQ
 .text.HAL_SYSTICK_Config
                0x08002c3e       0x18 ./Drivers/STM32F4xx_HAL_Driver/Src/stm32f4xx_hal_cortex.o
                0x08002c3e                HAL_SYSTICK_Config
 *fill*         0x08002c56        0x2 
 .text.HAL_DMA_Init
                0x08002c58      0x15c ./Drivers/STM32F4xx_HAL_Driver/Src/stm32f4xx_hal_dma.o
                0x08002c58                HAL_DMA_Init
 .text.HAL_DMA_Start_IT
                0x08002db4       0xb0 ./Drivers/STM32F4xx_HAL_Driver/Src/stm32f4xx_hal_dma.o
                0x08002db4                HAL_DMA_Start_IT
 .text.HAL_DMA_Abort
                0x08002e64       0xe0 ./Drivers/STM32F4xx_HAL_Driver/Src/stm32f4xx_hal_dma.o
                0x08002e64                HAL_DMA_Abort
 .text.HAL_DMA_Abort_IT
                0x08002f44       0x44 ./Drivers/STM32F4xx_HAL_Driver/Src/stm32f4xx_hal_dma.o
                0x08002f44                HAL_DMA_Abort_IT
 .text.HAL_DMA_IRQHandler
                0x08002f88      0x314 ./Drivers/STM32F4xx_HAL_Driver/Src/stm32f4xx_hal_dma.o
                0x08002f88                HAL_DMA_IRQHandler
 .text.HAL_DMA_GetError
                0x0800329c       0x18 ./Drivers/STM32F4xx_HAL_Driver/Src/stm32f4xx_hal_dma.o
                0x0800329c                HAL_DMA_GetError
 .text.DMA_SetConfig
                0x080032b4       0x5c ./Drivers/STM32F4xx_HAL_Driver/Src/stm32f4xx_hal_dma.o
 .text.DMA_CalcBaseAndBitshift
                0x08003310       0x6c ./Drivers/STM32F4xx_HAL_Driver/Src/stm32f4xx_hal_dma.o
 .text.DMA_CheckFifoParam
                0x0800337c       0xf8 ./Drivers/STM32F4xx_HAL_Driver/Src/stm32f4xx_hal_dma.o
 .text.HAL_GPIO_Init
                0x08003474      0x308 ./Drivers/STM32F4xx_HAL_Driver/Src/stm32f4xx_hal_gpio.o
                0x08003474                HAL_GPIO_Init
 .text.HAL_GPIO_WritePin
                0x0800377c       0x32 ./Drivers/STM32F4xx_HAL_Driver/Src/stm32f4xx_hal_gpio.o
                0x0800377c                HAL_GPIO_WritePin
 .text.HAL_GPIO_TogglePin
                0x080037ae       0x34 ./Drivers/STM32F4xx_HAL_Driver/Src/stm32f4xx_hal_gpio.o
                0x080037ae                HAL_GPIO_TogglePin
 *fill*         0x080037e2        0x2 
 .text.HAL_GPIO_EXTI_IRQHandler
                0x080037e4       0x30 ./Drivers/STM32F4xx_HAL_Driver/Src/stm32f4xx_hal_gpio.o
                0x080037e4                HAL_GPIO_EXTI_IRQHandler
 .text.HAL_PCD_Init
                0x08003814      0x21e ./Drivers/STM32F4xx_HAL_Driver/Src/stm32f4xx_hal_pcd.o
                0x08003814                HAL_PCD_Init
 *fill*         0x08003a32        0x2 
 .text.HAL_RCC_OscConfig
                0x08003a34      0x4f0 ./Drivers/STM32F4xx_HAL_Driver/Src/stm32f4xx_hal_rcc.o
                0x08003a34                HAL_RCC_OscConfig
 .text.HAL_RCC_ClockConfig
                0x08003f24      0x1cc ./Drivers/STM32F4xx_HAL_Driver/Src/stm32f4xx_hal_rcc.o
                0x08003f24                HAL_RCC_ClockConfig
 .text.HAL_RCC_GetSysClockFreq
                0x080040f0      0x18c ./Drivers/STM32F4xx_HAL_Driver/Src/stm32f4xx_hal_rcc.o
                0x080040f0                HAL_RCC_GetSysClockFreq
 .text.HAL_RCC_GetHCLKFreq
                0x0800427c       0x18 ./Drivers/STM32F4xx_HAL_Driver/Src/stm32f4xx_hal_rcc.o
                0x0800427c                HAL_RCC_GetHCLKFreq
 .text.HAL_RCC_GetPCLK1Freq
                0x08004294       0x28 ./Drivers/STM32F4xx_HAL_Driver/Src/stm32f4xx_hal_rcc.o
                0x08004294                HAL_RCC_GetPCLK1Freq
 .text.HAL_RCC_GetPCLK2Freq
                0x080042bc       0x28 ./Drivers/STM32F4xx_HAL_Driver/Src/stm32f4xx_hal_rcc.o
                0x080042bc                HAL_RCC_GetPCLK2Freq
 .text.HAL_SD_Init
                0x080042e4       0x60 ./Drivers/STM32F4xx_HAL_Driver/Src/stm32f4xx_hal_sd.o
                0x080042e4                HAL_SD_Init
 .text.HAL_SD_InitCard
                0x08004344       0xf0 ./Drivers/STM32F4xx_HAL_Driver/Src/stm32f4xx_hal_sd.o
                0x08004344                HAL_SD_InitCard
 .text.HAL_SD_ReadBlocks_DMA
                0x08004434      0x1c4 ./Drivers/STM32F4xx_HAL_Driver/Src/stm32f4xx_hal_sd.o
                0x08004434                HAL_SD_ReadBlocks_DMA
 .text.HAL_SD_WriteBlocks_DMA
                0x080045f8      0x1cc ./Drivers/STM32F4xx_HAL_Driver/Src/stm32f4xx_hal_sd.o
                0x080045f8                HAL_SD_WriteBlocks_DMA
 .text.HAL_SD_IRQHandler
                0x080047c4      0x30c ./Drivers/STM32F4xx_HAL_Driver/Src/stm32f4xx_hal_sd.o
                0x080047c4                HAL_SD_IRQHandler
 .text.HAL_SD_AbortCallback
                0x08004ad0       0x14 ./Drivers/STM32F4xx_HAL_Driver/Src/stm32f4xx_hal_sd.o
                0x08004ad0                HAL_SD_AbortCallback
 .text.HAL_SD_GetCardCSD
                0x08004ae4      0x348 ./Drivers/STM32F4xx_HAL_Driver/Src/stm32f4xx_hal_sd.o
                0x08004ae4                HAL_SD_GetCardCSD
 .text.HAL_SD_GetCardInfo
                0x08004e2c       0x58 ./Drivers/STM32F4xx_HAL_Driver/Src/stm32f4xx_hal_sd.o
                0x08004e2c                HAL_SD_GetCardInfo
 .text.HAL_SD_ConfigWideBusOperation
                0x08004e84      0x134 ./Drivers/STM32F4xx_HAL_Driver/Src/stm32f4xx_hal_sd.o
                0x08004e84                HAL_SD_ConfigWideBusOperation
 .text.HAL_SD_GetCardState
                0x08004fb8       0x40 ./Drivers/STM32F4xx_HAL_Driver/Src/stm32f4xx_hal_sd.o
                0x08004fb8                HAL_SD_GetCardState
 .text.SD_DMATransmitCplt
                0x08004ff8       0x2a ./Drivers/STM32F4xx_HAL_Driver/Src/stm32f4xx_hal_sd.o
 .text.SD_DMAReceiveCplt
                0x08005022       0x70 ./Drivers/STM32F4xx_HAL_Driver/Src/stm32f4xx_hal_sd.o
 *fill*         0x08005092        0x2 
 .text.SD_DMAError
                0x08005094       0xa4 ./Drivers/STM32F4xx_HAL_Driver/Src/stm32f4xx_hal_sd.o
 .text.SD_DMATxAbort
                0x08005138       0x6e ./Drivers/STM32F4xx_HAL_Driver/Src/stm32f4xx_hal_sd.o
 .text.SD_DMARxAbort
                0x080051a6       0x6e ./Drivers/STM32F4xx_HAL_Driver/Src/stm32f4xx_hal_sd.o
 .text.SD_InitCard
                0x08005214      0x19c ./Drivers/STM32F4xx_HAL_Driver/Src/stm32f4xx_hal_sd.o
 .text.SD_PowerON
                0x080053b0      0x11c ./Drivers/STM32F4xx_HAL_Driver/Src/stm32f4xx_hal_sd.o
 .text.SD_SendStatus
                0x080054cc       0x50 ./Drivers/STM32F4xx_HAL_Driver/Src/stm32f4xx_hal_sd.o
 .text.SD_WideBus_Enable
                0x0800551c       0x96 ./Drivers/STM32F4xx_HAL_Driver/Src/stm32f4xx_hal_sd.o
 .text.SD_WideBus_Disable
                0x080055b2       0x96 ./Drivers/STM32F4xx_HAL_Driver/Src/stm32f4xx_hal_sd.o
 .text.SD_FindSCR
                0x08005648      0x1b4 ./Drivers/STM32F4xx_HAL_Driver/Src/stm32f4xx_hal_sd.o
 .text.SD_Read_IT
                0x080057fc       0xa2 ./Drivers/STM32F4xx_HAL_Driver/Src/stm32f4xx_hal_sd.o
 .text.SD_Write_IT
                0x0800589e       0xaa ./Drivers/STM32F4xx_HAL_Driver/Src/stm32f4xx_hal_sd.o
 .text.HAL_SPI_Init
                0x08005948      0x112 ./Drivers/STM32F4xx_HAL_Driver/Src/stm32f4xx_hal_spi.o
                0x08005948                HAL_SPI_Init
 .text.HAL_SPI_Transmit
                0x08005a5a      0x288 ./Drivers/STM32F4xx_HAL_Driver/Src/stm32f4xx_hal_spi.o
                0x08005a5a                HAL_SPI_Transmit
 *fill*         0x08005ce2        0x2 
 .text.HAL_SPI_IRQHandler
                0x08005ce4      0x200 ./Drivers/STM32F4xx_HAL_Driver/Src/stm32f4xx_hal_spi.o
                0x08005ce4                HAL_SPI_IRQHandler
 .text.HAL_SPI_ErrorCallback
                0x08005ee4       0x14 ./Drivers/STM32F4xx_HAL_Driver/Src/stm32f4xx_hal_spi.o
                0x08005ee4                HAL_SPI_ErrorCallback
 .text.SPI_DMAAbortOnError
                0x08005ef8       0x28 ./Drivers/STM32F4xx_HAL_Driver/Src/stm32f4xx_hal_spi.o
 .text.SPI_WaitFlagStateUntilTimeout
                0x08005f20      0x110 ./Drivers/STM32F4xx_HAL_Driver/Src/stm32f4xx_hal_spi.o
 .text.SPI_EndRxTxTransaction
                0x08006030       0xa8 ./Drivers/STM32F4xx_HAL_Driver/Src/stm32f4xx_hal_spi.o
 .text.HAL_TIM_Base_Init
                0x080060d8       0x9e ./Drivers/STM32F4xx_HAL_Driver/Src/stm32f4xx_hal_tim.o
                0x080060d8                HAL_TIM_Base_Init
 .text.HAL_TIM_OC_Init
                0x08006176       0x9e ./Drivers/STM32F4xx_HAL_Driver/Src/stm32f4xx_hal_tim.o
                0x08006176                HAL_TIM_OC_Init
 .text.HAL_TIM_OC_Start
                0x08006214      0x160 ./Drivers/STM32F4xx_HAL_Driver/Src/stm32f4xx_hal_tim.o
                0x08006214                HAL_TIM_OC_Start
 .text.HAL_TIM_OC_Start_IT
                0x08006374      0x1fc ./Drivers/STM32F4xx_HAL_Driver/Src/stm32f4xx_hal_tim.o
                0x08006374                HAL_TIM_OC_Start_IT
 .text.HAL_TIM_Encoder_Init
                0x08006570      0x14c ./Drivers/STM32F4xx_HAL_Driver/Src/stm32f4xx_hal_tim.o
                0x08006570                HAL_TIM_Encoder_Init
 .text.HAL_TIM_Encoder_Start
                0x080066bc      0x11c ./Drivers/STM32F4xx_HAL_Driver/Src/stm32f4xx_hal_tim.o
                0x080066bc                HAL_TIM_Encoder_Start
 .text.HAL_TIM_IRQHandler
                0x080067d8      0x1e0 ./Drivers/STM32F4xx_HAL_Driver/Src/stm32f4xx_hal_tim.o
                0x080067d8                HAL_TIM_IRQHandler
 .text.HAL_TIM_OC_ConfigChannel
                0x080069b8       0xb8 ./Drivers/STM32F4xx_HAL_Driver/Src/stm32f4xx_hal_tim.o
                0x080069b8                HAL_TIM_OC_ConfigChannel
 .text.HAL_TIM_PeriodElapsedCallback
                0x08006a70       0x14 ./Drivers/STM32F4xx_HAL_Driver/Src/stm32f4xx_hal_tim.o
                0x08006a70                HAL_TIM_PeriodElapsedCallback
 .text.HAL_TIM_IC_CaptureCallback
                0x08006a84       0x14 ./Drivers/STM32F4xx_HAL_Driver/Src/stm32f4xx_hal_tim.o
                0x08006a84                HAL_TIM_IC_CaptureCallback
 .text.HAL_TIM_PWM_PulseFinishedCallback
                0x08006a98       0x14 ./Drivers/STM32F4xx_HAL_Driver/Src/stm32f4xx_hal_tim.o
                0x08006a98                HAL_TIM_PWM_PulseFinishedCallback
 .text.HAL_TIM_TriggerCallback
                0x08006aac       0x14 ./Drivers/STM32F4xx_HAL_Driver/Src/stm32f4xx_hal_tim.o
                0x08006aac                HAL_TIM_TriggerCallback
 .text.TIM_Base_SetConfig
                0x08006ac0      0x10c ./Drivers/STM32F4xx_HAL_Driver/Src/stm32f4xx_hal_tim.o
                0x08006ac0                TIM_Base_SetConfig
 .text.TIM_OC1_SetConfig
                0x08006bcc       0xcc ./Drivers/STM32F4xx_HAL_Driver/Src/stm32f4xx_hal_tim.o
 .text.TIM_OC2_SetConfig
                0x08006c98       0xd8 ./Drivers/STM32F4xx_HAL_Driver/Src/stm32f4xx_hal_tim.o
                0x08006c98                TIM_OC2_SetConfig
 .text.TIM_OC3_SetConfig
                0x08006d70       0xd4 ./Drivers/STM32F4xx_HAL_Driver/Src/stm32f4xx_hal_tim.o
 .text.TIM_OC4_SetConfig
                0x08006e44       0xa0 ./Drivers/STM32F4xx_HAL_Driver/Src/stm32f4xx_hal_tim.o
 .text.TIM_CCxChannelCmd
                0x08006ee4       0x4a ./Drivers/STM32F4xx_HAL_Driver/Src/stm32f4xx_hal_tim.o
                0x08006ee4                TIM_CCxChannelCmd
 *fill*         0x08006f2e        0x2 
 .text.HAL_TIMEx_MasterConfigSynchronization
                0x08006f30       0xdc ./Drivers/STM32F4xx_HAL_Driver/Src/stm32f4xx_hal_tim_ex.o
                0x08006f30                HAL_TIMEx_MasterConfigSynchronization
 .text.HAL_TIMEx_CommutCallback
                0x0800700c       0x14 ./Drivers/STM32F4xx_HAL_Driver/Src/stm32f4xx_hal_tim_ex.o
                0x0800700c                HAL_TIMEx_CommutCallback
 .text.HAL_TIMEx_BreakCallback
                0x08007020       0x14 ./Drivers/STM32F4xx_HAL_Driver/Src/stm32f4xx_hal_tim_ex.o
                0x08007020                HAL_TIMEx_BreakCallback
 .text.HAL_UART_Init
                0x08007034       0xa0 ./Drivers/STM32F4xx_HAL_Driver/Src/stm32f4xx_hal_uart.o
                0x08007034                HAL_UART_Init
 .text.HAL_UART_Transmit
                0x080070d4      0x116 ./Drivers/STM32F4xx_HAL_Driver/Src/stm32f4xx_hal_uart.o
                0x080070d4                HAL_UART_Transmit
 *fill*         0x080071ea        0x2 
 .text.HAL_UART_Transmit_DMA
                0x080071ec       0xf8 ./Drivers/STM32F4xx_HAL_Driver/Src/stm32f4xx_hal_uart.o
                0x080071ec                HAL_UART_Transmit_DMA
 .text.HAL_UARTEx_ReceiveToIdle_DMA
                0x080072e4       0xb2 ./Drivers/STM32F4xx_HAL_Driver/Src/stm32f4xx_hal_uart.o
                0x080072e4                HAL_UARTEx_ReceiveToIdle_DMA
 *fill*         0x08007396        0x2 
 .text.HAL_UART_IRQHandler
                0x08007398      0x554 ./Drivers/STM32F4xx_HAL_Driver/Src/stm32f4xx_hal_uart.o
                0x08007398                HAL_UART_IRQHandler
 .text.HAL_UART_TxCpltCallback
                0x080078ec       0x14 ./Drivers/STM32F4xx_HAL_Driver/Src/stm32f4xx_hal_uart.o
                0x080078ec                HAL_UART_TxCpltCallback
 .text.HAL_UART_TxHalfCpltCallback
                0x08007900       0x14 ./Drivers/STM32F4xx_HAL_Driver/Src/stm32f4xx_hal_uart.o
                0x08007900                HAL_UART_TxHalfCpltCallback
 .text.HAL_UART_RxCpltCallback
                0x08007914       0x14 ./Drivers/STM32F4xx_HAL_Driver/Src/stm32f4xx_hal_uart.o
                0x08007914                HAL_UART_RxCpltCallback
 .text.HAL_UART_RxHalfCpltCallback
                0x08007928       0x14 ./Drivers/STM32F4xx_HAL_Driver/Src/stm32f4xx_hal_uart.o
                0x08007928                HAL_UART_RxHalfCpltCallback
 .text.HAL_UART_ErrorCallback
                0x0800793c       0x14 ./Drivers/STM32F4xx_HAL_Driver/Src/stm32f4xx_hal_uart.o
                0x0800793c                HAL_UART_ErrorCallback
 .text.UART_DMATransmitCplt
                0x08007950       0x9a ./Drivers/STM32F4xx_HAL_Driver/Src/stm32f4xx_hal_uart.o
 .text.UART_DMATxHalfCplt
                0x080079ea       0x1c ./Drivers/STM32F4xx_HAL_Driver/Src/stm32f4xx_hal_uart.o
 .text.UART_DMAReceiveCplt
                0x08007a06      0x12c ./Drivers/STM32F4xx_HAL_Driver/Src/stm32f4xx_hal_uart.o
 .text.UART_DMARxHalfCplt
                0x08007b32       0x3c ./Drivers/STM32F4xx_HAL_Driver/Src/stm32f4xx_hal_uart.o
 .text.UART_DMAError
                0x08007b6e       0x94 ./Drivers/STM32F4xx_HAL_Driver/Src/stm32f4xx_hal_uart.o
 .text.UART_WaitOnFlagUntilTimeout
                0x08007c02       0xb2 ./Drivers/STM32F4xx_HAL_Driver/Src/stm32f4xx_hal_uart.o
 .text.UART_Start_Receive_DMA
                0x08007cb4      0x14c ./Drivers/STM32F4xx_HAL_Driver/Src/stm32f4xx_hal_uart.o
                0x08007cb4                UART_Start_Receive_DMA
 .text.UART_EndTxTransfer
                0x08007e00       0x50 ./Drivers/STM32F4xx_HAL_Driver/Src/stm32f4xx_hal_uart.o
 .text.UART_EndRxTransfer
                0x08007e50       0xc6 ./Drivers/STM32F4xx_HAL_Driver/Src/stm32f4xx_hal_uart.o
 .text.UART_DMAAbortOnError
                0x08007f16       0x22 ./Drivers/STM32F4xx_HAL_Driver/Src/stm32f4xx_hal_uart.o
 .text.UART_Transmit_IT
                0x08007f38       0xa0 ./Drivers/STM32F4xx_HAL_Driver/Src/stm32f4xx_hal_uart.o
 .text.UART_EndTransmit_IT
                0x08007fd8       0x30 ./Drivers/STM32F4xx_HAL_Driver/Src/stm32f4xx_hal_uart.o
 .text.UART_Receive_IT
                0x08008008      0x17c ./Drivers/STM32F4xx_HAL_Driver/Src/stm32f4xx_hal_uart.o
 .text.UART_SetConfig
                0x08008184      0x4e8 ./Drivers/STM32F4xx_HAL_Driver/Src/stm32f4xx_hal_uart.o
 .text.SDIO_Init
                0x0800866c       0x56 ./Drivers/STM32F4xx_HAL_Driver/Src/stm32f4xx_ll_sdmmc.o
                0x0800866c                SDIO_Init
 .text.SDIO_ReadFIFO
                0x080086c2       0x1a ./Drivers/STM32F4xx_HAL_Driver/Src/stm32f4xx_ll_sdmmc.o
                0x080086c2                SDIO_ReadFIFO
 .text.SDIO_WriteFIFO
                0x080086dc       0x22 ./Drivers/STM32F4xx_HAL_Driver/Src/stm32f4xx_ll_sdmmc.o
                0x080086dc                SDIO_WriteFIFO
 .text.SDIO_PowerState_ON
                0x080086fe       0x1c ./Drivers/STM32F4xx_HAL_Driver/Src/stm32f4xx_ll_sdmmc.o
                0x080086fe                SDIO_PowerState_ON
 .text.SDIO_GetPowerState
                0x0800871a       0x1c ./Drivers/STM32F4xx_HAL_Driver/Src/stm32f4xx_ll_sdmmc.o
                0x0800871a                SDIO_GetPowerState
 .text.SDIO_SendCommand
                0x08008736       0x54 ./Drivers/STM32F4xx_HAL_Driver/Src/stm32f4xx_ll_sdmmc.o
                0x08008736                SDIO_SendCommand
 .text.SDIO_GetCommandResponse
                0x0800878a       0x1a ./Drivers/STM32F4xx_HAL_Driver/Src/stm32f4xx_ll_sdmmc.o
                0x0800878a                SDIO_GetCommandResponse
 .text.SDIO_GetResponse
                0x080087a4       0x26 ./Drivers/STM32F4xx_HAL_Driver/Src/stm32f4xx_ll_sdmmc.o
                0x080087a4                SDIO_GetResponse
 .text.SDIO_ConfigData
                0x080087ca       0x58 ./Drivers/STM32F4xx_HAL_Driver/Src/stm32f4xx_ll_sdmmc.o
                0x080087ca                SDIO_ConfigData
 .text.SDMMC_CmdBlockLength
                0x08008822       0x44 ./Drivers/STM32F4xx_HAL_Driver/Src/stm32f4xx_ll_sdmmc.o
                0x08008822                SDMMC_CmdBlockLength
 .text.SDMMC_CmdReadSingleBlock
                0x08008866       0x44 ./Drivers/STM32F4xx_HAL_Driver/Src/stm32f4xx_ll_sdmmc.o
                0x08008866                SDMMC_CmdReadSingleBlock
 .text.SDMMC_CmdReadMultiBlock
                0x080088aa       0x44 ./Drivers/STM32F4xx_HAL_Driver/Src/stm32f4xx_ll_sdmmc.o
                0x080088aa                SDMMC_CmdReadMultiBlock
 .text.SDMMC_CmdWriteSingleBlock
                0x080088ee       0x44 ./Drivers/STM32F4xx_HAL_Driver/Src/stm32f4xx_ll_sdmmc.o
                0x080088ee                SDMMC_CmdWriteSingleBlock
 .text.SDMMC_CmdWriteMultiBlock
                0x08008932       0x44 ./Drivers/STM32F4xx_HAL_Driver/Src/stm32f4xx_ll_sdmmc.o
                0x08008932                SDMMC_CmdWriteMultiBlock
 *fill*         0x08008976        0x2 
 .text.SDMMC_CmdStopTransfer
                0x08008978       0x44 ./Drivers/STM32F4xx_HAL_Driver/Src/stm32f4xx_ll_sdmmc.o
                0x08008978                SDMMC_CmdStopTransfer
 .text.SDMMC_CmdSelDesel
                0x080089bc       0x46 ./Drivers/STM32F4xx_HAL_Driver/Src/stm32f4xx_ll_sdmmc.o
                0x080089bc                SDMMC_CmdSelDesel
 .text.SDMMC_CmdGoIdleState
                0x08008a02       0x3c ./Drivers/STM32F4xx_HAL_Driver/Src/stm32f4xx_ll_sdmmc.o
                0x08008a02                SDMMC_CmdGoIdleState
 .text.SDMMC_CmdOperCond
                0x08008a3e       0x3e ./Drivers/STM32F4xx_HAL_Driver/Src/stm32f4xx_ll_sdmmc.o
                0x08008a3e                SDMMC_CmdOperCond
 .text.SDMMC_CmdAppCommand
                0x08008a7c       0x44 ./Drivers/STM32F4xx_HAL_Driver/Src/stm32f4xx_ll_sdmmc.o
                0x08008a7c                SDMMC_CmdAppCommand
 .text.SDMMC_CmdAppOperCommand
                0x08008ac0       0x46 ./Drivers/STM32F4xx_HAL_Driver/Src/stm32f4xx_ll_sdmmc.o
                0x08008ac0                SDMMC_CmdAppOperCommand
 .text.SDMMC_CmdBusWidth
                0x08008b06       0x44 ./Drivers/STM32F4xx_HAL_Driver/Src/stm32f4xx_ll_sdmmc.o
                0x08008b06                SDMMC_CmdBusWidth
 .text.SDMMC_CmdSendSCR
                0x08008b4a       0x42 ./Drivers/STM32F4xx_HAL_Driver/Src/stm32f4xx_ll_sdmmc.o
                0x08008b4a                SDMMC_CmdSendSCR
 .text.SDMMC_CmdSendCID
                0x08008b8c       0x3c ./Drivers/STM32F4xx_HAL_Driver/Src/stm32f4xx_ll_sdmmc.o
                0x08008b8c                SDMMC_CmdSendCID
 .text.SDMMC_CmdSendCSD
                0x08008bc8       0x3e ./Drivers/STM32F4xx_HAL_Driver/Src/stm32f4xx_ll_sdmmc.o
                0x08008bc8                SDMMC_CmdSendCSD
 .text.SDMMC_CmdSetRelAdd
                0x08008c06       0x42 ./Drivers/STM32F4xx_HAL_Driver/Src/stm32f4xx_ll_sdmmc.o
                0x08008c06                SDMMC_CmdSetRelAdd
 .text.SDMMC_CmdSendStatus
                0x08008c48       0x44 ./Drivers/STM32F4xx_HAL_Driver/Src/stm32f4xx_ll_sdmmc.o
                0x08008c48                SDMMC_CmdSendStatus
 .text.SDMMC_GetCmdResp1
                0x08008c8c      0x1dc ./Drivers/STM32F4xx_HAL_Driver/Src/stm32f4xx_ll_sdmmc.o
                0x08008c8c                SDMMC_GetCmdResp1
 .text.SDMMC_GetCmdResp2
                0x08008e68       0x90 ./Drivers/STM32F4xx_HAL_Driver/Src/stm32f4xx_ll_sdmmc.o
                0x08008e68                SDMMC_GetCmdResp2
 .text.SDMMC_GetCmdResp3
                0x08008ef8       0x7c ./Drivers/STM32F4xx_HAL_Driver/Src/stm32f4xx_ll_sdmmc.o
                0x08008ef8                SDMMC_GetCmdResp3
 .text.SDMMC_GetCmdResp6
                0x08008f74       0xec ./Drivers/STM32F4xx_HAL_Driver/Src/stm32f4xx_ll_sdmmc.o
                0x08008f74                SDMMC_GetCmdResp6
 .text.SDMMC_GetCmdResp7
                0x08009060       0x9c ./Drivers/STM32F4xx_HAL_Driver/Src/stm32f4xx_ll_sdmmc.o
                0x08009060                SDMMC_GetCmdResp7
 .text.SDMMC_GetCmdError
                0x080090fc       0x58 ./Drivers/STM32F4xx_HAL_Driver/Src/stm32f4xx_ll_sdmmc.o
 .text.USB_CoreInit
                0x08009154       0xc8 ./Drivers/STM32F4xx_HAL_Driver/Src/stm32f4xx_ll_usb.o
                0x08009154                USB_CoreInit
 .text.USB_DisableGlobalInt
                0x0800921c       0x22 ./Drivers/STM32F4xx_HAL_Driver/Src/stm32f4xx_ll_usb.o
                0x0800921c                USB_DisableGlobalInt
 .text.USB_SetCurrentMode
                0x0800923e       0x98 ./Drivers/STM32F4xx_HAL_Driver/Src/stm32f4xx_ll_usb.o
                0x0800923e                USB_SetCurrentMode
 *fill*         0x080092d6        0x2 
 .text.USB_DevInit
                0x080092d8      0x2c8 ./Drivers/STM32F4xx_HAL_Driver/Src/stm32f4xx_ll_usb.o
                0x080092d8                USB_DevInit
 .text.USB_FlushTxFifo
                0x080095a0       0x64 ./Drivers/STM32F4xx_HAL_Driver/Src/stm32f4xx_ll_usb.o
                0x080095a0                USB_FlushTxFifo
 .text.USB_FlushRxFifo
                0x08009604       0x5c ./Drivers/STM32F4xx_HAL_Driver/Src/stm32f4xx_ll_usb.o
                0x08009604                USB_FlushRxFifo
 .text.USB_SetDevSpeed
                0x08009660       0x32 ./Drivers/STM32F4xx_HAL_Driver/Src/stm32f4xx_ll_usb.o
                0x08009660                USB_SetDevSpeed
 .text.USB_DevDisconnect
                0x08009692       0x42 ./Drivers/STM32F4xx_HAL_Driver/Src/stm32f4xx_ll_usb.o
                0x08009692                USB_DevDisconnect
 .text.USB_GetMode
                0x080096d4       0x1c ./Drivers/STM32F4xx_HAL_Driver/Src/stm32f4xx_ll_usb.o
                0x080096d4                USB_GetMode
 .text.USB_CoreReset
                0x080096f0       0x70 ./Drivers/STM32F4xx_HAL_Driver/Src/stm32f4xx_ll_usb.o
 .text.tud_cdc_rx_cb
                0x08009760       0x16 ./Libs/tinyusb/src/class/cdc/cdc_device.o
                0x08009760                tud_cdc_rx_cb
 .text.tud_cdc_rx_wanted_cb
                0x08009776       0x1c ./Libs/tinyusb/src/class/cdc/cdc_device.o
                0x08009776                tud_cdc_rx_wanted_cb
 .text.tud_cdc_tx_complete_cb
                0x08009792       0x16 ./Libs/tinyusb/src/class/cdc/cdc_device.o
                0x08009792                tud_cdc_tx_complete_cb
 .text.tud_cdc_notify_complete_cb
                0x080097a8       0x16 ./Libs/tinyusb/src/class/cdc/cdc_device.o
                0x080097a8                tud_cdc_notify_complete_cb
 .text.tud_cdc_line_state_cb
                0x080097be       0x1e ./Libs/tinyusb/src/class/cdc/cdc_device.o
                0x080097be                tud_cdc_line_state_cb
 .text.tud_cdc_line_coding_cb
                0x080097dc       0x18 ./Libs/tinyusb/src/class/cdc/cdc_device.o
                0x080097dc                tud_cdc_line_coding_cb
 .text.tud_cdc_send_break_cb
                0x080097f4       0x1c ./Libs/tinyusb/src/class/cdc/cdc_device.o
                0x080097f4                tud_cdc_send_break_cb
 .text.tud_cdc_n_connected
                0x08009810       0x8c ./Libs/tinyusb/src/class/cdc/cdc_device.o
                0x08009810                tud_cdc_n_connected
 .text.tud_cdc_n_available
                0x0800989c       0x90 ./Libs/tinyusb/src/class/cdc/cdc_device.o
                0x0800989c                tud_cdc_n_available
 .text.tud_cdc_n_read
                0x0800992c       0x48 ./Libs/tinyusb/src/class/cdc/cdc_device.o
                0x0800992c                tud_cdc_n_read
 .text.tud_cdc_n_write
                0x08009974       0x48 ./Libs/tinyusb/src/class/cdc/cdc_device.o
                0x08009974                tud_cdc_n_write
 .text.cdcd_init
                0x080099bc       0xb8 ./Libs/tinyusb/src/class/cdc/cdc_device.o
                0x080099bc                cdcd_init
 .text.cdcd_deinit
                0x08009a74       0x48 ./Libs/tinyusb/src/class/cdc/cdc_device.o
                0x08009a74                cdcd_deinit
 .text.cdcd_reset
                0x08009abc       0x7c ./Libs/tinyusb/src/class/cdc/cdc_device.o
                0x08009abc                cdcd_reset
 .text.cdcd_open
                0x08009b38      0x444 ./Libs/tinyusb/src/class/cdc/cdc_device.o
                0x08009b38                cdcd_open
 .text.cdcd_control_xfer_cb
                0x08009f7c      0x1e8 ./Libs/tinyusb/src/class/cdc/cdc_device.o
                0x08009f7c                cdcd_control_xfer_cb
 .text.cdcd_xfer_cb
                0x0800a164      0x23c ./Libs/tinyusb/src/class/cdc/cdc_device.o
                0x0800a164                cdcd_xfer_cb
 .text.tud_hid_set_protocol_cb
                0x0800a3a0       0x1c ./Libs/tinyusb/src/class/hid/hid_device.o
                0x0800a3a0                tud_hid_set_protocol_cb
 .text.tud_hid_set_idle_cb
                0x0800a3bc       0x1e ./Libs/tinyusb/src/class/hid/hid_device.o
                0x0800a3bc                tud_hid_set_idle_cb
 .text.tud_hid_report_complete_cb
                0x0800a3da       0x1c ./Libs/tinyusb/src/class/hid/hid_device.o
                0x0800a3da                tud_hid_report_complete_cb
 .text.tud_hid_report_failed_cb
                0x0800a3f6       0x22 ./Libs/tinyusb/src/class/hid/hid_device.o
                0x0800a3f6                tud_hid_report_failed_cb
 .text.hidd_init
                0x0800a418        0xe ./Libs/tinyusb/src/class/hid/hid_device.o
                0x0800a418                hidd_init
 .text.hidd_deinit
                0x0800a426       0x10 ./Libs/tinyusb/src/class/hid/hid_device.o
                0x0800a426                hidd_deinit
 *fill*         0x0800a436        0x2 
 .text.hidd_reset
                0x0800a438       0x20 ./Libs/tinyusb/src/class/hid/hid_device.o
                0x0800a438                hidd_reset
 .text.hidd_open
                0x0800a458      0x1d4 ./Libs/tinyusb/src/class/hid/hid_device.o
                0x0800a458                hidd_open
 .text.hidd_control_xfer_cb
                0x0800a62c      0x3d8 ./Libs/tinyusb/src/class/hid/hid_device.o
                0x0800a62c                hidd_control_xfer_cb
 .text.hidd_xfer_cb
                0x0800aa04      0x130 ./Libs/tinyusb/src/class/hid/hid_device.o
                0x0800aa04                hidd_xfer_cb
 .text.tud_msc_inquiry2_cb
                0x0800ab34       0x1c ./Libs/tinyusb/src/class/msc/msc_device.o
                0x0800ab34                tud_msc_inquiry2_cb
 .text.fail_scsi_op
                0x0800ab50       0xb2 ./Libs/tinyusb/src/class/msc/msc_device.o
 .text.rdwr10_validate_cmd
                0x0800ac02       0xe2 ./Libs/tinyusb/src/class/msc/msc_device.o
 .text.proc_stage_status
                0x0800ace4       0xf0 ./Libs/tinyusb/src/class/msc/msc_device.o
 .text.tud_msc_read10_complete_cb
                0x0800add4       0x16 ./Libs/tinyusb/src/class/msc/msc_device.o
                0x0800add4                tud_msc_read10_complete_cb
 .text.tud_msc_write10_complete_cb
                0x0800adea       0x16 ./Libs/tinyusb/src/class/msc/msc_device.o
                0x0800adea                tud_msc_write10_complete_cb
 .text.tud_msc_scsi_complete_cb
                0x0800ae00       0x18 ./Libs/tinyusb/src/class/msc/msc_device.o
                0x0800ae00                tud_msc_scsi_complete_cb
 .text.tud_msc_get_maxlun_cb
                0x0800ae18       0x10 ./Libs/tinyusb/src/class/msc/msc_device.o
                0x0800ae18                tud_msc_get_maxlun_cb
 .text.tud_msc_start_stop_cb
                0x0800ae28       0x2a ./Libs/tinyusb/src/class/msc/msc_device.o
                0x0800ae28                tud_msc_start_stop_cb
 .text.tud_msc_prevent_allow_medium_removal_cb
                0x0800ae52       0x20 ./Libs/tinyusb/src/class/msc/msc_device.o
                0x0800ae52                tud_msc_prevent_allow_medium_removal_cb
 .text.tud_msc_request_sense_cb
                0x0800ae72       0x1e ./Libs/tinyusb/src/class/msc/msc_device.o
                0x0800ae72                tud_msc_request_sense_cb
 .text.tud_msc_is_writable_cb
                0x0800ae90       0x18 ./Libs/tinyusb/src/class/msc/msc_device.o
                0x0800ae90                tud_msc_is_writable_cb
 .text.tud_msc_set_sense
                0x0800aea8       0x48 ./Libs/tinyusb/src/class/msc/msc_device.o
                0x0800aea8                tud_msc_set_sense
 .text.mscd_init
                0x0800aef0       0x18 ./Libs/tinyusb/src/class/msc/msc_device.o
                0x0800aef0                mscd_init
 .text.mscd_reset
                0x0800af08       0x20 ./Libs/tinyusb/src/class/msc/msc_device.o
                0x0800af08                mscd_reset
 .text.mscd_open
                0x0800af28      0x10c ./Libs/tinyusb/src/class/msc/msc_device.o
                0x0800af28                mscd_open
 .text.proc_bot_reset
                0x0800b034       0x40 ./Libs/tinyusb/src/class/msc/msc_device.o
 .text.mscd_control_xfer_cb
                0x0800b074      0x25c ./Libs/tinyusb/src/class/msc/msc_device.o
                0x0800b074                mscd_control_xfer_cb
 .text.mscd_xfer_cb
                0x0800b2d0      0x49c ./Libs/tinyusb/src/class/msc/msc_device.o
                0x0800b2d0                mscd_xfer_cb
 .text.proc_builtin_scsi
                0x0800b76c      0x5d8 ./Libs/tinyusb/src/class/msc/msc_device.o
 .text.proc_read10_cmd
                0x0800bd44       0xdc ./Libs/tinyusb/src/class/msc/msc_device.o
 .text.proc_read_io_data
                0x0800be20       0xd0 ./Libs/tinyusb/src/class/msc/msc_device.o
 .text.proc_write10_cmd
                0x0800bef0       0xa0 ./Libs/tinyusb/src/class/msc/msc_device.o
 .text.proc_write10_host_data
                0x0800bf90       0xc0 ./Libs/tinyusb/src/class/msc/msc_device.o
 .text.proc_write_io_data
                0x0800c050       0xe8 ./Libs/tinyusb/src/class/msc/msc_device.o
 .text.tud_vendor_tx_cb
                0x0800c138       0x18 ./Libs/tinyusb/src/class/vendor/vendor_device.o
                0x0800c138                tud_vendor_tx_cb
 .text.tud_vendor_n_write
                0x0800c150       0x48 ./Libs/tinyusb/src/class/vendor/vendor_device.o
                0x0800c150                tud_vendor_n_write
 .text.tud_vendor_n_write_flush
                0x0800c198       0x44 ./Libs/tinyusb/src/class/vendor/vendor_device.o
                0x0800c198                tud_vendor_n_write_flush
 .text.tud_vendor_n_write_available
                0x0800c1dc       0x44 ./Libs/tinyusb/src/class/vendor/vendor_device.o
                0x0800c1dc                tud_vendor_n_write_available
 .text.vendord_init
                0x0800c220       0xa0 ./Libs/tinyusb/src/class/vendor/vendor_device.o
                0x0800c220                vendord_init
 .text.vendord_deinit
                0x0800c2c0       0x4c ./Libs/tinyusb/src/class/vendor/vendor_device.o
                0x0800c2c0                vendord_deinit
 .text.vendord_reset
                0x0800c30c       0x80 ./Libs/tinyusb/src/class/vendor/vendor_device.o
                0x0800c30c                vendord_reset
 .text.find_vendor_itf
                0x0800c38c       0x70 ./Libs/tinyusb/src/class/vendor/vendor_device.o
 .text.vendord_open
                0x0800c3fc      0x218 ./Libs/tinyusb/src/class/vendor/vendor_device.o
                0x0800c3fc                vendord_open
 .text.vendord_xfer_cb
                0x0800c614       0xfc ./Libs/tinyusb/src/class/vendor/vendor_device.o
                0x0800c614                vendord_xfer_cb
 .text.tu_fifo_config
                0x0800c710       0x66 ./Libs/tinyusb/src/common/tusb_fifo.o
                0x0800c710                tu_fifo_config
 .text.tu_fifo_clear
                0x0800c776       0x22 ./Libs/tinyusb/src/common/tusb_fifo.o
                0x0800c776                tu_fifo_clear
 .text.tu_fifo_set_overwritable
                0x0800c798       0x3a ./Libs/tinyusb/src/common/tusb_fifo.o
                0x0800c798                tu_fifo_set_overwritable
 .text.ff_push_fixed_addr_rw32
                0x0800c7d2       0x6e ./Libs/tinyusb/src/common/tusb_fifo.o
 .text.ff_pull_fixed_addr_rw32
                0x0800c840       0x62 ./Libs/tinyusb/src/common/tusb_fifo.o
 .text.ff_push_n
                0x0800c8a2      0x1f6 ./Libs/tinyusb/src/common/tusb_fifo.o
 .text.ff_pull_n
                0x0800ca98      0x210 ./Libs/tinyusb/src/common/tusb_fifo.o
 .text.tu_fifo_peek_n_access_mode
                0x0800cca8       0xe0 ./Libs/tinyusb/src/common/tusb_fifo.o
                0x0800cca8                tu_fifo_peek_n_access_mode
 .text.tu_fifo_read_n_access_mode
                0x0800cd88       0x88 ./Libs/tinyusb/src/common/tusb_fifo.o
                0x0800cd88                tu_fifo_read_n_access_mode
 .text.tu_fifo_write_n_access_mode
                0x0800ce10      0x220 ./Libs/tinyusb/src/common/tusb_fifo.o
                0x0800ce10                tu_fifo_write_n_access_mode
 .text.ff_peek_local
                0x0800d030       0xe2 ./Libs/tinyusb/src/common/tusb_fifo.o
 .text.tu_fifo_read
                0x0800d112       0x76 ./Libs/tinyusb/src/common/tusb_fifo.o
                0x0800d112                tu_fifo_read
 .text.tu_fifo_write
                0x0800d188      0x116 ./Libs/tinyusb/src/common/tusb_fifo.o
                0x0800d188                tu_fifo_write
 .text.tu_fifo_get_read_info
                0x0800d29e      0x142 ./Libs/tinyusb/src/common/tusb_fifo.o
                0x0800d29e                tu_fifo_get_read_info
 .text.tud_event_hook_cb
                0x0800d3e0       0x1c ./Libs/tinyusb/src/device/usbd.o
                0x0800d3e0                tud_event_hook_cb
 .text.tud_sof_cb
                0x0800d3fc       0x14 ./Libs/tinyusb/src/device/usbd.o
                0x0800d3fc                tud_sof_cb
 .text.tud_descriptor_bos_cb
                0x0800d410       0x10 ./Libs/tinyusb/src/device/usbd.o
                0x0800d410                tud_descriptor_bos_cb
 .text.tud_descriptor_device_qualifier_cb
                0x0800d420       0x10 ./Libs/tinyusb/src/device/usbd.o
                0x0800d420                tud_descriptor_device_qualifier_cb
 .text.tud_descriptor_other_speed_configuration_cb
                0x0800d430       0x18 ./Libs/tinyusb/src/device/usbd.o
                0x0800d430                tud_descriptor_other_speed_configuration_cb
 .text.tud_mount_cb
                0x0800d448        0xe ./Libs/tinyusb/src/device/usbd.o
                0x0800d448                tud_mount_cb
 .text.tud_umount_cb
                0x0800d456        0xe ./Libs/tinyusb/src/device/usbd.o
                0x0800d456                tud_umount_cb
 .text.tud_suspend_cb
                0x0800d464       0x16 ./Libs/tinyusb/src/device/usbd.o
                0x0800d464                tud_suspend_cb
 .text.tud_resume_cb
                0x0800d47a        0xe ./Libs/tinyusb/src/device/usbd.o
                0x0800d47a                tud_resume_cb
 .text.tud_vendor_control_xfer_cb
                0x0800d488       0x1e ./Libs/tinyusb/src/device/usbd.o
                0x0800d488                tud_vendor_control_xfer_cb
 .text.dcd_dcache_clean
                0x0800d4a6       0x18 ./Libs/tinyusb/src/device/usbd.o
                0x0800d4a6                dcd_dcache_clean
 .text.usbd_app_driver_get_cb
                0x0800d4be       0x1c ./Libs/tinyusb/src/device/usbd.o
                0x0800d4be                usbd_app_driver_get_cb
 *fill*         0x0800d4da        0x2 
 .text.tud_mounted
                0x0800d4dc       0x24 ./Libs/tinyusb/src/device/usbd.o
                0x0800d4dc                tud_mounted
 .text.tud_suspended
                0x0800d500       0x28 ./Libs/tinyusb/src/device/usbd.o
                0x0800d500                tud_suspended
 .text.tud_disconnect
                0x0800d528       0x18 ./Libs/tinyusb/src/device/usbd.o
                0x0800d528                tud_disconnect
 .text.tud_connect
                0x0800d540       0x18 ./Libs/tinyusb/src/device/usbd.o
                0x0800d540                tud_connect
 .text.tud_inited
                0x0800d558       0x20 ./Libs/tinyusb/src/device/usbd.o
                0x0800d558                tud_inited
 .text.tud_rhport_init
                0x0800d578      0x1ac ./Libs/tinyusb/src/device/usbd.o
                0x0800d578                tud_rhport_init
 .text.configuration_reset
                0x0800d724       0xd8 ./Libs/tinyusb/src/device/usbd.o
 .text.usbd_reset
                0x0800d7fc       0x1e ./Libs/tinyusb/src/device/usbd.o
 *fill*         0x0800d81a        0x2 
 .text.tud_task_ext
                0x0800d81c      0x358 ./Libs/tinyusb/src/device/usbd.o
                0x0800d81c                tud_task_ext
 .text.invoke_class_control
                0x0800db74       0x2e ./Libs/tinyusb/src/device/usbd.o
 *fill*         0x0800dba2        0x2 
 .text.process_control_request
                0x0800dba4      0x5e8 ./Libs/tinyusb/src/device/usbd.o
 .text.process_set_config
                0x0800e18c      0x278 ./Libs/tinyusb/src/device/usbd.o
 .text.process_get_descriptor
                0x0800e404      0x1b4 ./Libs/tinyusb/src/device/usbd.o
 .text.dcd_event_handler
                0x0800e5b8      0x56c ./Libs/tinyusb/src/device/usbd.o
                0x0800e5b8                dcd_event_handler
 .text.usbd_int_set
                0x0800eb24       0x34 ./Libs/tinyusb/src/device/usbd.o
                0x0800eb24                usbd_int_set
 .text.usbd_spin_lock
                0x0800eb58       0x48 ./Libs/tinyusb/src/device/usbd.o
                0x0800eb58                usbd_spin_lock
 .text.usbd_spin_unlock
                0x0800eba0       0x50 ./Libs/tinyusb/src/device/usbd.o
                0x0800eba0                usbd_spin_unlock
 .text.usbd_open_edpt_pair
                0x0800ebf0       0xd0 ./Libs/tinyusb/src/device/usbd.o
                0x0800ebf0                usbd_open_edpt_pair
 .text.usbd_edpt_open
                0x0800ecc0       0x8c ./Libs/tinyusb/src/device/usbd.o
                0x0800ecc0                usbd_edpt_open
 .text.usbd_edpt_claim
                0x0800ed4c       0x50 ./Libs/tinyusb/src/device/usbd.o
                0x0800ed4c                usbd_edpt_claim
 .text.usbd_edpt_release
                0x0800ed9c       0x50 ./Libs/tinyusb/src/device/usbd.o
                0x0800ed9c                usbd_edpt_release
 .text.usbd_edpt_xfer
                0x0800edec       0xf4 ./Libs/tinyusb/src/device/usbd.o
                0x0800edec                usbd_edpt_xfer
 .text.usbd_edpt_xfer_fifo
                0x0800eee0       0xf4 ./Libs/tinyusb/src/device/usbd.o
                0x0800eee0                usbd_edpt_xfer_fifo
 .text.usbd_edpt_busy
                0x0800efd4       0x5c ./Libs/tinyusb/src/device/usbd.o
                0x0800efd4                usbd_edpt_busy
 .text.usbd_edpt_stall
                0x0800f030       0x7c ./Libs/tinyusb/src/device/usbd.o
                0x0800f030                usbd_edpt_stall
 .text.usbd_edpt_clear_stall
                0x0800f0ac       0x7c ./Libs/tinyusb/src/device/usbd.o
                0x0800f0ac                usbd_edpt_clear_stall
 .text.usbd_edpt_stalled
                0x0800f128       0x5c ./Libs/tinyusb/src/device/usbd.o
                0x0800f128                usbd_edpt_stalled
 .text.dcd_edpt0_status_complete
                0x0800f184       0x18 ./Libs/tinyusb/src/device/usbd_control.o
                0x0800f184                dcd_edpt0_status_complete
 .text.status_stage_xact
                0x0800f19c       0x3c ./Libs/tinyusb/src/device/usbd_control.o
 .text.tud_control_status
                0x0800f1d8       0x40 ./Libs/tinyusb/src/device/usbd_control.o
                0x0800f1d8                tud_control_status
 .text.data_stage_xact
                0x0800f218       0xc8 ./Libs/tinyusb/src/device/usbd_control.o
 .text.tud_control_xfer
                0x0800f2e0       0xe0 ./Libs/tinyusb/src/device/usbd_control.o
                0x0800f2e0                tud_control_xfer
 .text.usbd_control_reset
                0x0800f3c0       0x18 ./Libs/tinyusb/src/device/usbd_control.o
                0x0800f3c0                usbd_control_reset
 .text.usbd_control_set_complete_callback
                0x0800f3d8       0x20 ./Libs/tinyusb/src/device/usbd_control.o
                0x0800f3d8                usbd_control_set_complete_callback
 .text.usbd_control_set_request
                0x0800f3f8       0x34 ./Libs/tinyusb/src/device/usbd_control.o
                0x0800f3f8                usbd_control_set_request
 .text.usbd_control_xfer_cb
                0x0800f42c      0x168 ./Libs/tinyusb/src/device/usbd_control.o
                0x0800f42c                usbd_control_xfer_cb
 .text.__NVIC_EnableIRQ
                0x0800f594       0x3c ./Libs/tinyusb/src/portable/synopsys/dwc2/dcd_dwc2.o
 .text.__NVIC_DisableIRQ
                0x0800f5d0       0x48 ./Libs/tinyusb/src/portable/synopsys/dwc2/dcd_dwc2.o
 .text.dma_setup_prepare
                0x0800f618       0x80 ./Libs/tinyusb/src/portable/synopsys/dwc2/dcd_dwc2.o
 .text.dfifo_alloc
                0x0800f698      0x1c0 ./Libs/tinyusb/src/portable/synopsys/dwc2/dcd_dwc2.o
 .text.dfifo_device_init
                0x0800f858       0xb4 ./Libs/tinyusb/src/portable/synopsys/dwc2/dcd_dwc2.o
 .text.edpt_activate
                0x0800f90c      0x164 ./Libs/tinyusb/src/portable/synopsys/dwc2/dcd_dwc2.o
 .text.edpt_disable
                0x0800fa70      0x1a0 ./Libs/tinyusb/src/portable/synopsys/dwc2/dcd_dwc2.o
 .text.epin_write_tx_fifo
                0x0800fc10      0x10c ./Libs/tinyusb/src/portable/synopsys/dwc2/dcd_dwc2.o
 .text.edpt_schedule_packets
                0x0800fd1c      0x214 ./Libs/tinyusb/src/portable/synopsys/dwc2/dcd_dwc2.o
 .text.dcd_init
                0x0800ff30      0x13c ./Libs/tinyusb/src/portable/synopsys/dwc2/dcd_dwc2.o
                0x0800ff30                dcd_init
 .text.dcd_int_enable
                0x0801006c       0x50 ./Libs/tinyusb/src/portable/synopsys/dwc2/dcd_dwc2.o
                0x0801006c                dcd_int_enable
 .text.dcd_int_disable
                0x080100bc       0x50 ./Libs/tinyusb/src/portable/synopsys/dwc2/dcd_dwc2.o
                0x080100bc                dcd_int_disable
 .text.dcd_set_address
                0x0801010c       0x74 ./Libs/tinyusb/src/portable/synopsys/dwc2/dcd_dwc2.o
                0x0801010c                dcd_set_address
 .text.dcd_connect
                0x08010180       0x44 ./Libs/tinyusb/src/portable/synopsys/dwc2/dcd_dwc2.o
                0x08010180                dcd_connect
 .text.dcd_disconnect
                0x080101c4       0x44 ./Libs/tinyusb/src/portable/synopsys/dwc2/dcd_dwc2.o
                0x080101c4                dcd_disconnect
 .text.dcd_sof_enable
                0x08010208       0x6c ./Libs/tinyusb/src/portable/synopsys/dwc2/dcd_dwc2.o
                0x08010208                dcd_sof_enable
 .text.dcd_edpt_open
                0x08010274       0x64 ./Libs/tinyusb/src/portable/synopsys/dwc2/dcd_dwc2.o
                0x08010274                dcd_edpt_open
 .text.dcd_edpt_close_all
                0x080102d8      0x130 ./Libs/tinyusb/src/portable/synopsys/dwc2/dcd_dwc2.o
                0x080102d8                dcd_edpt_close_all
 .text.dcd_edpt_xfer
                0x08010408       0xb0 ./Libs/tinyusb/src/portable/synopsys/dwc2/dcd_dwc2.o
                0x08010408                dcd_edpt_xfer
 .text.dcd_edpt_xfer_fifo
                0x080104b8       0xc4 ./Libs/tinyusb/src/portable/synopsys/dwc2/dcd_dwc2.o
                0x080104b8                dcd_edpt_xfer_fifo
 .text.dcd_edpt_stall
                0x0801057c       0x6c ./Libs/tinyusb/src/portable/synopsys/dwc2/dcd_dwc2.o
                0x0801057c                dcd_edpt_stall
 .text.dcd_edpt_clear_stall
                0x080105e8       0x8c ./Libs/tinyusb/src/portable/synopsys/dwc2/dcd_dwc2.o
                0x080105e8                dcd_edpt_clear_stall
 .text.handle_bus_reset
                0x08010674      0x204 ./Libs/tinyusb/src/portable/synopsys/dwc2/dcd_dwc2.o
 .text.handle_enum_done
                0x08010878       0x8c ./Libs/tinyusb/src/portable/synopsys/dwc2/dcd_dwc2.o
 .text.handle_rxflvl_irq
                0x08010904      0x140 ./Libs/tinyusb/src/portable/synopsys/dwc2/dcd_dwc2.o
 .text.handle_epout_slave
                0x08010a44      0x144 ./Libs/tinyusb/src/portable/synopsys/dwc2/dcd_dwc2.o
 .text.handle_epin_slave
                0x08010b88      0x140 ./Libs/tinyusb/src/portable/synopsys/dwc2/dcd_dwc2.o
 .text.handle_ep_irq
                0x08010cc8      0x128 ./Libs/tinyusb/src/portable/synopsys/dwc2/dcd_dwc2.o
 .text.handle_incomplete_iso_in
                0x08010df0      0x1bc ./Libs/tinyusb/src/portable/synopsys/dwc2/dcd_dwc2.o
 .text.dcd_int_handler
                0x08010fac      0x27c ./Libs/tinyusb/src/portable/synopsys/dwc2/dcd_dwc2.o
                0x08010fac                dcd_int_handler
 .text.dwc2_phy_init
                0x08011228       0x38 ./Libs/tinyusb/src/portable/synopsys/dwc2/dwc2_common.o
 .text.dwc2_phy_update
                0x08011260       0xec ./Libs/tinyusb/src/portable/synopsys/dwc2/dwc2_common.o
 .text.reset_core
                0x0801134c       0x7a ./Libs/tinyusb/src/portable/synopsys/dwc2/dwc2_common.o
 .text.phy_fs_init
                0x080113c6       0x50 ./Libs/tinyusb/src/portable/synopsys/dwc2/dwc2_common.o
 .text.phy_hs_init
                0x08011416       0xe6 ./Libs/tinyusb/src/portable/synopsys/dwc2/dwc2_common.o
 .text.check_dwc2
                0x080114fc       0x60 ./Libs/tinyusb/src/portable/synopsys/dwc2/dwc2_common.o
 .text.dwc2_core_is_highspeed
                0x0801155c       0x3a ./Libs/tinyusb/src/portable/synopsys/dwc2/dwc2_common.o
                0x0801155c                dwc2_core_is_highspeed
 *fill*         0x08011596        0x2 
 .text.dwc2_core_init
                0x08011598      0x118 ./Libs/tinyusb/src/portable/synopsys/dwc2/dwc2_common.o
                0x08011598                dwc2_core_init
 .text.dfifo_read_packet
                0x080116b0       0xa2 ./Libs/tinyusb/src/portable/synopsys/dwc2/dwc2_common.o
                0x080116b0                dfifo_read_packet
 .text.dfifo_write_packet
                0x08011752       0x94 ./Libs/tinyusb/src/portable/synopsys/dwc2/dwc2_common.o
                0x08011752                dfifo_write_packet
 *fill*         0x080117e6        0x2 
 .text.tusb_rhport_init
                0x080117e8       0xc8 ./Libs/tinyusb/src/tusb.o
                0x080117e8                tusb_rhport_init
 .text.tu_edpt_claim
                0x080118b0       0x78 ./Libs/tinyusb/src/tusb.o
                0x080118b0                tu_edpt_claim
 .text.tu_edpt_release
                0x08011928       0x54 ./Libs/tinyusb/src/tusb.o
                0x08011928                tu_edpt_release
 .text.tu_edpt_validate
                0x0801197c      0x134 ./Libs/tinyusb/src/tusb.o
                0x0801197c                tu_edpt_validate
 .text.tu_edpt_bind_driver
                0x08011ab0       0x8a ./Libs/tinyusb/src/tusb.o
                0x08011ab0                tu_edpt_bind_driver
 .text.tu_edpt_stream_init
                0x08011b3a       0x50 ./Libs/tinyusb/src/tusb.o
                0x08011b3a                tu_edpt_stream_init
 .text.tu_edpt_stream_deinit
                0x08011b8a       0x16 ./Libs/tinyusb/src/tusb.o
                0x08011b8a                tu_edpt_stream_deinit
 .text.tu_edpt_stream_write_zlp_if_needed
                0x08011ba0      0x134 ./Libs/tinyusb/src/tusb.o
                0x08011ba0                tu_edpt_stream_write_zlp_if_needed
 .text.tu_edpt_stream_write_xfer
                0x08011cd4      0x1a0 ./Libs/tinyusb/src/tusb.o
                0x08011cd4                tu_edpt_stream_write_xfer
 .text.tu_edpt_stream_write
                0x08011e74      0x1f0 ./Libs/tinyusb/src/tusb.o
                0x08011e74                tu_edpt_stream_write
 .text.tu_edpt_stream_write_available
                0x08012064       0xbe ./Libs/tinyusb/src/tusb.o
                0x08012064                tu_edpt_stream_write_available
 *fill*         0x08012122        0x2 
 .text.tu_edpt_stream_read_xfer
                0x08012124      0x338 ./Libs/tinyusb/src/tusb.o
                0x08012124                tu_edpt_stream_read_xfer
 .text.tu_edpt_stream_read
                0x0801245c       0x46 ./Libs/tinyusb/src/tusb.o
                0x0801245c                tu_edpt_stream_read
 *fill*         0x080124a2        0x2 
 .text.std      0x080124a4       0x6c C:/ST/STM32CubeIDE_1.19.0/STM32CubeIDE/plugins/com.st.stm32cube.ide.mcu.externaltools.gnu-tools-for-stm32.13.3.rel1.win32_1.0.0.202411081344/tools/bin/../lib/gcc/arm-none-eabi/13.3.1/../../../../arm-none-eabi/lib/thumb/v7e-m+fp/hard\libc_nano.a(libc_a-findfp.o)
 .text.stdio_exit_handler
                0x08012510       0x18 C:/ST/STM32CubeIDE_1.19.0/STM32CubeIDE/plugins/com.st.stm32cube.ide.mcu.externaltools.gnu-tools-for-stm32.13.3.rel1.win32_1.0.0.202411081344/tools/bin/../lib/gcc/arm-none-eabi/13.3.1/../../../../arm-none-eabi/lib/thumb/v7e-m+fp/hard\libc_nano.a(libc_a-findfp.o)
 .text.cleanup_stdio
                0x08012528       0x40 C:/ST/STM32CubeIDE_1.19.0/STM32CubeIDE/plugins/com.st.stm32cube.ide.mcu.externaltools.gnu-tools-for-stm32.13.3.rel1.win32_1.0.0.202411081344/tools/bin/../lib/gcc/arm-none-eabi/13.3.1/../../../../arm-none-eabi/lib/thumb/v7e-m+fp/hard\libc_nano.a(libc_a-findfp.o)
 .text.global_stdio_init.part.0
                0x08012568       0x3c C:/ST/STM32CubeIDE_1.19.0/STM32CubeIDE/plugins/com.st.stm32cube.ide.mcu.externaltools.gnu-tools-for-stm32.13.3.rel1.win32_1.0.0.202411081344/tools/bin/../lib/gcc/arm-none-eabi/13.3.1/../../../../arm-none-eabi/lib/thumb/v7e-m+fp/hard\libc_nano.a(libc_a-findfp.o)
 .text.__sfp_lock_acquire
                0x080125a4        0xc C:/ST/STM32CubeIDE_1.19.0/STM32CubeIDE/plugins/com.st.stm32cube.ide.mcu.externaltools.gnu-tools-for-stm32.13.3.rel1.win32_1.0.0.202411081344/tools/bin/../lib/gcc/arm-none-eabi/13.3.1/../../../../arm-none-eabi/lib/thumb/v7e-m+fp/hard\libc_nano.a(libc_a-findfp.o)
                0x080125a4                __sfp_lock_acquire
 .text.__sfp_lock_release
                0x080125b0        0xc C:/ST/STM32CubeIDE_1.19.0/STM32CubeIDE/plugins/com.st.stm32cube.ide.mcu.externaltools.gnu-tools-for-stm32.13.3.rel1.win32_1.0.0.202411081344/tools/bin/../lib/gcc/arm-none-eabi/13.3.1/../../../../arm-none-eabi/lib/thumb/v7e-m+fp/hard\libc_nano.a(libc_a-findfp.o)
                0x080125b0                __sfp_lock_release
 .text.__sinit  0x080125bc       0x30 C:/ST/STM32CubeIDE_1.19.0/STM32CubeIDE/plugins/com.st.stm32cube.ide.mcu.externaltools.gnu-tools-for-stm32.13.3.rel1.win32_1.0.0.202411081344/tools/bin/../lib/gcc/arm-none-eabi/13.3.1/../../../../arm-none-eabi/lib/thumb/v7e-m+fp/hard\libc_nano.a(libc_a-findfp.o)
                0x080125bc                __sinit
 .text._fwalk_sglue
                0x080125ec       0x3c C:/ST/STM32CubeIDE_1.19.0/STM32CubeIDE/plugins/com.st.stm32cube.ide.mcu.externaltools.gnu-tools-for-stm32.13.3.rel1.win32_1.0.0.202411081344/tools/bin/../lib/gcc/arm-none-eabi/13.3.1/../../../../arm-none-eabi/lib/thumb/v7e-m+fp/hard\libc_nano.a(libc_a-fwalk.o)
                0x080125ec                _fwalk_sglue
 .text.printf   0x08012628       0x24 C:/ST/STM32CubeIDE_1.19.0/STM32CubeIDE/plugins/com.st.stm32cube.ide.mcu.externaltools.gnu-tools-for-stm32.13.3.rel1.win32_1.0.0.202411081344/tools/bin/../lib/gcc/arm-none-eabi/13.3.1/../../../../arm-none-eabi/lib/thumb/v7e-m+fp/hard\libc_nano.a(libc_a-printf.o)
                0x08012628                iprintf
                0x08012628                printf
 .text._puts_r  0x0801264c       0xaa C:/ST/STM32CubeIDE_1.19.0/STM32CubeIDE/plugins/com.st.stm32cube.ide.mcu.externaltools.gnu-tools-for-stm32.13.3.rel1.win32_1.0.0.202411081344/tools/bin/../lib/gcc/arm-none-eabi/13.3.1/../../../../arm-none-eabi/lib/thumb/v7e-m+fp/hard\libc_nano.a(libc_a-puts.o)
                0x0801264c                _puts_r
 *fill*         0x080126f6        0x2 
 .text.puts     0x080126f8       0x10 C:/ST/STM32CubeIDE_1.19.0/STM32CubeIDE/plugins/com.st.stm32cube.ide.mcu.externaltools.gnu-tools-for-stm32.13.3.rel1.win32_1.0.0.202411081344/tools/bin/../lib/gcc/arm-none-eabi/13.3.1/../../../../arm-none-eabi/lib/thumb/v7e-m+fp/hard\libc_nano.a(libc_a-puts.o)
                0x080126f8                puts
 .text.__sread  0x08012708       0x22 C:/ST/STM32CubeIDE_1.19.0/STM32CubeIDE/plugins/com.st.stm32cube.ide.mcu.externaltools.gnu-tools-for-stm32.13.3.rel1.win32_1.0.0.202411081344/tools/bin/../lib/gcc/arm-none-eabi/13.3.1/../../../../arm-none-eabi/lib/thumb/v7e-m+fp/hard\libc_nano.a(libc_a-stdio.o)
                0x08012708                __sread
 .text.__swrite
                0x0801272a       0x38 C:/ST/STM32CubeIDE_1.19.0/STM32CubeIDE/plugins/com.st.stm32cube.ide.mcu.externaltools.gnu-tools-for-stm32.13.3.rel1.win32_1.0.0.202411081344/tools/bin/../lib/gcc/arm-none-eabi/13.3.1/../../../../arm-none-eabi/lib/thumb/v7e-m+fp/hard\libc_nano.a(libc_a-stdio.o)
                0x0801272a                __swrite
 .text.__sseek  0x08012762       0x24 C:/ST/STM32CubeIDE_1.19.0/STM32CubeIDE/plugins/com.st.stm32cube.ide.mcu.externaltools.gnu-tools-for-stm32.13.3.rel1.win32_1.0.0.202411081344/tools/bin/../lib/gcc/arm-none-eabi/13.3.1/../../../../arm-none-eabi/lib/thumb/v7e-m+fp/hard\libc_nano.a(libc_a-stdio.o)
                0x08012762                __sseek
 .text.__sclose
                0x08012786        0x8 C:/ST/STM32CubeIDE_1.19.0/STM32CubeIDE/plugins/com.st.stm32cube.ide.mcu.externaltools.gnu-tools-for-stm32.13.3.rel1.win32_1.0.0.202411081344/tools/bin/../lib/gcc/arm-none-eabi/13.3.1/../../../../arm-none-eabi/lib/thumb/v7e-m+fp/hard\libc_nano.a(libc_a-stdio.o)
                0x08012786                __sclose
 .text.__swbuf_r
                0x0801278e       0x7c C:/ST/STM32CubeIDE_1.19.0/STM32CubeIDE/plugins/com.st.stm32cube.ide.mcu.externaltools.gnu-tools-for-stm32.13.3.rel1.win32_1.0.0.202411081344/tools/bin/../lib/gcc/arm-none-eabi/13.3.1/../../../../arm-none-eabi/lib/thumb/v7e-m+fp/hard\libc_nano.a(libc_a-wbuf.o)
                0x0801278e                __swbuf_r
 *fill*         0x0801280a        0x2 
 .text.__swsetup_r
                0x0801280c       0xac C:/ST/STM32CubeIDE_1.19.0/STM32CubeIDE/plugins/com.st.stm32cube.ide.mcu.externaltools.gnu-tools-for-stm32.13.3.rel1.win32_1.0.0.202411081344/tools/bin/../lib/gcc/arm-none-eabi/13.3.1/../../../../arm-none-eabi/lib/thumb/v7e-m+fp/hard\libc_nano.a(libc_a-wsetup.o)
                0x0801280c                __swsetup_r
 .text.memmove  0x080128b8       0x34 C:/ST/STM32CubeIDE_1.19.0/STM32CubeIDE/plugins/com.st.stm32cube.ide.mcu.externaltools.gnu-tools-for-stm32.13.3.rel1.win32_1.0.0.202411081344/tools/bin/../lib/gcc/arm-none-eabi/13.3.1/../../../../arm-none-eabi/lib/thumb/v7e-m+fp/hard\libc_nano.a(libc_a-memmove.o)
                0x080128b8                memmove
 .text.memset   0x080128ec       0x10 C:/ST/STM32CubeIDE_1.19.0/STM32CubeIDE/plugins/com.st.stm32cube.ide.mcu.externaltools.gnu-tools-for-stm32.13.3.rel1.win32_1.0.0.202411081344/tools/bin/../lib/gcc/arm-none-eabi/13.3.1/../../../../arm-none-eabi/lib/thumb/v7e-m+fp/hard\libc_nano.a(libc_a-memset.o)
                0x080128ec                memset
 .text._close_r
                0x080128fc       0x20 C:/ST/STM32CubeIDE_1.19.0/STM32CubeIDE/plugins/com.st.stm32cube.ide.mcu.externaltools.gnu-tools-for-stm32.13.3.rel1.win32_1.0.0.202411081344/tools/bin/../lib/gcc/arm-none-eabi/13.3.1/../../../../arm-none-eabi/lib/thumb/v7e-m+fp/hard\libc_nano.a(libc_a-closer.o)
                0x080128fc                _close_r
 .text._lseek_r
                0x0801291c       0x24 C:/ST/STM32CubeIDE_1.19.0/STM32CubeIDE/plugins/com.st.stm32cube.ide.mcu.externaltools.gnu-tools-for-stm32.13.3.rel1.win32_1.0.0.202411081344/tools/bin/../lib/gcc/arm-none-eabi/13.3.1/../../../../arm-none-eabi/lib/thumb/v7e-m+fp/hard\libc_nano.a(libc_a-lseekr.o)
                0x0801291c                _lseek_r
 .text._read_r  0x08012940       0x24 C:/ST/STM32CubeIDE_1.19.0/STM32CubeIDE/plugins/com.st.stm32cube.ide.mcu.externaltools.gnu-tools-for-stm32.13.3.rel1.win32_1.0.0.202411081344/tools/bin/../lib/gcc/arm-none-eabi/13.3.1/../../../../arm-none-eabi/lib/thumb/v7e-m+fp/hard\libc_nano.a(libc_a-readr.o)
                0x08012940                _read_r
 .text._write_r
                0x08012964       0x24 C:/ST/STM32CubeIDE_1.19.0/STM32CubeIDE/plugins/com.st.stm32cube.ide.mcu.externaltools.gnu-tools-for-stm32.13.3.rel1.win32_1.0.0.202411081344/tools/bin/../lib/gcc/arm-none-eabi/13.3.1/../../../../arm-none-eabi/lib/thumb/v7e-m+fp/hard\libc_nano.a(libc_a-writer.o)
                0x08012964                _write_r
 .text.__errno  0x08012988        0xc C:/ST/STM32CubeIDE_1.19.0/STM32CubeIDE/plugins/com.st.stm32cube.ide.mcu.externaltools.gnu-tools-for-stm32.13.3.rel1.win32_1.0.0.202411081344/tools/bin/../lib/gcc/arm-none-eabi/13.3.1/../../../../arm-none-eabi/lib/thumb/v7e-m+fp/hard\libc_nano.a(libc_a-errno.o)
                0x08012988                __errno
 .text.__libc_init_array
                0x08012994       0x48 C:/ST/STM32CubeIDE_1.19.0/STM32CubeIDE/plugins/com.st.stm32cube.ide.mcu.externaltools.gnu-tools-for-stm32.13.3.rel1.win32_1.0.0.202411081344/tools/bin/../lib/gcc/arm-none-eabi/13.3.1/../../../../arm-none-eabi/lib/thumb/v7e-m+fp/hard\libc_nano.a(libc_a-init.o)
                0x08012994                __libc_init_array
 .text.__retarget_lock_init_recursive
                0x080129dc        0x2 C:/ST/STM32CubeIDE_1.19.0/STM32CubeIDE/plugins/com.st.stm32cube.ide.mcu.externaltools.gnu-tools-for-stm32.13.3.rel1.win32_1.0.0.202411081344/tools/bin/../lib/gcc/arm-none-eabi/13.3.1/../../../../arm-none-eabi/lib/thumb/v7e-m+fp/hard\libc_nano.a(libc_a-lock.o)
                0x080129dc                __retarget_lock_init_recursive
 .text.__retarget_lock_acquire_recursive
                0x080129de        0x2 C:/ST/STM32CubeIDE_1.19.0/STM32CubeIDE/plugins/com.st.stm32cube.ide.mcu.externaltools.gnu-tools-for-stm32.13.3.rel1.win32_1.0.0.202411081344/tools/bin/../lib/gcc/arm-none-eabi/13.3.1/../../../../arm-none-eabi/lib/thumb/v7e-m+fp/hard\libc_nano.a(libc_a-lock.o)
                0x080129de                __retarget_lock_acquire_recursive
 .text.__retarget_lock_release_recursive
                0x080129e0        0x2 C:/ST/STM32CubeIDE_1.19.0/STM32CubeIDE/plugins/com.st.stm32cube.ide.mcu.externaltools.gnu-tools-for-stm32.13.3.rel1.win32_1.0.0.202411081344/tools/bin/../lib/gcc/arm-none-eabi/13.3.1/../../../../arm-none-eabi/lib/thumb/v7e-m+fp/hard\libc_nano.a(libc_a-lock.o)
                0x080129e0                __retarget_lock_release_recursive
 .text.memcpy   0x080129e2       0x1c C:/ST/STM32CubeIDE_1.19.0/STM32CubeIDE/plugins/com.st.stm32cube.ide.mcu.externaltools.gnu-tools-for-stm32.13.3.rel1.win32_1.0.0.202411081344/tools/bin/../lib/gcc/arm-none-eabi/13.3.1/../../../../arm-none-eabi/lib/thumb/v7e-m+fp/hard\libc_nano.a(libc_a-memcpy-stub.o)
                0x080129e2                memcpy
 *fill*         0x080129fe        0x2 
 .text._free_r  0x08012a00       0x94 C:/ST/STM32CubeIDE_1.19.0/STM32CubeIDE/plugins/com.st.stm32cube.ide.mcu.externaltools.gnu-tools-for-stm32.13.3.rel1.win32_1.0.0.202411081344/tools/bin/../lib/gcc/arm-none-eabi/13.3.1/../../../../arm-none-eabi/lib/thumb/v7e-m+fp/hard\libc_nano.a(libc_a-freer.o)
                0x08012a00                _free_r
 .text.sbrk_aligned
                0x08012a94       0x44 C:/ST/STM32CubeIDE_1.19.0/STM32CubeIDE/plugins/com.st.stm32cube.ide.mcu.externaltools.gnu-tools-for-stm32.13.3.rel1.win32_1.0.0.202411081344/tools/bin/../lib/gcc/arm-none-eabi/13.3.1/../../../../arm-none-eabi/lib/thumb/v7e-m+fp/hard\libc_nano.a(libc_a-mallocr.o)
 .text._malloc_r
                0x08012ad8      0x100 C:/ST/STM32CubeIDE_1.19.0/STM32CubeIDE/plugins/com.st.stm32cube.ide.mcu.externaltools.gnu-tools-for-stm32.13.3.rel1.win32_1.0.0.202411081344/tools/bin/../lib/gcc/arm-none-eabi/13.3.1/../../../../arm-none-eabi/lib/thumb/v7e-m+fp/hard\libc_nano.a(libc_a-mallocr.o)
                0x08012ad8                _malloc_r
 .text.__malloc_lock
                0x08012bd8        0xc C:/ST/STM32CubeIDE_1.19.0/STM32CubeIDE/plugins/com.st.stm32cube.ide.mcu.externaltools.gnu-tools-for-stm32.13.3.rel1.win32_1.0.0.202411081344/tools/bin/../lib/gcc/arm-none-eabi/13.3.1/../../../../arm-none-eabi/lib/thumb/v7e-m+fp/hard\libc_nano.a(libc_a-mlock.o)
                0x08012bd8                __malloc_lock
 .text.__malloc_unlock
                0x08012be4        0xc C:/ST/STM32CubeIDE_1.19.0/STM32CubeIDE/plugins/com.st.stm32cube.ide.mcu.externaltools.gnu-tools-for-stm32.13.3.rel1.win32_1.0.0.202411081344/tools/bin/../lib/gcc/arm-none-eabi/13.3.1/../../../../arm-none-eabi/lib/thumb/v7e-m+fp/hard\libc_nano.a(libc_a-mlock.o)
                0x08012be4                __malloc_unlock
 .text.__sfputc_r
                0x08012bf0       0x2e C:/ST/STM32CubeIDE_1.19.0/STM32CubeIDE/plugins/com.st.stm32cube.ide.mcu.externaltools.gnu-tools-for-stm32.13.3.rel1.win32_1.0.0.202411081344/tools/bin/../lib/gcc/arm-none-eabi/13.3.1/../../../../arm-none-eabi/lib/thumb/v7e-m+fp/hard\libc_nano.a(libc_a-nano-vfprintf.o)
 .text.__sfputs_r
                0x08012c1e       0x24 C:/ST/STM32CubeIDE_1.19.0/STM32CubeIDE/plugins/com.st.stm32cube.ide.mcu.externaltools.gnu-tools-for-stm32.13.3.rel1.win32_1.0.0.202411081344/tools/bin/../lib/gcc/arm-none-eabi/13.3.1/../../../../arm-none-eabi/lib/thumb/v7e-m+fp/hard\libc_nano.a(libc_a-nano-vfprintf.o)
                0x08012c1e                __sfputs_r
 *fill*         0x08012c42        0x2 
 .text._vfprintf_r
                0x08012c44      0x230 C:/ST/STM32CubeIDE_1.19.0/STM32CubeIDE/plugins/com.st.stm32cube.ide.mcu.externaltools.gnu-tools-for-stm32.13.3.rel1.win32_1.0.0.202411081344/tools/bin/../lib/gcc/arm-none-eabi/13.3.1/../../../../arm-none-eabi/lib/thumb/v7e-m+fp/hard\libc_nano.a(libc_a-nano-vfprintf.o)
                0x08012c44                _vfprintf_r
                0x08012c44                _vfiprintf_r
 .text._printf_common
                0x08012e74       0xda C:/ST/STM32CubeIDE_1.19.0/STM32CubeIDE/plugins/com.st.stm32cube.ide.mcu.externaltools.gnu-tools-for-stm32.13.3.rel1.win32_1.0.0.202411081344/tools/bin/../lib/gcc/arm-none-eabi/13.3.1/../../../../arm-none-eabi/lib/thumb/v7e-m+fp/hard\libc_nano.a(libc_a-nano-vfprintf_i.o)
                0x08012e74                _printf_common
 *fill*         0x08012f4e        0x2 
 .text._printf_i
                0x08012f50      0x23c C:/ST/STM32CubeIDE_1.19.0/STM32CubeIDE/plugins/com.st.stm32cube.ide.mcu.externaltools.gnu-tools-for-stm32.13.3.rel1.win32_1.0.0.202411081344/tools/bin/../lib/gcc/arm-none-eabi/13.3.1/../../../../arm-none-eabi/lib/thumb/v7e-m+fp/hard\libc_nano.a(libc_a-nano-vfprintf_i.o)
                0x08012f50                _printf_i
 .text.__sflush_r