../Drivers/CMSIS/Include/core_cm4.h:1684:22:__NVIC_EnableIRQ	16	static,ignoring_inline_asm
../Drivers/CMSIS/Include/core_cm4.h:1722:22:__NVIC_DisableIRQ	16	static,ignoring_inline_asm
../Libs/tinyusb/src/portable/synopsys/dwc2/dcd_dwc2.c:123:13:dma_setup_prepare	32	static
../Libs/tinyusb/src/portable/synopsys/dwc2/dcd_dwc2.c:189:13:dfifo_alloc	72	static,ignoring_inline_asm
../Libs/tinyusb/src/portable/synopsys/dwc2/dcd_dwc2.c:237:13:dfifo_device_init	40	static
../Libs/tinyusb/src/portable/synopsys/dwc2/dcd_dwc2.c:258:13:edpt_activate	48	static
../Libs/tinyusb/src/portable/synopsys/dwc2/dcd_dwc2.c:290:13:edpt_disable	56	static
../Libs/tinyusb/src/portable/synopsys/dwc2/dcd_dwc2.c:342:17:epin_write_tx_fifo	56	static
../Libs/tinyusb/src/portable/synopsys/dwc2/dcd_dwc2.c:379:13:edpt_schedule_packets	80	static
../Libs/tinyusb/src/portable/synopsys/dwc2/dcd_dwc2.c:449:6:dcd_init	56	static,ignoring_inline_asm
../Libs/tinyusb/src/portable/synopsys/dwc2/dcd_dwc2.c:505:6:dcd_int_enable	24	static
../Libs/tinyusb/src/portable/synopsys/dwc2/dcd_dwc2.c:509:6:dcd_int_disable	24	static
../Libs/tinyusb/src/portable/synopsys/dwc2/dcd_dwc2.c:513:6:dcd_set_address	32	static
../Libs/tinyusb/src/portable/synopsys/dwc2/dcd_dwc2.c:521:6:dcd_remote_wakeup	32	static,ignoring_inline_asm
../Libs/tinyusb/src/portable/synopsys/dwc2/dcd_dwc2.c:539:6:dcd_connect	24	static
../Libs/tinyusb/src/portable/synopsys/dwc2/dcd_dwc2.c:556:6:dcd_disconnect	24	static
../Libs/tinyusb/src/portable/synopsys/dwc2/dcd_dwc2.c:574:6:dcd_sof_enable	24	static
../Libs/tinyusb/src/portable/synopsys/dwc2/dcd_dwc2.c:592:6:dcd_edpt_open	24	static,ignoring_inline_asm
../Libs/tinyusb/src/portable/synopsys/dwc2/dcd_dwc2.c:599:6:dcd_edpt_close_all	56	static
../Libs/tinyusb/src/portable/synopsys/dwc2/dcd_dwc2.c:627:6:dcd_edpt_iso_alloc	24	static,ignoring_inline_asm
../Libs/tinyusb/src/portable/synopsys/dwc2/dcd_dwc2.c:632:6:dcd_edpt_iso_activate	16	static
../Libs/tinyusb/src/portable/synopsys/dwc2/dcd_dwc2.c:639:6:dcd_edpt_xfer	32	static
../Libs/tinyusb/src/portable/synopsys/dwc2/dcd_dwc2.c:675:6:dcd_edpt_xfer_fifo	32	static,ignoring_inline_asm
../Libs/tinyusb/src/portable/synopsys/dwc2/dcd_dwc2.c:706:6:dcd_edpt_stall	32	static
../Libs/tinyusb/src/portable/synopsys/dwc2/dcd_dwc2.c:718:6:dcd_edpt_clear_stall	32	static
../Libs/tinyusb/src/portable/synopsys/dwc2/dcd_dwc2.c:735:13:handle_bus_reset	72	static
../Libs/tinyusb/src/portable/synopsys/dwc2/dcd_dwc2.c:799:13:handle_enum_done	48	static
../Libs/tinyusb/src/portable/synopsys/dwc2/dcd_dwc2.c:843:13:handle_rxflvl_irq	56	static
../Libs/tinyusb/src/portable/synopsys/dwc2/dcd_dwc2.c:909:13:handle_epout_slave	72	static
../Libs/tinyusb/src/portable/synopsys/dwc2/dcd_dwc2.c:937:13:handle_epin_slave	64	static
../Libs/tinyusb/src/portable/synopsys/dwc2/dcd_dwc2.c:1029:13:handle_ep_irq	72	static
../Libs/tinyusb/src/portable/synopsys/dwc2/dcd_dwc2.c:1071:13:handle_incomplete_iso_in	96	static
../Libs/tinyusb/src/portable/synopsys/dwc2/dcd_dwc2.c:1120:6:dcd_int_handler	104	static
