../Libs/tinyusb/src/device/usbd.c:48:19:tud_event_hook_cb	16	static
../Libs/tinyusb/src/device/usbd.c:52:19:tud_sof_cb	16	static
../Libs/tinyusb/src/device/usbd.c:56:29:tud_descriptor_bos_cb	4	static
../Libs/tinyusb/src/device/usbd.c:60:29:tud_descriptor_device_qualifier_cb	4	static
../Libs/tinyusb/src/device/usbd.c:64:29:tud_descriptor_other_speed_configuration_cb	16	static
../Libs/tinyusb/src/device/usbd.c:69:19:tud_mount_cb	4	static
../Libs/tinyusb/src/device/usbd.c:72:19:tud_umount_cb	4	static
../Libs/tinyusb/src/device/usbd.c:75:19:tud_suspend_cb	16	static
../Libs/tinyusb/src/device/usbd.c:79:19:tud_resume_cb	4	static
../Libs/tinyusb/src/device/usbd.c:82:19:tud_vendor_control_xfer_cb	16	static
../Libs/tinyusb/src/device/usbd.c:87:19:dcd_deinit	16	static
../Libs/tinyusb/src/device/usbd.c:92:19:dcd_connect	16	static
../Libs/tinyusb/src/device/usbd.c:96:19:dcd_disconnect	16	static
../Libs/tinyusb/src/device/usbd.c:100:19:dcd_dcache_clean	16	static
../Libs/tinyusb/src/device/usbd.c:105:19:dcd_dcache_invalidate	16	static
../Libs/tinyusb/src/device/usbd.c:110:19:dcd_dcache_clean_invalidate	16	static
../Libs/tinyusb/src/device/usbd.c:419:41:usbd_app_driver_get_cb	16	static
../Libs/tinyusb/src/device/usbd.c:424:19:dcd_edpt_xfer_fifo	16	static
../Libs/tinyusb/src/device/usbd.c:461:14:tud_speed_get	4	static
../Libs/tinyusb/src/device/usbd.c:465:6:tud_connected	4	static
../Libs/tinyusb/src/device/usbd.c:469:6:tud_mounted	4	static
../Libs/tinyusb/src/device/usbd.c:473:6:tud_suspended	4	static
../Libs/tinyusb/src/device/usbd.c:477:6:tud_remote_wakeup	8	static
../Libs/tinyusb/src/device/usbd.c:484:6:tud_disconnect	8	static
../Libs/tinyusb/src/device/usbd.c:489:6:tud_connect	8	static
../Libs/tinyusb/src/device/usbd.c:494:6:tud_sof_cb_enable	16	static
../Libs/tinyusb/src/device/usbd.c:501:6:tud_inited	4	static
../Libs/tinyusb/src/device/usbd.c:505:6:tud_rhport_init	64	static,ignoring_inline_asm
../Libs/tinyusb/src/device/usbd.c:571:6:tud_deinit	40	static
../Libs/tinyusb/src/device/usbd.c:606:13:configuration_reset	40	static,ignoring_inline_asm
../Libs/tinyusb/src/device/usbd.c:618:13:usbd_reset	16	static
../Libs/tinyusb/src/device/usbd.c:623:6:tud_task_event_ready	24	static
../Libs/tinyusb/src/device/usbd.c:642:6:tud_task_ext	88	static,ignoring_inline_asm
../Libs/tinyusb/src/device/usbd.c:778:13:invoke_class_control	24	static
../Libs/tinyusb/src/device/usbd.c:786:13:process_control_request	112	static,ignoring_inline_asm
../Libs/tinyusb/src/device/usbd.c:1037:13:process_set_config	96	static,ignoring_inline_asm
../Libs/tinyusb/src/device/usbd.c:1160:13:process_get_descriptor	88	static,ignoring_inline_asm
../Libs/tinyusb/src/device/usbd.c:1251:24:dcd_event_handler	160	static,ignoring_inline_asm
../Libs/tinyusb/src/device/usbd.c:1350:6:usbd_int_set	16	static
../Libs/tinyusb/src/device/usbd.c:1358:6:usbd_spin_lock	24	static
../Libs/tinyusb/src/device/usbd.c:1361:6:usbd_spin_unlock	24	static
../Libs/tinyusb/src/device/usbd.c:1366:6:usbd_open_edpt_pair	48	static,ignoring_inline_asm
../Libs/tinyusb/src/device/usbd.c:1390:6:usbd_defer_func	64	static,ignoring_inline_asm
../Libs/tinyusb/src/device/usbd.c:1405:6:usbd_edpt_open	32	static,ignoring_inline_asm
../Libs/tinyusb/src/device/usbd.c:1414:6:usbd_edpt_claim	32	static
../Libs/tinyusb/src/device/usbd.c:1427:6:usbd_edpt_release	32	static
../Libs/tinyusb/src/device/usbd.c:1437:6:usbd_edpt_xfer	40	static,ignoring_inline_asm
../Libs/tinyusb/src/device/usbd.c:1476:6:usbd_edpt_xfer_fifo	40	static,ignoring_inline_asm
../Libs/tinyusb/src/device/usbd.c:1513:6:usbd_edpt_busy	24	static
../Libs/tinyusb/src/device/usbd.c:1522:6:usbd_edpt_stall	24	static
../Libs/tinyusb/src/device/usbd.c:1535:6:usbd_edpt_clear_stall	24	static
../Libs/tinyusb/src/device/usbd.c:1548:6:usbd_edpt_stalled	24	static
../Libs/tinyusb/src/device/usbd.c:1561:6:usbd_edpt_close	16	static
../Libs/tinyusb/src/device/usbd.c:1582:6:usbd_sof_enable	24	static
../Libs/tinyusb/src/device/usbd.c:1599:6:usbd_edpt_iso_alloc	24	static,ignoring_inline_asm
../Libs/tinyusb/src/device/usbd.c:1611:6:usbd_edpt_iso_activate	32	static,ignoring_inline_asm
