../Core/Src/main.c:74:6:HAL_TIM_OC_DelayElapsedCallback	16	static
../Core/Src/main.c:80:6:HAL_GPIO_EXTI_Callback	16	static
../Core/Src/main.c:92:6:mod_change_watchdog	8	static
../Core/Src/main.c:102:6:cdc_task	96	static
../Core/Src/main.c:130:5:main	8	static
../Core/Src/main.c:186:6:SystemClock_Config	88	static
../Core/Src/main.c:232:13:MX_TIM11_Init	40	static
../Core/Src/main.c:277:13:MX_USART2_UART_Init	8	static
../Core/Src/main.c:310:13:MX_USB_OTG_FS_PCD_Init	8	static
../Core/Src/main.c:345:13:MX_GPIO_Init	48	static
../Core/Src/main.c:391:6:Error_Handler	4	static,ignoring_inline_asm
