../Core/Src/main.c:86:5:_write	24	static
../Core/Src/main.c:92:6:HAL_TIM_OC_DelayElapsedCallback	16	static
../Core/Src/main.c:98:6:HAL_GPIO_EXTI_Callback	16	static
../Core/Src/main.c:117:6:mod_change_watchdog	8	static
../Core/Src/main.c:127:6:cdc_task	24	static
../Core/Src/main.c:145:5:main	8	static
../Core/Src/main.c:220:6:SystemClock_Config	88	static
../Core/Src/main.c:263:13:MX_SDIO_SD_Init	8	static
../Core/Src/main.c:296:13:MX_TIM11_Init	40	static
../Core/Src/main.c:338:13:MX_USART2_UART_Init	8	static
../Core/Src/main.c:369:13:MX_USB_OTG_FS_PCD_Init	8	static
../Core/Src/main.c:400:13:MX_DMA_Init	16	static
../Core/Src/main.c:427:13:MX_GPIO_Init	48	static
../Core/Src/main.c:472:6:Error_Handler	4	static,ignoring_inline_asm
