../Core/Src/sd_io.c:35:6:SD_Init	40	static
../Core/Src/sd_io.c:51:6:SD_Buffer_Reset	8	static
../Core/Src/sd_io.c:61:6:SD_Test	280	static
../Core/Src/sd_io.c:95:6:HAL_SD_TxCpltCallback	16	static
../Core/Src/sd_io.c:100:6:HAL_SD_RxCpltCallback	16	static
../Core/Src/sd_io.c:105:6:HAL_SD_ErrorCallback	16	static
../Core/Src/sd_io.c:110:5:SD_Check_Card_State	8	static
../Core/Src/sd_io.c:126:5:SD_Check_State	8	static
../Core/Src/sd_io.c:141:5:SD_Write_DMA_Async	24	static
../Core/Src/sd_io.c:161:5:SD_Read_DMA_Async	24	static
