../Libs/tinyusb/src/class/cdc/cdc_device.c:86:19:tud_cdc_rx_cb	16	static
../Libs/tinyusb/src/class/cdc/cdc_device.c:90:19:tud_cdc_rx_wanted_cb	16	static
../Libs/tinyusb/src/class/cdc/cdc_device.c:95:19:tud_cdc_tx_complete_cb	16	static
../Libs/tinyusb/src/class/cdc/cdc_device.c:99:19:tud_cdc_notify_complete_cb	16	static
../Libs/tinyusb/src/class/cdc/cdc_device.c:103:19:tud_cdc_line_state_cb	16	static
../Libs/tinyusb/src/class/cdc/cdc_device.c:109:19:tud_cdc_line_coding_cb	16	static
../Libs/tinyusb/src/class/cdc/cdc_device.c:114:19:tud_cdc_send_break_cb	16	static
../Libs/tinyusb/src/class/cdc/cdc_device.c:139:6:tud_cdc_configure	16	static
../Libs/tinyusb/src/class/cdc/cdc_device.c:145:6:tud_cdc_n_ready	32	static
../Libs/tinyusb/src/class/cdc/cdc_device.c:155:6:tud_cdc_n_connected	32	static
../Libs/tinyusb/src/class/cdc/cdc_device.c:162:9:tud_cdc_n_get_line_state	16	static
../Libs/tinyusb/src/class/cdc/cdc_device.c:167:6:tud_cdc_n_get_line_coding	16	static
../Libs/tinyusb/src/class/cdc/cdc_device.c:192:6:tud_cdc_n_set_wanted_char	16	static
../Libs/tinyusb/src/class/cdc/cdc_device.c:200:10:tud_cdc_n_available	40	static
../Libs/tinyusb/src/class/cdc/cdc_device.c:205:10:tud_cdc_n_read	32	static
../Libs/tinyusb/src/class/cdc/cdc_device.c:211:6:tud_cdc_n_peek	24	static
../Libs/tinyusb/src/class/cdc/cdc_device.c:216:6:tud_cdc_n_read_flush	24	static
../Libs/tinyusb/src/class/cdc/cdc_device.c:226:10:tud_cdc_n_write	32	static
../Libs/tinyusb/src/class/cdc/cdc_device.c:232:10:tud_cdc_n_write_flush	24	static
../Libs/tinyusb/src/class/cdc/cdc_device.c:238:10:tud_cdc_n_write_available	24	static
../Libs/tinyusb/src/class/cdc/cdc_device.c:244:6:tud_cdc_n_write_clear	24	static
../Libs/tinyusb/src/class/cdc/cdc_device.c:253:6:cdcd_init	40	static
../Libs/tinyusb/src/class/cdc/cdc_device.c:284:6:cdcd_deinit	16	static
../Libs/tinyusb/src/class/cdc/cdc_device.c:293:6:cdcd_reset	32	static
../Libs/tinyusb/src/class/cdc/cdc_device.c:306:10:cdcd_open	200	static,ignoring_inline_asm
../Libs/tinyusb/src/class/cdc/cdc_device.c:382:6:cdcd_control_xfer_cb	48	static
../Libs/tinyusb/src/class/cdc/cdc_device.c:463:6:cdcd_xfer_cb	104	static,ignoring_inline_asm
